06-23 10:49:18.544 I/native  (19785): I0000 00:00:1782229758.544673   19785 android_resource_loader.cc:116] Loaded resource:homograph_classifier_model_resource
06-23 10:49:18.544 I/native  (19785): I0000 00:00:1782229758.544804   19785 data_source.cc:95] Opening data source "/data/user_de/0/com.google.android.tts/files/superpacks/en-us/en-us-x-multi-r83/lettuce_node_generator_params_embedded_us_runtime.pb" (as: FILE) ...
06-23 10:49:18.545 I/native  (19785): I0000 00:00:1782229758.545075   19785 data_source.cc:99] ... Opened data source "/data/user_de/0/com.google.android.tts/files/superpacks/en-us/en-us-x-multi-r83/lettuce_node_generator_params_embedded_us_runtime.pb" of size 2599
06-23 10:49:18.547 I/gralloc4(17946): @set_metadata: update dataspace from GM (0x00000000 -> 0x08010000)
06-23 10:49:18.555 I/net.osmand(17946): MapRenderRepositories Searching: 666 ms   (119 results found) {Loader map objects (synchronizer)}
06-23 10:49:18.564 I/gralloc4(17946): @set_metadata: update dataspace from GM (0x00000000 -> 0x08010000)
06-23 10:49:18.582 I/gralloc4(17946): @set_metadata: update dataspace from GM (0x00000000 -> 0x08010000)
06-23 10:49:18.594 I/gralloc4(17946): @set_metadata: update dataspace from GM (0x00000000 -> 0x08010000)
06-23 10:49:18.594 I/gralloc4( 2174): @set_metadata: update dataspace from GM (0x00000000 -> 0x08010000)
06-23 10:49:18.604 I/gralloc4( 2174): @set_metadata: update dataspace from GM (0x00000000 -> 0x08010000)
06-23 10:49:18.616 I/gralloc4( 2174): @set_metadata: update dataspace from GM (0x00000000 -> 0x08010000)
06-23 10:49:18.623 I/thermal_repeater( 1292): [recvMdThermalInfo] ret=5, strLen=127, ERROR
06-23 10:49:18.625 I/gralloc4( 2174): @set_metadata: update dataspace from GM (0x00000000 -> 0x08010000)
06-23 10:49:18.625 I/gralloc4(17946): @set_metadata: update dataspace from GM (0x00000000 -> 0x08010000)
06-23 10:49:18.630 I/gralloc4(17946): @set_metadata: update dataspace from GM (0x00000000 -> 0x08010000)
06-23 10:49:18.638 I/gralloc4( 2174): @set_metadata: update dataspace from GM (0x00000000 -> 0x08010000)
06-23 10:49:18.646 I/gralloc4( 2174): @set_metadata: update dataspace from GM (0x00000000 -> 0x08010000)
06-23 10:49:18.658 I/gralloc4( 2174): @set_metadata: update dataspace from GM (0x00000000 -> 0x08010000)
06-23 10:49:18.668 I/gralloc4( 2174): @set_metadata: update dataspace from GM (0x00000000 -> 0x08010000)
06-23 10:49:18.675 I/gralloc4(17946): @set_metadata: update dataspace from GM (0x00000000 -> 0x08010000)
06-23 10:49:18.679 I/gralloc4( 2174): @set_metadata: update dataspace from GM (0x00000000 -> 0x08010000)
06-23 10:49:18.690 I/gralloc4( 2174): @set_metadata: update dataspace from GM (0x00000000 -> 0x08010000)
06-23 10:49:18.703 I/gralloc4( 2174): @set_metadata: update dataspace from GM (0x00000000 -> 0x08010000)
06-23 10:49:18.714 I/gralloc4( 2174): @set_metadata: update dataspace from GM (0x00000000 -> 0x08010000)
06-23 10:49:18.722 I/gralloc4(17946): @set_metadata: update dataspace from GM (0x00000000 -> 0x08010000)
06-23 10:49:18.723 I/gralloc4( 2174): @set_metadata: update dataspace from GM (0x00000000 -> 0x08010000)
06-23 10:49:18.731 I/gralloc4(17946): @set_metadata: update dataspace from GM (0x00000000 -> 0x08010000)
06-23 10:49:18.737 I/gralloc4( 2174): @set_metadata: update dataspace from GM (0x00000000 -> 0x08010000)
06-23 10:49:18.747 I/gralloc4( 2174): @set_metadata: update dataspace from GM (0x00000000 -> 0x08010000)
06-23 10:49:18.755 I/gralloc4( 2174): @set_metadata: update dataspace from GM (0x00000000 -> 0x08010000)
06-23 10:49:18.763 I/gralloc4(17946): @set_metadata: update dataspace from GM (0x00000000 -> 0x08010000)
06-23 10:49:18.767 I/gralloc4( 2174): @set_metadata: update dataspace from GM (0x00000000 -> 0x08010000)
06-23 10:49:18.772 I/gralloc4(17946): @set_metadata: update dataspace from GM (0x00000000 -> 0x08010000)
06-23 10:49:18.779 I/gralloc4( 2174): @set_metadata: update dataspace from GM (0x00000000 -> 0x08010000)
06-23 10:49:18.790 I/gralloc4( 2174): @set_metadata: update dataspace from GM (0x00000000 -> 0x08010000)
06-23 10:49:18.797 I/gralloc4(17946): @set_metadata: update dataspace from GM (0x00000000 -> 0x08010000)
06-23 10:49:18.804 I/hwcomposer(  967): [HWCDisplay] [Display_0 (type:1)] fps:46.929676,dur:1001.50,max:121.21,min:9.68  
06-23 10:49:18.807 I/gralloc4(17946): @set_metadata: update dataspace from GM (0x00000000 -> 0x08010000)
06-23 10:49:18.828 I/gralloc4(17946): @set_metadata: update dataspace from GM (0x00000000 -> 0x08010000)
06-23 10:49:18.840 I/gralloc4(17946): @set_metadata: update dataspace from GM (0x00000000 -> 0x08010000)
06-23 10:49:18.846 I/net.osmand(17946): MapRenderRepositories true {Loader map objects (synchronizer)}
06-23 10:49:18.846 I/net.osmand(17946): MapRenderRepositories > 0.67 / 0.29 (0.03)s - search / render (text) (9065 points, 1231 points inside, 227 of 256 objects visible) {Loader map objects (synchronizer)}
06-23 10:49:18.859 I/gralloc4(17946): @set_metadata: update dataspace from GM (0x00000000 -> 0x08010000)
06-23 10:49:18.867 I/gralloc4(17946): @set_metadata: update dataspace from GM (0x00000000 -> 0x08010000)
06-23 10:49:18.885 I/gralloc4(17946): @set_metadata: update dataspace from GM (0x00000000 -> 0x08010000)
06-23 10:49:18.894 I/gralloc4(17946): @set_metadata: update dataspace from GM (0x00000000 -> 0x08010000)
06-23 10:49:18.897 I/System.out(17946): Loading points...  34,430 - 1719.36ms
06-23 10:49:18.910 I/gralloc4(17946): @set_metadata: update dataspace from GM (0x00000000 -> 0x08010000)
06-23 10:49:18.924 I/gralloc4(17946): @set_metadata: update dataspace from GM (0x00000000 -> 0x08010000)
06-23 10:49:18.945 I/gralloc4(17946): @set_metadata: update dataspace from GM (0x00000000 -> 0x08010000)
06-23 10:49:18.963 D/mnld    ( 1242): nmea_reader_update_time: nmea_reader_update_time: timestamp = 1782229758228, second = 1782229758000, msec = 228
06-23 10:49:18.963 W/mnld    ( 1242): nmea_reader_parse: unknown sentence 'GNVTG
06-23 10:49:18.963 D/mnld    ( 1242): nmea_reader_parse: receive PMTKAGC command, agc: 4
06-23 10:49:18.963 W/mnld    ( 1242): nmea_reader_parse: unknown sentence 'PMTKTSX1
06-23 10:49:18.964 D/mnld    ( 1242): nmea_reader_parse: et_mnl_report_mnld = 133853869, tick_in_dsp = 4754273, et_mnl_receive_tick = 133853793, et_at_dsp =0
06-23 10:49:18.964 W/mnld    ( 1242): nmea_reader_parse: unknown sentence 'PMTKMPE1
06-23 10:49:18.964 W/mnld    ( 1242): nmea_reader_parse: unknown sentence 'PMTKMPE2
06-23 10:49:18.964 W/mnld    ( 1242): nmea_reader_parse: unknown sentence 'PMTKLCPOS1
06-23 10:49:18.964 W/mnld    ( 1242): nmea_reader_parse: unknown sentence 'PMTKLCPOS2
06-23 10:49:18.964 D/mtk_lbs_utility( 1242): start_timer_check_ret: start_timer_check_ret ret=0
06-23 10:49:18.964 D/MNLD    ( 1242): mnld_gps_controller_mnl_nmea_timeout: mnld_gps_controller_mnl_nmea_timeout start_timer return: 0
06-23 10:49:18.964 D/mtk_lbs_utility( 1242): stop_timer_check_ret: stop_timer_check_ret ret=0
06-23 10:49:18.965 I/gralloc4(17946): @set_metadata: update dataspace from GM (0x00000000 -> 0x08010000)
06-23 10:49:18.971 I/gralloc4(17946): @set_metadata: update dataspace from GM (0x00000000 -> 0x08010000)
06-23 10:49:18.996 I/gralloc4(17946): @set_metadata: update dataspace from GM (0x00000000 -> 0x08010000)
06-23 10:49:19.006 I/gralloc4(17946): @set_metadata: update dataspace from GM (0x00000000 -> 0x08010000)
06-23 10:49:19.032 I/gralloc4(17946): @set_metadata: update dataspace from GM (0x00000000 -> 0x08010000)
06-23 10:49:19.056 I/gralloc4(17946): @set_metadata: update dataspace from GM (0x00000000 -> 0x08010000)
06-23 10:49:19.065 I/gralloc4(17946): @set_metadata: update dataspace from GM (0x00000000 -> 0x08010000)
06-23 10:49:19.081 I/gralloc4(17946): @set_metadata: update dataspace from GM (0x00000000 -> 0x08010000)
06-23 10:49:19.089 I/gralloc4(17946): @set_metadata: update dataspace from GM (0x00000000 -> 0x08010000)
06-23 10:49:19.117 I/gralloc4(17946): @set_metadata: update dataspace from GM (0x00000000 -> 0x08010000)
06-23 10:49:19.128 I/gralloc4(17946): @set_metadata: update dataspace from GM (0x00000000 -> 0x08010000)
06-23 10:49:19.150 I/gralloc4(17946): @set_metadata: update dataspace from GM (0x00000000 -> 0x08010000)
06-23 10:49:19.159 I/gralloc4(17946): @set_metadata: update dataspace from GM (0x00000000 -> 0x08010000)
06-23 10:49:19.176 I/gralloc4(17946): @set_metadata: update dataspace from GM (0x00000000 -> 0x08010000)
06-23 10:49:19.204 I/gralloc4(17946): @set_metadata: update dataspace from GM (0x00000000 -> 0x08010000)
06-23 10:49:19.215 I/gralloc4(17946): @set_metadata: update dataspace from GM (0x00000000 -> 0x08010000)
06-23 10:49:19.218 D/EnhancedConnectivityController( 1780): Wifi onCapabilitiesChanged
06-23 10:49:19.218 D/EnhancedConnectivityController( 1780): Default net onCapabilitiesChanged
06-23 10:49:19.218 D/EnhancedConnectivityController( 1780): updateDefaultNet:101
06-23 10:49:19.218 D/EnhancedConnectivityController( 1780): mayUpdateNotification: shouldShow=false,UidsBlocked=false, net info=net:101,ifName=wlan0,securityType=4,isDefault=true,ssid="crazy",notificationId=0
06-23 10:49:19.228 I/NullBinder( 2744): NullBinder for android.net.action.RECOMMEND_NETWORKS triggering remote TransactionTooLargeException due to Service without Chimera impl, calling uid: 1000, calling pid: 0
06-23 10:49:19.228 I/ModemStats( 3496): [DataStallDetectService] onCapabilitiesChanged networkCapabilities=[ Transports: WIFI Capabilities: NOT_METERED&INTERNET&NOT_RESTRICTED&TRUSTED&NOT_VPN&VALIDATED&NOT_ROAMING&FOREGROUND&NOT_CONGESTED&NOT_SUSPENDED&NOT_VCN_MANAGED LinkUpBandwidth>=12000Kbps LinkDnBandwidth>=60000Kbps TransportInfo: <SSID: <unknown ssid>, BSSID: 02:00:00:00:00:00, MAC: 02:00:00:00:00:00, IP: /192.168.1.139, Security type: 4, Supplicant state: COMPLETED, Wi-Fi standard: 11ac, RSSI: -60, Link speed: 351Mbps, Tx Link speed: 351Mbps, Max Supported Tx Link speed: 433Mbps, Calculated Tx : 0Mbps, Rx Link speed: 6Mbps, Max Supported Rx Link speed: 433Mbps, Calculated Rx : 0Mbps, Frequency: 5805MHz, Net ID: -1, Metered hint: false, score: 100, isUsable: true, CarrierMerged: false, SubscriptionId: -1, IsPrimary: -1, Trusted: true, Restricted: false, Ephemeral: false, OEM paid: false, OEM private: false, OSU AP: false, FQDN: <none>, Provider friendly name: <none>, Requesting package name: <none><none>MLO Information: , Is TID-To-Link negotiation supported by the AP: false, AP MLD Address: <none>, AP MLO Link Id: <none>, AP MLO Affiliated links: <none>, Vendor Data: <none>> SignalStrength: -60 UnderlyingNetworks: Null]
06-23 10:49:19.228 I/ModemStats( 3496): [DataStallDetectService] onCapabilitiesChanged NET_CAPABILITY_VALIDATED=true
06-23 10:49:19.228 I/ModemStats( 3496): [DataStallDetectService] onCapabilitiesChanged mDataStallManager.mDataStallInstance=null
06-23 10:49:19.228 I/ModemStats( 3496): [DataStallDetectService] onCapabilitiesChanged mDataStallSmart5gManager.mDataStallInstance=null
06-23 10:49:19.229 D/android.hardware.wifi@1.0-service-lazy( 2125): WifiRequest::create vendor command to iface 37, vendor_id=0x1a11, subcmd=0x0002, res=0
06-23 10:49:19.229 D/WifiHAL ( 2125): In GetFeatureSetCommand::handleResponse for 5
06-23 10:49:19.229 D/WifiHAL ( 2125): vendor_id = 0x0, subcmd = 0x0
06-23 10:49:19.229 I/WifiHAL ( 2125): feature_set=0x8488141a
06-23 10:49:19.230 W/Binder  ( 2744): reply too large data on java level: InterfaceDescriptor = null, code = 1
06-23 10:49:19.231 W/.gms.persistent( 2744): Large reply transaction of 1056768 bytes, interface descriptor , code 1
06-23 10:49:19.232 D/AgpsApn ( 1780): mDefaultNetworkcallback onCapabilitiesChanged: network=101, nc=[ Transports: WIFI Capabilities: NOT_METERED&INTERNET&NOT_RESTRICTED&TRUSTED&NOT_VPN&VALIDATED&NOT_ROAMING&FOREGROUND&NOT_CONGESTED&NOT_SUSPENDED&NOT_VCN_MANAGED LinkUpBandwidth>=12000Kbps LinkDnBandwidth>=60000Kbps TransportInfo: <SSID: <unknown ssid>, BSSID: 02:00:00:00:00:00, MAC: 02:00:00:00:00:00, IP: /192.168.1.139, Security type: 4, Supplicant state: COMPLETED, Wi-Fi standard: 11ac, RSSI: -60, Link speed: 351Mbps, Tx Link speed: 351Mbps, Max Supported Tx Link speed: 433Mbps, Calculated Tx : 0Mbps, Rx Link speed: 6Mbps, Max Supported Rx Link speed: 433Mbps, Calculated Rx : 0Mbps, Frequency: 5805MHz, Net ID: -1, Metered hint: false, score: 100, isUsable: true, CarrierMerged: false, SubscriptionId: -1, IsPrimary: 1, Trusted: true, Restricted: false, Ephemeral: false, OEM paid: false, OEM private: false, OSU AP: false, FQDN: <none>, Provider friendly name: <none>, Requesting package name: <none><none>MLO Information: , Is TID-To-Link negotiation supported by the AP: false, AP MLD Address: <none>, AP MLO Link Id: <none>, AP MLO Affiliated links: <none>, Vendor Data: <none>> SignalStrength: -60 AdminUids: [10300] SSID: "crazy" UnderlyingNetworks: Null]
06-23 10:49:19.232 D/AgpsApn ( 1780): onCapabilitiesChanged: mDefaultNetHasInt=true
06-23 10:49:19.233 I/HalDevMgr( 1780): bestIfaceCreationProposal is null, requestIface=STA, existingIface=[name=wlan0 type=STA]
06-23 10:49:19.238 I/MagicTether( 2744): (REDACTED) [ActiveNetworkTracker] setActiveNetwork: %s
06-23 10:49:19.238 I/MagicTether( 2744): (REDACTED) [TetherService] onActiveNetworkChanged: network=%s isLost=%s
06-23 10:49:19.238 I/gralloc4(17946): @set_metadata: update dataspace from GM (0x00000000 -> 0x08010000)
06-23 10:49:19.239 I/MagicTether( 2744): [WifiConnectionHandler] Ignoring getWifiConfigurationByNetworkId when checking connected state [CONTEXT service_id=276 ]
06-23 10:49:19.240 I/MagicTether( 2744): [WifiConnectionHandler] No networkId set, can't be connected. [CONTEXT service_id=276 ]
06-23 10:49:19.240 I/BugleRcsEngine( 3419): handleMessage processing message:[NOTIFY_UPTIME_IGNORE_STATE_CHANGED] with [non-null]:RcsEngineImpl reference [CONTEXT log_prefix="RcsEngineImpl[DUAL_REG]:[280c1904-7479]>Handler" thread_id=65 ]
06-23 10:49:19.240 I/BugleRcsEngine( 3419): Connected state: [1], networkType: [WIFI] [CONTEXT thread_id=56 ]
06-23 10:49:19.242 I/BugleRcsEngine( 3419): Cannot use CS.apk as it's battery optimized [CONTEXT thread_id=65 ]
06-23 10:49:19.242 E/PhoneInterfaceManager( 2407): getCarrierPrivilegeStatusForUid: Invalid subId
06-23 10:49:19.245 I/gralloc4(17946): @set_metadata: update dataspace from GM (0x00000000 -> 0x08010000)
06-23 10:49:19.248 D/OtaApp  (19688): PollingManagerService:NetworkCallback:networkCapabilities=[ Transports: WIFI Capabilities: NOT_METERED&INTERNET&NOT_RESTRICTED&TRUSTED&NOT_VPN&VALIDATED&NOT_ROAMING&FOREGROUND&NOT_CONGESTED&NOT_SUSPENDED&NOT_VCN_MANAGED LinkUpBandwidth>=12000Kbps LinkDnBandwidth>=60000Kbps TransportInfo: <SSID: <unknown ssid>, BSSID: 02:00:00:00:00:00, MAC: 02:00:00:00:00:00, IP: /192.168.1.139, Security type: 4, Supplicant state: COMPLETED, Wi-Fi standard: 11ac, RSSI: -60, Link speed: 351Mbps, Tx Link speed: 351Mbps, Max Supported Tx Link speed: 433Mbps, Calculated Tx : 0Mbps, Rx Link speed: 6Mbps, Max Supported Rx Link speed: 433Mbps, Calculated Rx : 0Mbps, Frequency: 5805MHz, Net ID: -1, Metered hint: false, score: 100, isUsable: true, CarrierMerged: false, SubscriptionId: -1, IsPrimary: -1, Trusted: true, Restricted: false, Ephemeral: false, OEM paid: false, OEM private: false, OSU AP: false, FQDN: <none>, Provider friendly name: <none>, Requesting package name: <none><none>MLO Information: , Is TID-To-Link negotiation supported by the AP: false, AP MLD Address: <none>, AP MLO Link Id: <none>, AP MLO Affiliated links: <none>, Vendor Data: <none>> SignalStrength: -60 UnderlyingNetworks: Null]
06-23 10:49:19.247 D/Fota    (19648): ConnectivityActionReceiver:NetworkCallback:networkCapabilities=[ Transports: WIFI Capabilities: NOT_METERED&INTERNET&NOT_RESTRICTED&TRUSTED&NOT_VPN&VALIDATED&NOT_ROAMING&FOREGROUND&NOT_CONGESTED&NOT_SUSPENDED&NOT_VCN_MANAGED LinkUpBandwidth>=12000Kbps LinkDnBandwidth>=60000Kbps TransportInfo: <SSID: <unknown ssid>, BSSID: 02:00:00:00:00:00, MAC: 02:00:00:00:00:00, IP: /192.168.1.139, Security type: 4, Supplicant state: COMPLETED, Wi-Fi standard: 11ac, RSSI: -60, Link speed: 351Mbps, Tx Link speed: 351Mbps, Max Supported Tx Link speed: 433Mbps, Calculated Tx : 0Mbps, Rx Link speed: 6Mbps, Max Supported Rx Link speed: 433Mbps, Calculated Rx : 0Mbps, Frequency: 5805MHz, Net ID: -1, Metered hint: false, score: 100, isUsable: true, CarrierMerged: false, SubscriptionId: -1, IsPrimary: -1, Trusted: true, Restricted: false, Ephemeral: false, OEM paid: false, OEM private: false, OSU AP: false, FQDN: <none>, Provider friendly name: <none>, Requesting package name: <none><none>MLO Information: , Is TID-To-Link negotiation supported by the AP: false, AP MLD Address: <none>, AP MLO Link Id: <none>, AP MLO Affiliated links: <none>, Vendor Data: <none>> SignalStrength: -60 UnderlyingNetworks: Null]
06-23 10:49:19.251 I/MagicTether( 2744): (REDACTED) [TetherService] TRANSPORT_CELLULAR [%s], TRANSPORT_ETHERNET [%s], TRANSPORT_WIFI [%s]
06-23 10:49:19.251 I/BugleRcsEngine( 3419): No RCS Configuration was found in Bugle for simID: redacted-pii:sim_id[chars:0,last3:] [CONTEXT log_prefix="ProvisioningEngineDataRetriever" thread_id=65 ]
06-23 10:49:19.251 I/MagicTether( 2744): (REDACTED) [TetherService] setRoles hasActiveNetworkConnection=%s canActiveNetworkBeTethered=%s isConnectedToInstantTether=%s isWifiEnabled=%s isHosting=%s
06-23 10:49:19.258 I/MagicTether( 2744): (REDACTED) [LaunchUtils] Instant Wifi for status account: name: %s | type: %s | isLaunched: %s
06-23 10:49:19.258 I/NearbyMediums( 2744): Wifi changed new SSID: "crazy"
06-23 10:49:19.258 I/NearbyMediums( 2744): WifiLanConnectivityInfo is not changed, skip notify.
06-23 10:49:19.258 I/MagicTether( 2744): (REDACTED) [TidepoolFeatureStatusManager] isInstantHotspotEnabled=%s
06-23 10:49:19.258 I/MagicTether( 2744): (REDACTED) [TidepoolFeatureStatusManager] isInstantWifiEnabled=%s
06-23 10:49:19.258 I/MagicTether( 2744): (REDACTED) [TetherService] startNearbyClientRole: start: %s isInstantHotspotEnabled: %s isInstantWifiEnabled: %s
06-23 10:49:19.258 I/MagicTether( 2744): [TetherService] Stopping Nearby client role [CONTEXT service_id=276 ]
06-23 10:49:19.258 I/MagicTether( 2744): [ClientTetherRole] Client role already stopped [CONTEXT service_id=276 ]
06-23 10:49:19.259 I/MagicTether( 2744): (REDACTED) [LaunchUtils] Instant Wifi for status account: name: %s | type: %s | isLaunched: %s
06-23 10:49:19.259 I/MagicTether( 2744): (REDACTED) [TidepoolFeatureStatusManager] isInstantHotspotEnabled=%s
06-23 10:49:19.259 I/MagicTether( 2744): (REDACTED) [TidepoolFeatureStatusManager] isInstantWifiEnabled=%s
06-23 10:49:19.259 I/MagicTether( 2744): (REDACTED) [TetherService] startNearbyHostRole: start: %s isInstantHotspotEnabled: %s isInstantWifiEnabled: %s
06-23 10:49:19.259 I/MagicTether( 2744): (REDACTED) [TidepoolFeatureStatusManager] isInstantHotspotEnabled=%s
06-23 10:49:19.260 I/MagicTether( 2744): [HostTetherRole] Nearby host role already started [CONTEXT service_id=276 ]
06-23 10:49:19.270 I/gralloc4(17946): @set_metadata: update dataspace from GM (0x00000000 -> 0x08010000)
06-23 10:49:19.278 I/gralloc4(17946): @set_metadata: update dataspace from GM (0x00000000 -> 0x08010000)
06-23 10:49:19.301 I/gralloc4(17946): @set_metadata: update dataspace from GM (0x00000000 -> 0x08010000)
06-23 10:49:19.309 I/bt_shim_scanner( 2325): handle_remote_properties: handle_remote_properties Update device_type=0x2 addr_type=0x1
06-23 10:49:19.310 I/libPerfCtl(  989): xgfGetFPS pid:2174 fps:68
06-23 10:49:19.310 I/libPerfCtl(  989): xgfGetFPS pid:17946 fps:29
06-23 10:49:19.327 I/gralloc4(17946): @set_metadata: update dataspace from GM (0x00000000 -> 0x08010000)
06-23 10:49:19.337 I/gralloc4(17946): @set_metadata: update dataspace from GM (0x00000000 -> 0x08010000)
06-23 10:49:19.350 I/bt_shim_scanner( 2325): handle_remote_properties: handle_remote_properties Update device_type=0x2 addr_type=0x1
06-23 10:49:19.350 I/bt_shim_scanner( 2325): handle_remote_properties: handle_remote_properties Update device_type=0x2 addr_type=0x1
06-23 10:49:19.358 I/bt_shim_scanner( 2325): handle_remote_properties: handle_remote_properties Update device_type=0x3 addr_type=0x1
06-23 10:49:19.365 I/gralloc4(17946): @set_metadata: update dataspace from GM (0x00000000 -> 0x08010000)
06-23 10:49:19.384 I/gralloc4(17946): @set_metadata: update dataspace from GM (0x00000000 -> 0x08010000)
06-23 10:49:19.394 I/gralloc4(17946): @set_metadata: update dataspace from GM (0x00000000 -> 0x08010000)
06-23 10:49:19.408 D/mtk_lbs_utility( 1242): start_timer_check_ret: start_timer_check_ret ret=0
06-23 10:49:19.408 D/MNLD    ( 1242): mnld_main_thread: mnld_main_thread stop_timer return: 0
06-23 10:49:19.415 I/gralloc4(17946): @set_metadata: update dataspace from GM (0x00000000 -> 0x08010000)
06-23 10:49:19.426 I/gralloc4(17946): @set_metadata: update dataspace from GM (0x00000000 -> 0x08010000)
06-23 10:49:19.446 I/gralloc4(17946): @set_metadata: update dataspace from GM (0x00000000 -> 0x08010000)
06-23 10:49:19.456 I/gralloc4(17946): @set_metadata: update dataspace from GM (0x00000000 -> 0x08010000)
06-23 10:49:19.464 D/mnld    ( 1242): nmea_reader_update_time: nmea_reader_update_time: timestamp = 1782229758728, second = 1782229758000, msec = 728
06-23 10:49:19.465 W/mnld    ( 1242): nmea_reader_parse: unknown sentence 'GNVTG
06-23 10:49:19.466 D/mnld    ( 1242): nmea_reader_parse: receive PMTKAGC command, agc: 4
06-23 10:49:19.466 W/mnld    ( 1242): nmea_reader_parse: unknown sentence 'PMTKTSX1
06-23 10:49:19.467 D/mnld    ( 1242): nmea_reader_parse: et_mnl_report_mnld = 133854370, tick_in_dsp = 4754773, et_mnl_receive_tick = 133854293, et_at_dsp =0
06-23 10:49:19.467 W/mnld    ( 1242): nmea_reader_parse: unknown sentence 'PMTKMPE1
06-23 10:49:19.467 W/mnld    ( 1242): nmea_reader_parse: unknown sentence 'PMTKMPE2
06-23 10:49:19.467 W/mnld    ( 1242): nmea_reader_parse: unknown sentence 'PMTKLCPOS1
06-23 10:49:19.467 W/mnld    ( 1242): nmea_reader_parse: unknown sentence 'PMTKLCPOS2
06-23 10:49:19.468 D/mtk_lbs_utility( 1242): start_timer_check_ret: start_timer_check_ret ret=0
06-23 10:49:19.468 D/MNLD    ( 1242): mnld_gps_controller_mnl_nmea_timeout: mnld_gps_controller_mnl_nmea_timeout start_timer return: 0
06-23 10:49:19.468 D/mtk_lbs_utility( 1242): stop_timer_check_ret: stop_timer_check_ret ret=0
06-23 10:49:19.481 I/gralloc4(17946): @set_metadata: update dataspace from GM (0x00000000 -> 0x08010000)
06-23 10:49:19.491 I/gralloc4(17946): @set_metadata: update dataspace from GM (0x00000000 -> 0x08010000)
06-23 10:49:19.507 W/HidlServiceManagement( 1263): Waited for hwservicemanager.ready for a second, waiting another...
06-23 10:49:19.507 W/libc    ( 1263): Access denied finding property "hwservicemanager.ready"
06-23 10:49:19.504 W/binder:1263_2( 1263): type=1400 audit(0.0:243596): avc:  denied  { read } for  name="u:object_r:hwservicemanager_prop:s0" dev="tmpfs" ino=219 scontext=u:r:lbs_dbg_ext:s0 tcontext=u:object_r:hwservicemanager_prop:s0 tclass=file permissive=0
06-23 10:49:19.507 W/libc    ( 1263): Access denied finding property "hwservicemanager.ready"
06-23 10:49:19.504 W/binder:1263_2( 1263): type=1400 audit(0.0:243597): avc:  denied  { read } for  name="u:object_r:hwservicemanager_prop:s0" dev="tmpfs" ino=219 scontext=u:r:lbs_dbg_ext:s0 tcontext=u:object_r:hwservicemanager_prop:s0 tclass=file permissive=0
06-23 10:49:19.515 I/gralloc4(17946): @set_metadata: update dataspace from GM (0x00000000 -> 0x08010000)
06-23 10:49:19.523 I/gralloc4(17946): @set_metadata: update dataspace from GM (0x00000000 -> 0x08010000)
06-23 10:49:19.530 I/Scheduler( 1009): applyPolicy: UpdateRefreshRate 90 to 60 of group 0: [touch=0:0 touchBoost=0 scroll=0:0 idle=0:0]
06-23 10:49:19.530 E/SfCpu   ( 1009):  sched_setaffinity return fail 1009
06-23 10:49:19.531 E/SfCpu   ( 1009):  sched_setaffinity return fail 1202
06-23 10:49:19.531 E/SfCpu   ( 1009):  sched_setaffinity return fail 1199
06-23 10:49:19.531 I/hwcomposer(  967): [HWC] (0) displaySetActiveConfig config:0  
06-23 10:49:19.548 I/DisplayDeviceRepository( 1780): Display device changed: DisplayDeviceInfo{"Built-in Screen": uniqueId="local:0", 720 x 1600, modeId 1, renderFrameRate 60.0, defaultModeId 1, supportedModes [{id=1, width=720, height=1600, fps=60.0, alternativeRefreshRates=[90.0], supportedHdrTypes=[]}, {id=2, width=720, height=1600, fps=90.0, alternativeRefreshRates=[60.0], supportedHdrTypes=[]}], supportedReadyForModes [], colorMode 0, supportedColorModes [0], hdrCapabilities HdrCapabilities{mSupportedHdrTypes=[], mMaxLuminance=500.0, mMaxAverageLuminance=500.0, mMinLuminance=0.0}, allmSupported false, gameContentTypeSupported false, density 280, 268.783 x 268.783 dpi, appVsyncOff 2400001, presDeadline 28600000, cutout DisplayCutout{insets=Rect(0, 80 - 0, 0) waterfall=Insets{left=0, top=0, right=0, bottom=0} boundingRect={Bounds=[Rect(0, 0 - 0, 0), Rect(332, 0 - 388, 80), Rect(0, 0 - 0, 0), Rect(0, 0 - 0, 0)]} cutoutPathParserInfo={CutoutPathParserInfo{displayWidth=720 displayHeight=1600 physicalDisplayWidth=720 physicalDisplayHeight=1600 density={1.75} cutoutSpec={M 28,0 L -28,0 L -28,80 L 28,80 Z} rotation={0} scale={1.0} physicalPixelDisplaySizeRatio={1.0}}}}, touch INTERNAL, rotation 0, type INTERNAL, address {port=0}, deviceProductInfo null, state ON, committedState ON, frameRateOverride , brightnessMinimum 0.0, brightnessMaximum 1.0, brightnessDefault 0.451, hdrSdrRatio 1.0, roundedCorners RoundedCorners{[RoundedCorner{position=TopLeft, radius=42, center=Point(42, 42)}, RoundedCorner{position=TopRight, radius=42, center=Point(678, 42)}, RoundedCorner{position=BottomRight, radius=42, center=Point(678, 1558)}, RoundedCorner{position=BottomLeft, radius=42, center=Point(42, 1558)}]}, FLAG_ALLOWED_TO_BE_DEFAULT_DISPLAY, FLAG_ROTATES_WITH_CONTENT, FLAG_SECURE, FLAG_SUPPORTS_PROTECTED_BUFFERS, FLAG_TRUSTED, installOrientation 0, displayShape DisplayShape{ spec=2134893525 displayWidth=720 displayHeight=1600 physicalPixelDisplaySizeRatio=1.0 rotation=0 offsetX=0 offsetY=0 scale=1.0}}
06-23 10:49:19.550 W/libc    ( 1263): Access denied finding property "hwservicemanager.ready"
06-23 10:49:19.548 W/binder:1263_2( 1263): type=1400 audit(0.0:243598): avc:  denied  { read } for  name="u:object_r:hwservicemanager_prop:s0" dev="tmpfs" ino=219 scontext=u:r:lbs_dbg_ext:s0 tcontext=u:object_r:hwservicemanager_prop:s0 tclass=file permissive=0
06-23 10:49:19.551 W/libc    ( 1263): Access denied finding property "hwservicemanager.ready"
06-23 10:49:19.548 W/binder:1263_2( 1263): type=1400 audit(0.0:243599): avc:  denied  { read } for  name="u:object_r:hwservicemanager_prop:s0" dev="tmpfs" ino=219 scontext=u:r:lbs_dbg_ext:s0 tcontext=u:object_r:hwservicemanager_prop:s0 tclass=file permissive=0
06-23 10:49:19.552 I/gralloc4(17946): @set_metadata: update dataspace from GM (0x00000000 -> 0x08010000)
06-23 10:49:19.556 D/DisplayManagerService( 1780): Ignore redundant display event 0/2 to 10176/15904
06-23 10:49:19.584 I/gralloc4(17946): @set_metadata: update dataspace from GM (0x00000000 -> 0x08010000)
06-23 10:49:19.600 I/gralloc4(17946): @set_metadata: update dataspace from GM (0x00000000 -> 0x08010000)
06-23 10:49:19.624 I/gralloc4(17946): @set_metadata: update dataspace from GM (0x00000000 -> 0x08010000)
06-23 10:49:19.642 I/gralloc4(17946): @set_metadata: update dataspace from GM (0x00000000 -> 0x08010000)
06-23 10:49:19.673 I/gralloc4(17946): @set_metadata: update dataspace from GM (0x00000000 -> 0x08010000)
06-23 10:49:19.717 I/gralloc4(17946): @set_metadata: update dataspace from GM (0x00000000 -> 0x08010000)
06-23 10:49:19.728 I/gralloc4(17946): @set_metadata: update dataspace from GM (0x00000000 -> 0x08010000)
06-23 10:49:19.736 I/NearbySharing( 2744): Network state changed: NetworkState(isRestricted=false, isOnline=true, isCongested=false, isMetered=false, isWifiConnected=true)
06-23 10:49:19.740 I/NearbySharing( 2744): Network state changed: NetworkState(isRestricted=false, isOnline=true, isCongested=false, isMetered=false, isWifiConnected=true)
06-23 10:49:19.751 I/gralloc4(17946): @set_metadata: update dataspace from GM (0x00000000 -> 0x08010000)
06-23 10:49:19.762 I/gralloc4(17946): @set_metadata: update dataspace from GM (0x00000000 -> 0x08010000)
06-23 10:49:19.780 I/gralloc4(17946): @set_metadata: update dataspace from GM (0x00000000 -> 0x08010000)
06-23 10:49:19.793 I/gralloc4(17946): @set_metadata: update dataspace from GM (0x00000000 -> 0x08010000)
06-23 10:49:19.813 I/gralloc4(17946): @set_metadata: update dataspace from GM (0x00000000 -> 0x08010000)
06-23 10:49:19.819 I/hwcomposer(  967): [HWCDisplay] [Display_0 (type:1)] fps:54.220833,dur:1014.37,max:50.19,min:10.24  
06-23 10:49:19.824 I/gralloc4(17946): @set_metadata: update dataspace from GM (0x00000000 -> 0x08010000)
06-23 10:49:19.845 I/wurks.flockfree(17946): Background young concurrent mark compact GC freed 17MB AllocSpace bytes, 30(2768KB) LOS objects, 17% free, 81MB/98MB, paused 1.145ms,8.095ms total 269.356ms
06-23 10:49:19.847 I/gralloc4(17946): @set_metadata: update dataspace from GM (0x00000000 -> 0x08010000)
06-23 10:49:19.858 I/gralloc4(17946): @set_metadata: update dataspace from GM (0x00000000 -> 0x08010000)
06-23 10:49:19.888 I/gralloc4(17946): @set_metadata: update dataspace from GM (0x00000000 -> 0x08010000)
06-23 10:49:19.907 I/gralloc4(17946): @set_metadata: update dataspace from GM (0x00000000 -> 0x08010000)
06-23 10:49:19.915 I/native  (19785): I0000 00:00:1782229759.915282   19785 exl_node_generator.cc:58] Setting legal word grammar as macro_only: true
06-23 10:49:19.915 I/native  (19785): I0000 00:00:1782229759.915746   19785 android_resource_loader.cc:100] Built resource lettuce_node_generator
06-23 10:49:19.915 I/native  (19785): I0000 00:00:1782229759.915798   19785 android_resource_loader.cc:116] Loaded resource:lettuce_node_generator
06-23 10:49:19.915 I/native  (19785): I0000 00:00:1782229759.915847   19785 data_source.cc:95] Opening data source "/data/user_de/0/com.google.android.tts/files/superpacks/en-us/en-us-x-multi-r83/burdock_model.params.pb" (as: FILE) ...
06-23 10:49:19.915 I/native  (19785): I0000 00:00:1782229759.915945   19785 data_source.cc:99] ... Opened data source "/data/user_de/0/com.google.android.tts/files/superpacks/en-us/en-us-x-multi-r83/burdock_model.params.pb" of size 8875
06-23 10:49:19.916 I/gralloc4(17946): @set_metadata: update dataspace from GM (0x00000000 -> 0x08010000)
06-23 10:49:19.926 I/native  (19785): I0000 00:00:1782229759.926514   19785 android_resource_loader.cc:100] Built resource lstm_add_specification_resource
06-23 10:49:19.926 I/native  (19785): I0000 00:00:1782229759.926720   19785 android_resource_loader.cc:116] Loaded resource:lstm_add_specification_resource
06-23 10:49:19.926 I/native  (19785): I0000 00:00:1782229759.926890   19785 data_source.cc:95] Opening data source "/data/user_de/0/com.google.android.tts/files/superpacks/en-us/en-us-x-multi-r83/chive_model_fused.pb" (as: FILE) ...
06-23 10:49:19.927 I/native  (19785): I0000 00:00:1782229759.927063   19785 data_source.cc:99] ... Opened data source "/data/user_de/0/com.google.android.tts/files/superpacks/en-us/en-us-x-multi-r83/chive_model_fused.pb" of size 1281
06-23 10:49:19.927 I/native  (19785): I0000 00:00:1782229759.927838   19785 data_source.cc:95] Opening data source "/data/user_de/0/com.google.android.tts/files/superpacks/en-us/en-us-x-multi-r83/burdock_valerian_model.tflite" (as: MEMORY) ...
06-23 10:49:19.928 I/native  (19785): I0000 00:00:1782229759.928149   19785 data_source.cc:99] ... Opened data source "/data/user_de/0/com.google.android.tts/files/superpacks/en-us/en-us-x-multi-r83/burdock_valerian_model.tflite" of size 1790608
06-23 10:49:19.932 I/gralloc4(17946): @set_metadata: update dataspace from GM (0x00000000 -> 0x08010000)
06-23 10:49:19.940 I/gralloc4(17946): @set_metadata: update dataspace from GM (0x00000000 -> 0x08010000)
06-23 10:49:19.947 I/tflite  (19785): Initialized TensorFlow Lite runtime.
06-23 10:49:19.963 W/libc    (19785): Access denied finding property "ro.hardware.chipname"
06-23 10:49:19.964 I/gralloc4(17946): @set_metadata: update dataspace from GM (0x00000000 -> 0x08010000)
06-23 10:49:19.965 D/mnld    ( 1242): nmea_reader_update_time: nmea_reader_update_time: timestamp = 1782229759228, second = 1782229759000, msec = 228
06-23 10:49:19.966 W/mnld    ( 1242): nmea_reader_parse: unknown sentence 'GNVTG
06-23 10:49:19.966 D/mnld    ( 1242): nmea_reader_parse: receive PMTKAGC command, agc: 4
06-23 10:49:19.967 W/mnld    ( 1242): nmea_reader_parse: unknown sentence 'PMTKTSX1
06-23 10:49:19.967 D/mnld    ( 1242): nmea_reader_parse: et_mnl_report_mnld = 133854871, tick_in_dsp = 4755273, et_mnl_receive_tick = 133854794, et_at_dsp =0
06-23 10:49:19.967 W/mnld    ( 1242): nmea_reader_parse: unknown sentence 'PMTKMPE1
06-23 10:49:19.967 W/mnld    ( 1242): nmea_reader_parse: unknown sentence 'PMTKMPE2
06-23 10:49:19.967 W/mnld    ( 1242): nmea_reader_parse: unknown sentence 'PMTKLCPOS1
06-23 10:49:19.967 W/mnld    ( 1242): nmea_reader_parse: unknown sentence 'PMTKLCPOS2
06-23 10:49:19.967 D/mtk_lbs_utility( 1242): start_timer_check_ret: start_timer_check_ret ret=0
06-23 10:49:19.967 D/MNLD    ( 1242): mnld_gps_controller_mnl_nmea_timeout: mnld_gps_controller_mnl_nmea_timeout start_timer return: 0
06-23 10:49:19.967 D/mtk_lbs_utility( 1242): stop_timer_check_ret: stop_timer_check_ret ret=0
06-23 10:49:19.976 E/tflite  (19785): third_party/tensorflow/lite/core/subgraph.cc:1088 tensor.data.raw != nullptr was not true.
06-23 10:49:19.976 I/native  (19785): I0000 00:00:1782229759.976288   19785 chive_inference_resource.cc:233] Creating new CHiVE model [model graph]: 
06-23 10:49:19.976 I/native  (19785): I0000 00:00:1782229759.976411   19785 chive_model.cc:179] Creating a single pass CHiVE model
06-23 10:49:19.981 I/native  (19785): I0000 00:00:1782229759.981271   19785 android_resource_loader.cc:100] Built resource chive_inference_config
06-23 10:49:19.981 I/native  (19785): I0000 00:00:1782229759.981423   19785 android_resource_loader.cc:116] Loaded resource:chive_inference_config
06-23 10:49:19.981 I/native  (19785): I0000 00:00:1782229759.981612   19785 data_source.cc:95] Opening data source "/data/user_de/0/com.google.android.tts/files/superpacks/en-us/en-us-x-multi-r83/converter_en_us_android.far" (as: FILE) ...
06-23 10:49:19.981 I/native  (19785): I0000 00:00:1782229759.981829   19785 data_source.cc:99] ... Opened data source "/data/user_de/0/com.google.android.tts/files/superpacks/en-us/en-us-x-multi-r83/converter_en_us_android.far" of size 1473
06-23 10:49:19.983 I/native  (19785): I0000 00:00:1782229759.982925   19785 android_resource_loader.cc:100] Built resource pron_buffet_to_tts_converter
06-23 10:49:19.983 I/native  (19785): I0000 00:00:1782229759.983130   19785 android_resource_loader.cc:116] Loaded resource:pron_buffet_to_tts_converter
06-23 10:49:19.983 I/native  (19785): I0000 00:00:1782229759.983239   19785 data_source.cc:95] Opening data source "/data/user_de/0/com.google.android.tts/files/superpacks/en-us/en-us-x-multi-r83/regexp_rewrite_embedded.pb" (as: FILE) ...
06-23 10:49:19.983 I/native  (19785): I0000 00:00:1782229759.983407   19785 data_source.cc:99] ... Opened data source "/data/user_de/0/com.google.android.tts/files/superpacks/en-us/en-us-x-multi-r83/regexp_rewrite_embedded.pb" of size 6025
06-23 10:49:19.984 I/native  (19785): I0000 00:00:1782229759.984517   19785 data_source.cc:95] Opening data source "/data/user_de/0/com.google.android.tts/files/superpacks/en-us/en-us-x-multi-r83/punctuation.pb" (as: FILE) ...
06-23 10:49:19.984 I/native  (19785): I0000 00:00:1782229759.984763   19785 data_source.cc:99] ... Opened data source "/data/user_de/0/com.google.android.tts/files/superpacks/en-us/en-us-x-multi-r83/punctuation.pb" of size 452
06-23 10:49:19.988 I/gralloc4(17946): @set_metadata: update dataspace from GM (0x00000000 -> 0x08010000)
06-23 10:49:19.998 I/gralloc4(17946): @set_metadata: update dataspace from GM (0x00000000 -> 0x08010000)
06-23 10:49:20.018 I/gralloc4(17946): @set_metadata: update dataspace from GM (0x00000000 -> 0x08010000)
06-23 10:49:20.046 I/gralloc4(17946): @set_metadata: update dataspace from GM (0x00000000 -> 0x08010000)
06-23 10:49:20.055 I/gralloc4(17946): @set_metadata: update dataspace from GM (0x00000000 -> 0x08010000)
06-23 10:49:20.072 I/gralloc4(17946): @set_metadata: update dataspace from GM (0x00000000 -> 0x08010000)
06-23 10:49:20.088 I/gralloc4(17946): @set_metadata: update dataspace from GM (0x00000000 -> 0x08010000)
06-23 10:49:20.110 I/gralloc4(17946): @set_metadata: update dataspace from GM (0x00000000 -> 0x08010000)
06-23 10:49:20.122 I/gralloc4(17946): @set_metadata: update dataspace from GM (0x00000000 -> 0x08010000)
06-23 10:49:20.122 E/native  (19785): E0000 00:00:1782229760.122682   19785 re2.cc:250] Error parsing '^|[^\p{Letter}\\]': invalid character class range: \p{Letter}
06-23 10:49:20.122 E/native  (19785): E0000 00:00:1782229760.122794   19785 replacement_rule.cc:40] Invalid context regexp: invalid character class range: \p{Letter}
06-23 10:49:20.122 E/native  (19785): E0000 00:00:1782229760.122823   19785 replacement_rule.cc:151] Error creating replacement rule.
06-23 10:49:20.122 E/native  (19785): E0000 00:00:1782229760.122844   19785 regexp_rewriter.cc:35] Error creating rule MessageLite at 0xb400006f9d2ba090.
06-23 10:49:20.123 I/native  (19785): I0000 00:00:1782229760.123758   19785 android_resource_loader.cc:100] Built resource rewrite_algo
06-23 10:49:20.123 I/native  (19785): I0000 00:00:1782229760.123825   19785 android_resource_loader.cc:116] Loaded resource:rewrite_algo
06-23 10:49:20.123 I/native  (19785): I0000 00:00:1782229760.123870   19785 data_source.cc:95] Opening data source "/data/user_de/0/com.google.android.tts/files/superpacks/en-us/en-us-x-multi-r83/roman_numeral_contexts.pb" (as: FILE) ...
06-23 10:49:20.124 I/native  (19785): I0000 00:00:1782229760.123973   19785 data_source.cc:99] ... Opened data source "/data/user_de/0/com.google.android.tts/files/superpacks/en-us/en-us-x-multi-r83/roman_numeral_contexts.pb" of size 9114
06-23 10:49:20.130 I/native  (19785): I0000 00:00:1782229760.130901   19785 android_resource_loader.cc:100] Built resource roman_numeral_context_words
06-23 10:49:20.131 I/native  (19785): I0000 00:00:1782229760.131087   19785 android_resource_loader.cc:116] Loaded resource:roman_numeral_context_words
06-23 10:49:20.132 I/native  (19785): I0000 00:00:1782229760.132063   19785 android_resource_loader.cc:100] Built resource classify_roman_numerals_grm_algo
06-23 10:49:20.132 I/native  (19785): I0000 00:00:1782229760.132250   19785 android_resource_loader.cc:116] Loaded resource:classify_roman_numerals_grm_algo
06-23 10:49:20.132 I/native  (19785): I0000 00:00:1782229760.132343   19785 android_resource_loader.cc:100] Built resource runtime_override
06-23 10:49:20.132 I/native  (19785): I0000 00:00:1782229760.132403   19785 android_resource_loader.cc:116] Loaded resource:runtime_override
06-23 10:49:20.132 I/native  (19785): I0000 00:00:1782229760.132461   19785 data_source.cc:95] Opening data source "/data/user_de/0/com.google.android.tts/files/superpacks/en-us/en-us-x-multi-r83/sb_model.bin" (as: MEMORY) ...
06-23 10:49:20.132 I/native  (19785): I0000 00:00:1782229760.132679   19785 data_source.cc:99] ... Opened data source "/data/user_de/0/com.google.android.tts/files/superpacks/en-us/en-us-x-multi-r83/sb_model.bin" of size 48272
06-23 10:49:20.133 I/native  (19785): I0000 00:00:1782229760.133919   19785 android_resource_loader.cc:100] Built resource sentence_boundary_model_resource
06-23 10:49:20.134 I/native  (19785): I0000 00:00:1782229760.134082   19785 android_resource_loader.cc:116] Loaded resource:sentence_boundary_model_resource
06-23 10:49:20.134 I/native  (19785): I0000 00:00:1782229760.134163   19785 data_source.cc:95] Opening data source "/data/user_de/0/com.google.android.tts/files/superpacks/en-us/en-us-x-multi-r83/en_verbalize_spec.pb" (as: FILE) ...
06-23 10:49:20.134 I/native  (19785): I0000 00:00:1782229760.134309   19785 data_source.cc:99] ... Opened data source "/data/user_de/0/com.google.android.tts/files/superpacks/en-us/en-us-x-multi-r83/en_verbalize_spec.pb" of size 3984
06-23 10:49:20.135 I/native  (19785): I0000 00:00:1782229760.135159   19785 android_resource_loader.cc:100] Built resource serialization_spec
06-23 10:49:20.135 I/native  (19785): I0000 00:00:1782229760.135313   19785 android_resource_loader.cc:116] Loaded resource:serialization_spec
06-23 10:49:20.135 I/native  (19785): I0000 00:00:1782229760.135387   19785 data_source.cc:95] Opening data source "/data/user_de/0/com.google.android.tts/files/superpacks/en-us/en-us-x-multi-r83/textnorm_params_embedded_en_us.pb" (as: FILE) ...
06-23 10:49:20.135 I/native  (19785): I0000 00:00:1782229760.135545   19785 data_source.cc:99] ... Opened data source "/data/user_de/0/com.google.android.tts/files/superpacks/en-us/en-us-x-multi-r83/textnorm_params_embedded_en_us.pb" of size 321
06-23 10:49:20.136 I/native  (19785): I0000 00:00:1782229760.136127   19785 android_resource_loader.cc:100] Built resource textnorm_params
06-23 10:49:20.136 I/native  (19785): I0000 00:00:1782229760.136218   19785 android_resource_loader.cc:116] Loaded resource:textnorm_params
06-23 10:49:20.138 I/gralloc4(17946): @set_metadata: update dataspace from GM (0x00000000 -> 0x08010000)
06-23 10:49:20.140 I/System.out(17946):  Filter points based on parameters...176 excluded from 34430, 1203.07 ms
06-23 10:49:20.140 I/System.out(17946):  Finding first / last segments...
06-23 10:49:20.154 I/gralloc4(17946): @set_metadata: update dataspace from GM (0x00000000 -> 0x08010000)
06-23 10:49:20.169 I/gralloc4(17946): @set_metadata: update dataspace from GM (0x00000000 -> 0x08010000)
06-23 10:49:20.195 I/gralloc4(17946): @set_metadata: update dataspace from GM (0x00000000 -> 0x08010000)
06-23 10:49:20.205 I/gralloc4(17946): @set_metadata: update dataspace from GM (0x00000000 -> 0x08010000)
06-23 10:49:20.223 I/gralloc4(17946): @set_metadata: update dataspace from GM (0x00000000 -> 0x08010000)
06-23 10:49:20.237 I/gralloc4(17946): @set_metadata: update dataspace from GM (0x00000000 -> 0x08010000)
06-23 10:49:20.250 I/gralloc4(17946): @set_metadata: update dataspace from GM (0x00000000 -> 0x08010000)
06-23 10:49:20.268 I/gralloc4(17946): @set_metadata: update dataspace from GM (0x00000000 -> 0x08010000)
06-23 10:49:20.293 I/gralloc4(17946): @set_metadata: update dataspace from GM (0x00000000 -> 0x08010000)
06-23 10:49:20.304 I/gralloc4(17946): @set_metadata: update dataspace from GM (0x00000000 -> 0x08010000)
06-23 10:49:20.310 I/libPerfCtl(  989): xgfGetFPS pid:2174 fps:-1
06-23 10:49:20.310 I/libPerfCtl(  989): xgfGetFPS pid:17946 fps:31
06-23 10:49:20.327 I/gralloc4(17946): @set_metadata: update dataspace from GM (0x00000000 -> 0x08010000)
06-23 10:49:20.339 I/gralloc4(17946): @set_metadata: update dataspace from GM (0x00000000 -> 0x08010000)
06-23 10:49:20.360 I/gralloc4(17946): @set_metadata: update dataspace from GM (0x00000000 -> 0x08010000)
06-23 10:49:20.373 I/gralloc4(17946): @set_metadata: update dataspace from GM (0x00000000 -> 0x08010000)
06-23 10:49:20.396 I/gralloc4(17946): @set_metadata: update dataspace from GM (0x00000000 -> 0x08010000)
06-23 10:49:20.409 D/mtk_lbs_utility( 1242): start_timer_check_ret: start_timer_check_ret ret=0
06-23 10:49:20.410 D/MNLD    ( 1242): mnld_main_thread: mnld_main_thread stop_timer return: 0
06-23 10:49:20.447 I/gralloc4(17946): @set_metadata: update dataspace from GM (0x00000000 -> 0x08010000)
06-23 10:49:20.458 I/gralloc4(17946): @set_metadata: update dataspace from GM (0x00000000 -> 0x08010000)
06-23 10:49:20.465 D/mnld    ( 1242): nmea_reader_update_time: nmea_reader_update_time: timestamp = 1782229759728, second = 1782229759000, msec = 728
06-23 10:49:20.470 W/mnld    ( 1242): nmea_reader_parse: unknown sentence 'GNVTG
06-23 10:49:20.470 D/mnld    ( 1242): nmea_reader_parse: receive PMTKAGC command, agc: 4
06-23 10:49:20.470 W/mnld    ( 1242): nmea_reader_parse: unknown sentence 'PMTKTSX1
06-23 10:49:20.470 D/mnld    ( 1242): nmea_reader_parse: et_mnl_report_mnld = 133855371, tick_in_dsp = 4755773, et_mnl_receive_tick = 133855294, et_at_dsp =0
06-23 10:49:20.470 W/mnld    ( 1242): nmea_reader_parse: unknown sentence 'PMTKMPE1
06-23 10:49:20.471 W/mnld    ( 1242): nmea_reader_parse: unknown sentence 'PMTKMPE2
06-23 10:49:20.471 W/mnld    ( 1242): nmea_reader_parse: unknown sentence 'PMTKLCPOS1
06-23 10:49:20.471 W/mnld    ( 1242): nmea_reader_parse: unknown sentence 'PMTKLCPOS2
06-23 10:49:20.471 D/mtk_lbs_utility( 1242): start_timer_check_ret: start_timer_check_ret ret=0
06-23 10:49:20.471 D/MNLD    ( 1242): mnld_gps_controller_mnl_nmea_timeout: mnld_gps_controller_mnl_nmea_timeout start_timer return: 0
06-23 10:49:20.471 D/mtk_lbs_utility( 1242): stop_timer_check_ret: stop_timer_check_ret ret=0
06-23 10:49:20.490 I/gralloc4(17946): @set_metadata: update dataspace from GM (0x00000000 -> 0x08010000)
06-23 10:49:20.504 W/binder:1263_2( 1263): type=1400 audit(0.0:243600): avc:  denied  { read } for  name="u:object_r:hwservicemanager_prop:s0" dev="tmpfs" ino=219 scontext=u:r:lbs_dbg_ext:s0 tcontext=u:object_r:hwservicemanager_prop:s0 tclass=file permissive=0
06-23 10:49:20.508 W/HidlServiceManagement( 1263): Waited for hwservicemanager.ready for a second, waiting another...
06-23 10:49:20.508 W/libc    ( 1263): Access denied finding property "hwservicemanager.ready"
06-23 10:49:20.508 W/libc    ( 1263): Access denied finding property "hwservicemanager.ready"
06-23 10:49:20.504 W/binder:1263_2( 1263): type=1400 audit(0.0:243601): avc:  denied  { read } for  name="u:object_r:hwservicemanager_prop:s0" dev="tmpfs" ino=219 scontext=u:r:lbs_dbg_ext:s0 tcontext=u:object_r:hwservicemanager_prop:s0 tclass=file permissive=0
06-23 10:49:20.518 I/gralloc4(17946): @set_metadata: update dataspace from GM (0x00000000 -> 0x08010000)
06-23 10:49:20.528 I/wurks.flockfree(17946): Background young concurrent mark compact GC freed 14MB AllocSpace bytes, 1(16KB) LOS objects, 16% free, 82MB/98MB, paused 1.558ms,4.535ms total 175.924ms
06-23 10:49:20.529 I/gralloc4(17946): @set_metadata: update dataspace from GM (0x00000000 -> 0x08010000)
06-23 10:49:20.545 I/gralloc4(17946): @set_metadata: update dataspace from GM (0x00000000 -> 0x08010000)
06-23 10:49:20.554 I/gralloc4(17946): @set_metadata: update dataspace from GM (0x00000000 -> 0x08010000)
06-23 10:49:20.573 I/gralloc4(17946): @set_metadata: update dataspace from GM (0x00000000 -> 0x08010000)
06-23 10:49:20.585 I/gralloc4(17946): @set_metadata: update dataspace from GM (0x00000000 -> 0x08010000)
06-23 10:49:20.607 I/gralloc4(17946): @set_metadata: update dataspace from GM (0x00000000 -> 0x08010000)
06-23 10:49:20.637 I/gralloc4(17946): @set_metadata: update dataspace from GM (0x00000000 -> 0x08010000)
06-23 10:49:20.646 I/gralloc4(17946): @set_metadata: update dataspace from GM (0x00000000 -> 0x08010000)
06-23 10:49:20.667 I/gralloc4(17946): @set_metadata: update dataspace from GM (0x00000000 -> 0x08010000)
06-23 10:49:20.668 I/bt_shim_scanner( 2325): handle_remote_properties: handle_remote_properties Update device_type=0x3 addr_type=0x1
06-23 10:49:20.693 I/gralloc4(17946): @set_metadata: update dataspace from GM (0x00000000 -> 0x08010000)
06-23 10:49:20.694 I/bt_shim_scanner( 2325): handle_remote_properties: handle_remote_properties Update device_type=0x2 addr_type=0x1
06-23 10:49:20.702 I/gralloc4(17946): @set_metadata: update dataspace from GM (0x00000000 -> 0x08010000)
06-23 10:49:20.706 I/bt_shim_scanner( 2325): handle_remote_properties: handle_remote_properties Update device_type=0x2 addr_type=0x1
06-23 10:49:20.723 I/gralloc4(17946): @set_metadata: update dataspace from GM (0x00000000 -> 0x08010000)
06-23 10:49:20.736 I/gralloc4(17946): @set_metadata: update dataspace from GM (0x00000000 -> 0x08010000)
06-23 10:49:20.757 I/bt_shim_scanner( 2325): handle_remote_properties: handle_remote_properties Update device_type=0x2 addr_type=0x1
06-23 10:49:20.760 I/bt_shim_scanner( 2325): handle_remote_properties: handle_remote_properties Update device_type=0x2 addr_type=0x1
06-23 10:49:20.760 I/gralloc4(17946): @set_metadata: update dataspace from GM (0x00000000 -> 0x08010000)
06-23 10:49:20.770 I/gralloc4(17946): @set_metadata: update dataspace from GM (0x00000000 -> 0x08010000)
06-23 10:49:20.794 I/gralloc4(17946): @set_metadata: update dataspace from GM (0x00000000 -> 0x08010000)
06-23 10:49:20.808 I/bt_shim_scanner( 2325): handle_remote_properties: handle_remote_properties Update device_type=0x2 addr_type=0x1
06-23 10:49:20.817 I/gralloc4(17946): @set_metadata: update dataspace from GM (0x00000000 -> 0x08010000)
06-23 10:49:20.826 I/gralloc4(17946): @set_metadata: update dataspace from GM (0x00000000 -> 0x08010000)
06-23 10:49:20.830 I/hwcomposer(  967): [HWCDisplay] [Display_0 (type:1)] fps:49.442837,dur:1011.27,max:51.93,min:15.81  
06-23 10:49:20.846 I/gralloc4(17946): @set_metadata: update dataspace from GM (0x00000000 -> 0x08010000)
06-23 10:49:20.857 I/gralloc4(17946): @set_metadata: update dataspace from GM (0x00000000 -> 0x08010000)
06-23 10:49:20.875 I/gralloc4(17946): @set_metadata: update dataspace from GM (0x00000000 -> 0x08010000)
06-23 10:49:20.885 I/gralloc4(17946): @set_metadata: update dataspace from GM (0x00000000 -> 0x08010000)
06-23 10:49:20.902 I/gralloc4(17946): @set_metadata: update dataspace from GM (0x00000000 -> 0x08010000)
06-23 10:49:20.918 I/gralloc4(17946): @set_metadata: update dataspace from GM (0x00000000 -> 0x08010000)
06-23 10:49:20.930 I/gralloc4(17946): @set_metadata: update dataspace from GM (0x00000000 -> 0x08010000)
06-23 10:49:20.950 I/gralloc4(17946): @set_metadata: update dataspace from GM (0x00000000 -> 0x08010000)
06-23 10:49:20.962 D/mnld    ( 1242): nmea_reader_update_time: nmea_reader_update_time: timestamp = 1782229760228, second = 1782229760000, msec = 228
