--------- beginning of main
06-23 10:49:15.987 I/gralloc4(17946): @set_metadata: update dataspace from GM (0x00000000 -> 0x08010000)
06-23 10:49:16.002 I/gralloc4(17946): @set_metadata: update dataspace from GM (0x00000000 -> 0x08010000)
06-23 10:49:16.008 I/gralloc4(17946): @set_metadata: update dataspace from GM (0x00000000 -> 0x08010000)
06-23 10:49:16.012 I/adbd    (10397): adbd service requested 'shell,v2,TERM=dumb,raw:am start -a android.intent.action.VIEW -d 'osmand.api://navigate?start_lat=45.1608&start_lon=-93.2349&start_name=Start&dest_lat=44.9778&dest_lon=-93.2650&dest_name=Minneapolis&profile=car&force=true&location_permission=false' -p com.yetiwurks.flockfree'
06-23 10:49:16.028 I/gralloc4(17946): @set_metadata: update dataspace from GM (0x00000000 -> 0x08010000)
06-23 10:49:16.047 I/gralloc4(17946): @set_metadata: update dataspace from GM (0x00000000 -> 0x08010000)
06-23 10:49:16.054 I/gralloc4(17946): @set_metadata: update dataspace from GM (0x00000000 -> 0x08010000)
06-23 10:49:16.068 I/gralloc4(17946): @set_metadata: update dataspace from GM (0x00000000 -> 0x08010000)
06-23 10:49:16.076 I/gralloc4(17946): @set_metadata: update dataspace from GM (0x00000000 -> 0x08010000)
--------- beginning of system
06-23 10:49:16.083 W/ActivityTaskManager( 1780): callingPackage for (uid=2000, pid=19778) has no WPC
06-23 10:49:16.086 I/SettingsAccessControlPolicy( 1780): isDeviceSettingsChangeDisabled: value -> false
06-23 10:49:16.095 I/gralloc4(17946): @set_metadata: update dataspace from GM (0x00000000 -> 0x08010000)
06-23 10:49:16.095 D/ActivityTaskManager( 1780): getPreferredLaunchDisplay userset_displayid false user set display id -1, current focus display 0
06-23 10:49:16.095 D/ActivityTaskManager( 1780): getPreferredLaunchDisplay userset_displayid false user set display id -1, current focus display 0
06-23 10:49:16.097 D/ActivityTaskManager( 1780): getPreferredLaunchDisplay userset_displayid false user set display id 0, current focus display 0
06-23 10:49:16.098 D/ActivityTaskManager( 1780): getPreferredLaunchDisplay userset_displayid false user set display id 0, current focus display 0
06-23 10:49:16.105 V/WindowManagerShell( 2174): Transition requested: android.os.BinderProxy@95fdc86 TransitionRequestInfo { type = 1, triggerTask = TaskInfo{userId=0 taskId=261 displayId=0 isRunning=true baseIntent=Intent { act=android.intent.action.MAIN cat=[android.intent.category.LAUNCHER] flg=0x10200000 cmp=com.yetiwurks.flockfree/net.osmand.plus.activities.FlockFreeSplashActivity } baseActivity=ComponentInfo{com.yetiwurks.flockfree/net.osmand.plus.activities.MapActivity} topActivity=ComponentInfo{com.yetiwurks.flockfree/net.osmand.plus.activities.MapActivity} origActivity=null realActivity=ComponentInfo{com.yetiwurks.flockfree/net.osmand.plus.activities.FlockFreeSplashActivity} numActivities=1 lastActiveTime=133736415 supportsMultiWindow=true supportsGlobalFreeform=true resizeMode=1 isResizeable=true isAppLocked=false canKillAndRestart=false isShowDecorCaptionWindowRequest=false minWidth=-1 minHeight=-1 defaultMinSize=200 token=WCT{android.window.IWindowContainerToken$Stub$Proxy@8a5e947} topActivityType=1 pictureInPictureParams=null shouldDockBigOverlays=false launchIntoPipHostTaskId=-1 lastParentTaskIdBeforePip=-1 displayCutoutSafeInsets=Rect(0, 80 - 0, 0) topActivityInfo=ActivityInfo{fa22574 net.osmand.plus.activities.MapActivity} launchCookies=[] positionInParent=Point(0, 0) parentTaskId=-1 isFocused=true isVisible=true isVisibleRequested=true isSleeping=false topActivityInSizeCompat=false topActivityEligibleForLetterboxEducation= false topActivityLetterboxed= false isFromDoubleTap= false topActivityLetterboxVerticalPosition= -1 topActivityLetterboxHorizontalPosition= -1 topActivityLetterboxWidth=-1 topActivityLetterboxHeight=-1 locusId=null displayAreaFeatureId=1 cameraCompatControlState=hidden}, remoteTransition = null, displayChange = null, flags = 0 }
06-23 10:49:16.105 I/ActivityTaskManager( 1780): START u0 {act=android.intent.action.VIEW dat=osmand.api://navigate/... flg=0x10000000 pkg=com.yetiwurks.flockfree cmp=com.yetiwurks.flockfree/net.osmand.plus.activities.MapActivity} with LAUNCH_SINGLE_TASK from uid 2000 (startActivityAsUser) (BAL_ALLOW_PERMISSION) result code=3
06-23 10:49:16.110 D/WindowManagerShell( 2174): onActivityRestartAttempt: ComponentInfo{com.yetiwurks.flockfree/net.osmand.plus.activities.MapActivity}
06-23 10:49:16.113 V/WindowManagerShell( 2174): onTransitionReady android.os.BinderProxy@95fdc86: {id=334 t=OPEN f=0x0 trk=0 r=[] c=[]}
06-23 10:49:16.113 V/WindowManagerShell( 2174): No transition roots in (#334)android.os.BinderProxy@95fdc86@0 so abort
06-23 10:49:16.113 V/WindowManager( 1780): Sent Transition #334 createdAt=06-23 10:49:16.095 via request=TransitionRequestInfo { type = 1, triggerTask = TaskInfo{userId=0 taskId=261 displayId=0 isRunning=true baseIntent=Intent { act=android.intent.action.MAIN cat=[android.intent.category.LAUNCHER] flg=0x10200000 cmp=com.yetiwurks.flockfree/net.osmand.plus.activities.FlockFreeSplashActivity } baseActivity=ComponentInfo{com.yetiwurks.flockfree/net.osmand.plus.activities.MapActivity} topActivity=ComponentInfo{com.yetiwurks.flockfree/net.osmand.plus.activities.MapActivity} origActivity=null realActivity=ComponentInfo{com.yetiwurks.flockfree/net.osmand.plus.activities.FlockFreeSplashActivity} numActivities=1 lastActiveTime=133736415 supportsMultiWindow=true supportsGlobalFreeform=true resizeMode=1 isResizeable=true isAppLocked=false canKillAndRestart=true isShowDecorCaptionWindowRequest=false minWidth=-1 minHeight=-1 defaultMinSize=200 token=WCT{RemoteToken{439af28 Task{2588ef3 #261 type=standard A=10409:com.yetiwurks.flockfree}}} topActivityType=1 pictureInPictureParams=null shouldDockBigOverlays=false launchIntoPipHostTaskId=-1 lastParentTaskIdBeforePip=-1 displayCutoutSafeInsets=Rect(0, 80 - 0, 0) topActivityInfo=ActivityInfo{3dc9d6a net.osmand.plus.activities.MapActivity} launchCookies=[] positionInParent=Point(0, 0) parentTaskId=-1 isFocused=true isVisible=true isVisibleRequested=true isSleeping=false topActivityInSizeCompat=false topActivityEligibleForLetterboxEducation= false topActivityLetterboxed= false isFromDoubleTap= false topActivityLetterboxVerticalPosition= -1 topActivityLetterboxHorizontalPosition= -1 topActivityLetterboxWidth=-1 topActivityLetterboxHeight=-1 locusId=null displayAreaFeatureId=1 cameraCompatControlState=hidden}, remoteTransition = null, displayChange = null, flags = 0 }
06-23 10:49:16.113 V/WindowManager( 1780):     startWCT=WindowContainerTransaction { changes = {} hops = [] errorCallbackToken=null taskFragmentOrganizer=null }
06-23 10:49:16.113 V/WindowManager( 1780):     info={id=334 t=OPEN f=0x0 trk=0 r=[] c=[]}
06-23 10:49:16.113 V/WindowManagerShell( 2174): Transition animation finished (aborted=true), notifying core (#334)android.os.BinderProxy@95fdc86@0
06-23 10:49:16.115 V/WindowManager( 1780): Finish Transition #334: created at 06-23 10:49:16.095 collect-started=0.121ms request-sent=9.348ms started=14.747ms ready=14.57ms sent=16.828ms finished=19.294ms
06-23 10:49:16.115 I/gralloc4(17946): @set_metadata: update dataspace from GM (0x00000000 -> 0x08010000)
06-23 10:49:16.115 V/WindowManagerShell( 2174): Track 0 became idle
06-23 10:49:16.115 V/WindowManagerShell( 2174): All active transition animations finished
06-23 10:49:16.124 I/gralloc4(17946): @set_metadata: update dataspace from GM (0x00000000 -> 0x08010000)
06-23 10:49:16.127 I/net.osmand(17946): OsmAndLocationProvider >>>> stopLocationRequests {main}
06-23 10:49:16.135 D/net.osmand(17946): Disable sensor
06-23 10:49:16.136 I/ApFusion(  970): enable, handle:2, en:0
06-23 10:49:16.142 I/net.osmand(17946): MapActivity >>>> MAP_ACTIVITY_ENABLED = false {main}
06-23 10:49:16.151 I/FusedLocation( 2744): (REDACTED) stationary throttling engaged @%s
06-23 10:49:16.160 D/android.hardware.gnss-service.mediatek(  965): hal2mnl_gps_stop: hal2mnl_gps_stop
06-23 10:49:16.160 D/android.hardware.gnss-service.mediatek(  965): gpshal2mnl_gps_stop: SCHEDULING stop_timer return: 0
06-23 10:49:16.160 W/AlarmManager( 1780): Unrecognized alarm listener com.android.server.location.gnss.GnssLocationProvider$$ExternalSyntheticLambda13@4f8641e
06-23 10:49:16.160 D/mtk_lbs_utility( 1242): start_timer_check_ret: start_timer_check_ret ret=0
06-23 10:49:16.160 W/MNLD    ( 1242): hal_gps_stop: hal_gps_stop
06-23 10:49:16.160 W/MNLD    ( 1242): mnld_fsm: mnld_fsm() state=[STARTED] event=[STOP], user=0x00000000
06-23 10:49:16.160 D/mtk_lbs_utility( 1242): start_timer_check_ret: start_timer_check_ret ret=0
06-23 10:49:16.160 W/MNLD    ( 1242): mnld_gps_suspend_mode_entry_check: suspend check: to_go = 1, scr = 1, timeout_sec = 120000, nmea_timeout = 0, meta_or_factory = 0, agps_open_gps_flag= 0, suspend_ext:EN:1, AV:1, suspend EN:1
06-23 10:49:16.161 D/MNLD    ( 1242): mnld_main_thread: mnld_main_thread stop_timer return: 0
06-23 10:49:16.161 W/AlarmManager( 1780): Unrecognized alarm listener com.android.server.location.gnss.GnssLocationProvider$$ExternalSyntheticLambda12@977f4ff
06-23 10:49:16.161 D/mtk_lbs_utility( 1242): start_timer_check_ret: start_timer_check_ret ret=0
06-23 10:49:16.161 D/MNLD    ( 1242): mnld_gps_stop_nmea_monitor: mnld_gps_stop_nmea_monitor stop_timer return: 0
06-23 10:49:16.165 D/gps_dbg_log( 1242): gps_stop_dbglog_release_condition: exit while, gps_dbg_log thread exit
06-23 10:49:16.165 D/gps_dbg_log( 1242): gps_dbg_log_thread: close log file
06-23 10:49:16.165 D/gps_dbg_log( 1242): gps_stop_dbglog_release_condition: exit while, gps_dbg_log thread exit
06-23 10:49:16.165 I/gralloc4( 2174): @set_metadata: update dataspace from GM (0x00000000 -> 0x08010000)
06-23 10:49:16.169 I/Pressure(  970): enable: handle:5, en:0 
06-23 10:49:16.185 D/gps_dbg_log( 1242): gps_dbg_log_exit_flush: gpsdbglog and gps_rawmea_dbglog thread exit OK!
06-23 10:49:16.187 D/mtk_lbs_utility( 1242): stop_timer_check_ret: stop_timer_check_ret ret=0
06-23 10:49:16.187 D/mtk_lbs_utility( 1242): start_timer_check_ret: start_timer_check_ret ret=0
06-23 10:49:16.187 W/MNLD    ( 1242): main_event_hdlr: GPS2MAIN_EVENT_SUSPEND_DONE
06-23 10:49:16.187 W/MNLD    ( 1242): mnld_fsm: mnld_fsm() state=[STOPPING] event=[SUSPEND_DONE], user=0x00000000
06-23 10:49:16.187 D/MNLD    ( 1242): fsm_gps_state_stopping: fsm_gps_state_stopping stop_timer return: 0
06-23 10:49:16.187 D/mnl2hal ( 1242): mnl2hal_gps_status: mnl2hal_gps_status  status=2
06-23 10:49:16.187 D/mnl2hal ( 1242): mnl2hal_gps_status: mnl2hal_gps_status  status=4
06-23 10:49:16.187 D/android.hardware.gnss-service.mediatek(  965): update_gps_status:   status=2
06-23 10:49:16.187 D/MNL2AGPS( 1242): mnl2agps_gps_close: mnl2agps_gps_close
06-23 10:49:16.188 D/MNLD    ( 1242): fsm_gps_state_stopping: Change from clock ext suspend mode to close after 120000 ms
06-23 10:49:16.188 D/MNLD    ( 1242): mnld_main_thread: mnld_main_thread stop_timer return: 0
06-23 10:49:16.194 W/ContextImpl( 1780): Calling a method in the system process without a qualified user: android.app.ContextImpl.sendBroadcast:1246 com.android.server.location.gnss.GnssStatusProvider.onReportStatus:176 com.android.server.location.gnss.hal.GnssNative.lambda$reportStatus$1:1057 com.android.server.location.gnss.hal.GnssNative.$r8$lambda$F6DnFXuQAsM3YqWh-0NCwFi1vMk:0 com.android.server.location.gnss.hal.GnssNative$$ExternalSyntheticLambda21.runOrThrow:0 
06-23 10:49:16.194 E/net.osmand(17946): SearchHistoryDBHelper Reinsert all values for search history {main}
06-23 10:49:16.196 D/android.hardware.gnss-service.mediatek(  965): update_gps_status:   status=4
06-23 10:49:16.196 I/Gnss    (  965): updateWakelock: GNSS HAL Wakelock released
06-23 10:49:16.198 D/EnhancedConnectivityController( 1780): Wifi onCapabilitiesChanged
06-23 10:49:16.198 D/EnhancedConnectivityController( 1780): Default net onCapabilitiesChanged
06-23 10:49:16.198 D/EnhancedConnectivityController( 1780): updateDefaultNet:101
06-23 10:49:16.198 D/EnhancedConnectivityController( 1780): mayUpdateNotification: shouldShow=false,UidsBlocked=false, net info=net:101,ifName=wlan0,securityType=4,isDefault=true,ssid="crazy",notificationId=0
06-23 10:49:16.200 D/android.hardware.wifi@1.0-service-lazy( 2125): WifiRequest::create vendor command to iface 37, vendor_id=0x1a11, subcmd=0x0002, res=0
06-23 10:49:16.200 D/WifiHAL ( 2125): In GetFeatureSetCommand::handleResponse for 5
06-23 10:49:16.200 D/WifiHAL ( 2125): vendor_id = 0x0, subcmd = 0x0
06-23 10:49:16.200 I/WifiHAL ( 2125): feature_set=0x8488141a
06-23 10:49:16.202 I/ModemStats( 3496): [DataStallDetectService] onCapabilitiesChanged networkCapabilities=[ Transports: WIFI Capabilities: NOT_METERED&INTERNET&NOT_RESTRICTED&TRUSTED&NOT_VPN&VALIDATED&NOT_ROAMING&FOREGROUND&NOT_CONGESTED&NOT_SUSPENDED&NOT_VCN_MANAGED LinkUpBandwidth>=12000Kbps LinkDnBandwidth>=60000Kbps TransportInfo: <SSID: <unknown ssid>, BSSID: 02:00:00:00:00:00, MAC: 02:00:00:00:00:00, IP: /192.168.1.139, Security type: 4, Supplicant state: COMPLETED, Wi-Fi standard: 11ac, RSSI: -60, Link speed: 351Mbps, Tx Link speed: 351Mbps, Max Supported Tx Link speed: 433Mbps, Calculated Tx : 0Mbps, Rx Link speed: 390Mbps, Max Supported Rx Link speed: 433Mbps, Calculated Rx : 0Mbps, Frequency: 5805MHz, Net ID: -1, Metered hint: false, score: 100, isUsable: true, CarrierMerged: false, SubscriptionId: -1, IsPrimary: -1, Trusted: true, Restricted: false, Ephemeral: false, OEM paid: false, OEM private: false, OSU AP: false, FQDN: <none>, Provider friendly name: <none>, Requesting package name: <none><none>MLO Information: , Is TID-To-Link negotiation supported by the AP: false, AP MLD Address: <none>, AP MLO Link Id: <none>, AP MLO Affiliated links: <none>, Vendor Data: <none>> SignalStrength: -60 UnderlyingNetworks: Null]
06-23 10:49:16.203 I/ModemStats( 3496): [DataStallDetectService] onCapabilitiesChanged NET_CAPABILITY_VALIDATED=true
06-23 10:49:16.203 I/ModemStats( 3496): [DataStallDetectService] onCapabilitiesChanged mDataStallManager.mDataStallInstance=null
06-23 10:49:16.203 I/ModemStats( 3496): [DataStallDetectService] onCapabilitiesChanged mDataStallSmart5gManager.mDataStallInstance=null
06-23 10:49:16.204 D/AgpsApn ( 1780): mDefaultNetworkcallback onCapabilitiesChanged: network=101, nc=[ Transports: WIFI Capabilities: NOT_METERED&INTERNET&NOT_RESTRICTED&TRUSTED&NOT_VPN&VALIDATED&NOT_ROAMING&FOREGROUND&NOT_CONGESTED&NOT_SUSPENDED&NOT_VCN_MANAGED LinkUpBandwidth>=12000Kbps LinkDnBandwidth>=60000Kbps TransportInfo: <SSID: <unknown ssid>, BSSID: 02:00:00:00:00:00, MAC: 02:00:00:00:00:00, IP: /192.168.1.139, Security type: 4, Supplicant state: COMPLETED, Wi-Fi standard: 11ac, RSSI: -60, Link speed: 351Mbps, Tx Link speed: 351Mbps, Max Supported Tx Link speed: 433Mbps, Calculated Tx : 0Mbps, Rx Link speed: 390Mbps, Max Supported Rx Link speed: 433Mbps, Calculated Rx : 0Mbps, Frequency: 5805MHz, Net ID: -1, Metered hint: false, score: 100, isUsable: true, CarrierMerged: false, SubscriptionId: -1, IsPrimary: 1, Trusted: true, Restricted: false, Ephemeral: false, OEM paid: false, OEM private: false, OSU AP: false, FQDN: <none>, Provider friendly name: <none>, Requesting package name: <none><none>MLO Information: , Is TID-To-Link negotiation supported by the AP: false, AP MLD Address: <none>, AP MLO Link Id: <none>, AP MLO Affiliated links: <none>, Vendor Data: <none>> SignalStrength: -60 AdminUids: [10300] SSID: "crazy" UnderlyingNetworks: Null]
06-23 10:49:16.204 D/AgpsApn ( 1780): onCapabilitiesChanged: mDefaultNetHasInt=true
06-23 10:49:16.204 I/HalDevMgr( 1780): bestIfaceCreationProposal is null, requestIface=STA, existingIface=[name=wlan0 type=STA]
06-23 10:49:16.207 I/NullBinder( 2744): NullBinder for android.net.action.RECOMMEND_NETWORKS triggering remote TransactionTooLargeException due to Service without Chimera impl, calling uid: 1000, calling pid: 0
06-23 10:49:16.207 W/Binder  ( 2744): reply too large data on java level: InterfaceDescriptor = null, code = 1
06-23 10:49:16.207 W/.gms.persistent( 2744): Large reply transaction of 1056768 bytes, interface descriptor , code 1
06-23 10:49:16.209 I/MagicTether( 2744): (REDACTED) [ActiveNetworkTracker] setActiveNetwork: %s
06-23 10:49:16.209 I/MagicTether( 2744): (REDACTED) [TetherService] onActiveNetworkChanged: network=%s isLost=%s
06-23 10:49:16.209 I/MagicTether( 2744): [WifiConnectionHandler] Ignoring getWifiConfigurationByNetworkId when checking connected state [CONTEXT service_id=276 ]
06-23 10:49:16.209 I/MagicTether( 2744): [WifiConnectionHandler] No networkId set, can't be connected. [CONTEXT service_id=276 ]
06-23 10:49:16.210 I/BugleRcsEngine( 3419): handleMessage processing message:[NOTIFY_UPTIME_IGNORE_STATE_CHANGED] with [non-null]:RcsEngineImpl reference [CONTEXT log_prefix="RcsEngineImpl[DUAL_REG]:[280c1904-7479]>Handler" thread_id=65 ]
06-23 10:49:16.211 I/BugleRcsEngine( 3419): Connected state: [1], networkType: [WIFI] [CONTEXT thread_id=56 ]
06-23 10:49:16.211 I/BugleRcsEngine( 3419): Cannot use CS.apk as it's battery optimized [CONTEXT thread_id=65 ]
06-23 10:49:16.211 D/OtaApp  (19688): PollingManagerService:NetworkCallback:networkCapabilities=[ Transports: WIFI Capabilities: NOT_METERED&INTERNET&NOT_RESTRICTED&TRUSTED&NOT_VPN&VALIDATED&NOT_ROAMING&FOREGROUND&NOT_CONGESTED&NOT_SUSPENDED&NOT_VCN_MANAGED LinkUpBandwidth>=12000Kbps LinkDnBandwidth>=60000Kbps TransportInfo: <SSID: <unknown ssid>, BSSID: 02:00:00:00:00:00, MAC: 02:00:00:00:00:00, IP: /192.168.1.139, Security type: 4, Supplicant state: COMPLETED, Wi-Fi standard: 11ac, RSSI: -60, Link speed: 351Mbps, Tx Link speed: 351Mbps, Max Supported Tx Link speed: 433Mbps, Calculated Tx : 0Mbps, Rx Link speed: 390Mbps, Max Supported Rx Link speed: 433Mbps, Calculated Rx : 0Mbps, Frequency: 5805MHz, Net ID: -1, Metered hint: false, score: 100, isUsable: true, CarrierMerged: false, SubscriptionId: -1, IsPrimary: -1, Trusted: true, Restricted: false, Ephemeral: false, OEM paid: false, OEM private: false, OSU AP: false, FQDN: <none>, Provider friendly name: <none>, Requesting package name: <none><none>MLO Information: , Is TID-To-Link negotiation supported by the AP: false, AP MLD Address: <none>, AP MLO Link Id: <none>, AP MLO Affiliated links: <none>, Vendor Data: <none>> SignalStrength: -60 UnderlyingNetworks: Null]
06-23 10:49:16.212 I/MagicTether( 2744): (REDACTED) [TetherService] TRANSPORT_CELLULAR [%s], TRANSPORT_ETHERNET [%s], TRANSPORT_WIFI [%s]
06-23 10:49:16.212 E/PhoneInterfaceManager( 2407): getCarrierPrivilegeStatusForUid: Invalid subId
06-23 10:49:16.212 I/MagicTether( 2744): (REDACTED) [TetherService] setRoles hasActiveNetworkConnection=%s canActiveNetworkBeTethered=%s isConnectedToInstantTether=%s isWifiEnabled=%s isHosting=%s
06-23 10:49:16.214 I/BugleRcsEngine( 3419): No RCS Configuration was found in Bugle for simID: redacted-pii:sim_id[chars:0,last3:] [CONTEXT log_prefix="ProvisioningEngineDataRetriever" thread_id=65 ]
06-23 10:49:16.214 I/NearbyMediums( 2744): Wifi changed new SSID: "crazy"
06-23 10:49:16.215 I/NearbyMediums( 2744): WifiLanConnectivityInfo is not changed, skip notify.
06-23 10:49:16.211 D/Fota    (19648): ConnectivityActionReceiver:NetworkCallback:networkCapabilities=[ Transports: WIFI Capabilities: NOT_METERED&INTERNET&NOT_RESTRICTED&TRUSTED&NOT_VPN&VALIDATED&NOT_ROAMING&FOREGROUND&NOT_CONGESTED&NOT_SUSPENDED&NOT_VCN_MANAGED LinkUpBandwidth>=12000Kbps LinkDnBandwidth>=60000Kbps TransportInfo: <SSID: <unknown ssid>, BSSID: 02:00:00:00:00:00, MAC: 02:00:00:00:00:00, IP: /192.168.1.139, Security type: 4, Supplicant state: COMPLETED, Wi-Fi standard: 11ac, RSSI: -60, Link speed: 351Mbps, Tx Link speed: 351Mbps, Max Supported Tx Link speed: 433Mbps, Calculated Tx : 0Mbps, Rx Link speed: 390Mbps, Max Supported Rx Link speed: 433Mbps, Calculated Rx : 0Mbps, Frequency: 5805MHz, Net ID: -1, Metered hint: false, score: 100, isUsable: true, CarrierMerged: false, SubscriptionId: -1, IsPrimary: -1, Trusted: true, Restricted: false, Ephemeral: false, OEM paid: false, OEM private: false, OSU AP: false, FQDN: <none>, Provider friendly name: <none>, Requesting package name: <none><none>MLO Information: , Is TID-To-Link negotiation supported by the AP: false, AP MLD Address: <none>, AP MLO Link Id: <none>, AP MLO Affiliated links: <none>, Vendor Data: <none>> SignalStrength: -60 UnderlyingNetworks: Null]
06-23 10:49:16.216 I/MagicTether( 2744): (REDACTED) [LaunchUtils] Instant Wifi for status account: name: %s | type: %s | isLaunched: %s
06-23 10:49:16.216 I/MagicTether( 2744): (REDACTED) [TidepoolFeatureStatusManager] isInstantHotspotEnabled=%s
06-23 10:49:16.216 I/MagicTether( 2744): (REDACTED) [TidepoolFeatureStatusManager] isInstantWifiEnabled=%s
06-23 10:49:16.216 I/MagicTether( 2744): (REDACTED) [TetherService] startNearbyClientRole: start: %s isInstantHotspotEnabled: %s isInstantWifiEnabled: %s
06-23 10:49:16.216 I/MagicTether( 2744): [TetherService] Stopping Nearby client role [CONTEXT service_id=276 ]
06-23 10:49:16.216 I/MagicTether( 2744): [ClientTetherRole] Client role already stopped [CONTEXT service_id=276 ]
06-23 10:49:16.217 I/MagicTether( 2744): (REDACTED) [LaunchUtils] Instant Wifi for status account: name: %s | type: %s | isLaunched: %s
06-23 10:49:16.217 I/MagicTether( 2744): (REDACTED) [TidepoolFeatureStatusManager] isInstantHotspotEnabled=%s
06-23 10:49:16.217 I/MagicTether( 2744): (REDACTED) [TidepoolFeatureStatusManager] isInstantWifiEnabled=%s
06-23 10:49:16.217 I/MagicTether( 2744): (REDACTED) [TetherService] startNearbyHostRole: start: %s isInstantHotspotEnabled: %s isInstantWifiEnabled: %s
06-23 10:49:16.217 I/MagicTether( 2744): (REDACTED) [TidepoolFeatureStatusManager] isInstantHotspotEnabled=%s
06-23 10:49:16.217 I/MagicTether( 2744): [HostTetherRole] Nearby host role already started [CONTEXT service_id=276 ]
06-23 10:49:16.309 I/libPerfCtl(  989): xgfGetFPS pid:2174 fps:-1
06-23 10:49:16.309 I/libPerfCtl(  989): xgfGetFPS pid:17946 fps:44
06-23 10:49:16.395 D/net.osmand(17946): Enable sensor
06-23 10:49:16.395 I/net.osmand(17946): RouteProvider Start finding route from Location[mProvider=map,mTime=0,mLatitude=45.16080093383789,mLongitude=-93.23490142822266,mHasAltitude=false,mAltitude=0.0,mHasSpeed=false,mSpeed=0.0,mHasBearing=false,mBearing=0.0,mHasAccuracy=false,mAccuracy=0.0,mHasVerticalAccuracy=false,mVerticalAccuracy=0.0 to Lat 44.9778 Lon -93.265 using OsmAnd (offline) {pool-5-thread-1}
06-23 10:49:16.397 I/ApFusion(  970): batch: handle:2, flag:0,samplingPeriodNs:20000000 maxBatchReportLatencyNs:0
06-23 10:49:16.397 I/ApFusion(  970): enable, handle:2, en:1
06-23 10:49:16.400 W/net.osmand(17946): RouteProvider Use 407 MB Free 4.006851 of 87.27429 max 512.0 {pool-5-thread-1}
06-23 10:49:16.400 W/net.osmand(17946): RouteProvider Use 256 MB of native memory  {pool-5-thread-1}
06-23 10:49:16.407 I/net.osmand(17946): OsmandApplication >>>> APP startNavigationService = 1 {main}
06-23 10:49:16.410 D/InAppPurchaseHelper(17946): Destroying helper.
06-23 10:49:16.416 I/net.osmand(17946): MapRenderRepositories RENDER MAP: new request RotatedTileBox [lat=45.18397302540015, lon=-93.22183452501514, rotate=0.0, density=1.75, zoom=17, mapDensity=1.75, zoomAnimation=0.0, zoomFloatPart=0.0, cx=600, cy=1658, pixWidth=1200, pixHeight=2336] {Loader map objects (synchronizer)}
06-23 10:49:16.426 D/VRI[MapActivity](17946): update {(0,0)(fillxfill) sim={adjust=resize} ty=BASE_APPLICATION wanim=0x10302fe
06-23 10:49:16.426 D/VRI[MapActivity](17946):   fl=LAYOUT_IN_SCREEN LAYOUT_INSET_DECOR SHOW_WHEN_LOCKED DISMISS_KEYGUARD SPLIT_TOUCH HARDWARE_ACCELERATED DRAWS_SYSTEM_BAR_BACKGROUNDS
06-23 10:49:16.426 D/VRI[MapActivity](17946):   pfl=NO_MOVE_ANIMATION FORCE_DRAW_STATUS_BAR_BACKGROUND FIT_INSETS_CONTROLLED
06-23 10:49:16.426 D/VRI[MapActivity](17946):   bhv=DEFAULT
06-23 10:49:16.426 D/VRI[MapActivity](17946):   fitSides=} by setLayoutParams
06-23 10:49:16.471 I/bt_shim_scanner( 2325): handle_remote_properties: handle_remote_properties Update device_type=0x3 addr_type=0x1
06-23 10:49:16.505 W/HidlServiceManagement( 1263): Waited for hwservicemanager.ready for a second, waiting another...
06-23 10:49:16.506 W/libc    ( 1263): Access denied finding property "hwservicemanager.ready"
06-23 10:49:16.506 W/libc    ( 1263): Access denied finding property "hwservicemanager.ready"
06-23 10:49:16.504 W/binder:1263_2( 1263): type=1400 audit(0.0:243587): avc:  denied  { read } for  name="u:object_r:hwservicemanager_prop:s0" dev="tmpfs" ino=219 scontext=u:r:lbs_dbg_ext:s0 tcontext=u:object_r:hwservicemanager_prop:s0 tclass=file permissive=0
06-23 10:49:16.504 W/binder:1263_2( 1263): type=1400 audit(0.0:243588): avc:  denied  { read } for  name="u:object_r:hwservicemanager_prop:s0" dev="tmpfs" ino=219 scontext=u:r:lbs_dbg_ext:s0 tcontext=u:object_r:hwservicemanager_prop:s0 tclass=file permissive=0
06-23 10:49:16.507 I/bt_shim_scanner( 2325): handle_remote_properties: handle_remote_properties Update device_type=0x2 addr_type=0x1
06-23 10:49:16.517 I/bt_shim_scanner( 2325): handle_remote_properties: handle_remote_properties Update device_type=0x2 addr_type=0x1
06-23 10:49:16.526 I/bt_shim_scanner( 2325): handle_remote_properties: handle_remote_properties Update device_type=0x3 addr_type=0x1
06-23 10:49:16.667 I/Scheduler( 1009): applyPolicy: UpdateRefreshRate 90 to 60 of group 0: [touch=0:0 touchBoost=0 scroll=0:0 idle=1:1]
06-23 10:49:16.667 E/SfCpu   ( 1009):  sched_setaffinity return fail 1009
06-23 10:49:16.668 E/SfCpu   ( 1009):  sched_setaffinity return fail 1202
06-23 10:49:16.668 E/SfCpu   ( 1009):  sched_setaffinity return fail 1199
06-23 10:49:16.669 I/hwcomposer(  967): [DRMDEV] (0) failed to waitNextVsync: -1  
06-23 10:49:16.674 I/hwcomposer(  967): [HWC] (0) displaySetActiveConfig config:0  
06-23 10:49:16.676 I/hwcomposer(  967): [DRMDEV] (0) failed to waitNextVsync: -1  
06-23 10:49:16.676 I/hwcomposer(  967): [HWCDisplay] [Display_0 (type:1)] fps:37.404545,dur:1149.59,max:501.00,min:9.99  
06-23 10:49:16.707 I/NearbySharing( 2744): Network state changed: NetworkState(isRestricted=false, isOnline=true, isCongested=false, isMetered=false, isWifiConnected=true)
06-23 10:49:16.711 I/NearbySharing( 2744): Network state changed: NetworkState(isRestricted=false, isOnline=true, isCongested=false, isMetered=false, isWifiConnected=true)
06-23 10:49:16.765 D/net.osmand(17946): CommandPlayer abandonAudioFocus {Thread-2}
06-23 10:49:16.806 I/TextToSpeech(17946): Sucessfully bound to com.google.android.tts
06-23 10:49:16.809 D/TextToSpeechManagerPerUserService( 1780): Trying to start connection to TTS engine: com.google.android.tts
06-23 10:49:16.834 D/Zygote  (  940): Forked child process 19785
06-23 10:49:16.835 I/ActivityManager( 1780): Start proc 19785:com.google.android.tts/u0a272 for service {com.google.android.tts/com.google.android.apps.speech.tts.googletts.service.GoogleTtsService}
06-23 10:49:16.835 I/wurks.flockfree(17946): Explicit concurrent mark compact GC freed 28MB AllocSpace bytes, 38(1700KB) LOS objects, 26% free, 64MB/88MB, paused 2.077ms,5.139ms total 411.786ms
06-23 10:49:16.835 I/wurks.flockfree(17946): WaitForGcToComplete blocked Background on Explicit for 347.546ms
06-23 10:49:16.857 I/gle.android.tts(19785): Using generational CollectorTypeCMC GC.
06-23 10:49:16.863 I/adbd    (10397): jdwp connection from 19785
06-23 10:49:16.866 D/nativeloader(19785): Load libframework-connectivity-tiramisu-jni.so using APEX ns com_android_tethering for caller /apex/com.android.tethering/javalib/framework-connectivity-t.jar: ok
06-23 10:49:16.884 W/libprocessgroup( 1780): SetCgroup::ExecuteForProcess: failed to open /dev/blkio/top-app/cgroup.procs: No such file or directory
06-23 10:49:16.984 W/gle.android.tts(19785): Failed to find entry 'classes.dex': Entry not found
06-23 10:49:16.986 W/gle.android.tts(19785): Failed to find entry 'classes.dex': Entry not found
06-23 10:49:16.988 W/gle.android.tts(19785): Failed to find entry 'classes.dex': Entry not found
06-23 10:49:17.014 D/nativeloader(19785): Configuring clns-4 for other apk /data/app/~~pyzQ4R4QDHPk0Gw7PqNPOg==/com.google.android.tts-aeQEE_J4ezpbwdEAbYqiEw==/base.apk:/data/app/~~pyzQ4R4QDHPk0Gw7PqNPOg==/com.google.android.tts-aeQEE_J4ezpbwdEAbYqiEw==/split_config.arm64_v8a.apk:/data/app/~~pyzQ4R4QDHPk0Gw7PqNPOg==/com.google.android.tts-aeQEE_J4ezpbwdEAbYqiEw==/split_config.en.apk:/data/app/~~pyzQ4R4QDHPk0Gw7PqNPOg==/com.google.android.tts-aeQEE_J4ezpbwdEAbYqiEw==/split_config.xhdpi.apk. target_sdk_version=36, uses_libraries=, library_path=/data/app/~~pyzQ4R4QDHPk0Gw7PqNPOg==/com.google.android.tts-aeQEE_J4ezpbwdEAbYqiEw==/lib/arm64:/data/app/~~pyzQ4R4QDHPk0Gw7PqNPOg==/com.google.android.tts-aeQEE_J4ezpbwdEAbYqiEw==/base.apk!/lib/arm64-v8a:/data/app/~~pyzQ4R4QDHPk0Gw7PqNPOg==/com.google.android.tts-aeQEE_J4ezpbwdEAbYqiEw==/split_config.arm64_v8a.apk!/lib/arm64-v8a:/data/app/~~pyzQ4R4QDHPk0Gw7PqNPOg==/com.google.android.tts-aeQEE_J4ezpbwdEAbYqiEw==/split_config.en.apk!/lib/arm64-v8a:/data/app/~~pyzQ4R4QDHPk0Gw7PqNPOg==/com.google.android.tts-aeQEE_
06-23 10:49:17.023 I/net.osmand(17946): MapRenderRepositories Searching: 600 ms   (119 results found) {Loader map objects (synchronizer)}
06-23 10:49:17.028 D/nativeloader(19785): Load libframework-connectivity-jni.so using APEX ns com_android_tethering for caller /apex/com.android.tethering/javalib/framework-connectivity.jar: ok
06-23 10:49:17.034 V/GraphicsEnvironment(19785): Currently set values for:
06-23 10:49:17.034 V/GraphicsEnvironment(19785):   angle_gl_driver_selection_pkgs=[]
06-23 10:49:17.034 V/GraphicsEnvironment(19785):   angle_gl_driver_selection_values=[]
06-23 10:49:17.035 V/GraphicsEnvironment(19785): ANGLE GameManagerService for com.google.android.tts: false
06-23 10:49:17.035 V/GraphicsEnvironment(19785): com.google.android.tts is not listed in per-application setting
06-23 10:49:17.035 V/GraphicsEnvironment(19785): Neither updatable production driver nor prerelease driver is supported.
06-23 10:49:17.043 I/carui   (19785): CarUi plugin is disabled
06-23 10:49:17.085 I/Analytics(19785): Running on TYPE_PHONE
06-23 10:49:17.086 I/iet     (19785): SslGuard completed installation.
06-23 10:49:17.104 I/NativeLibraryLoader(19785): Beginning load of google_speech_sbg_tts_jni...
06-23 10:49:17.105 I/Typeface(19785): updateThemeFont new=Rookery-Regular;old=sans-serif;new=Rookery-Stacked;old=
06-23 10:49:17.106 I/ActivityManager( 1780): Flag disabled. Ignoring finishAttachApplication from uid: 10272. pid: 19785
06-23 10:49:17.156 I/VoiceDataDownloader(19785): Not already initialized. Initializing Superpacks.
06-23 10:49:17.161 I/VoiceDataDownloader(19785): Superpack object built.
06-23 10:49:17.161 I/VoiceDataDownloader(19785): Superpack slicing strategy registered
06-23 10:49:17.164 I/VoiceDataDownloader(19785): Superpack quota set for all voices.
06-23 10:49:17.167 I/VoiceDataDownloader(19785): Got bundled voice en-us-x-multi-r83
06-23 10:49:17.178 I/System.out(17946): Selected files: Us_minnesota_northamerica.obf car []
06-23 10:49:17.179 I/GoogleTtsServicePeer(19785): Creating Google TTS service, version googletts.google-speech-apk_20260524.00_p1.931347973
06-23 10:49:17.179 I/VoiceDataManager(19785): checkData: Refreshing list of all available voices...
06-23 10:49:17.180 I/SP      (19785): Registering ttsvoices.3274, url: null, constraints: *:*:*:*, flags: *, requested: 3274, current: 3274
06-23 10:49:17.193 I/FPSGO   ( 1046): fpsgo_boost_sched_idle_prefer:0
06-23 10:49:17.194 I/mtkpower_client( 1046): perf_lock_rel, hdl:226738, tid:1046
06-23 10:49:17.194 I/FPSGO   ( 1046): perfLockRel hdl:226738
06-23 10:49:17.194 I/FPSGO   ( 1046): fpsgo_boost_sched_rate_ns:-1
06-23 10:49:17.194 I/mtkpower_client( 1046): perf_lock_rel, hdl:226739, tid:1046
06-23 10:49:17.194 I/VoiceDataDownloader(19785): Superpacks created and default voices checked.
06-23 10:49:17.194 I/libPowerHal(  989): [perfLockRel] hdl:226738, idx:0
06-23 10:49:17.195 I/VoiceDataDownloader(19785): Successfully initialized Superpacks.
06-23 10:49:17.195 I/libPowerHal(  989): [PD] fpsgo update cmd:1404500 param:0
06-23 10:49:17.195 I/FPSGO   ( 1046): perfLockRel hdl:226739
06-23 10:49:17.195 I/libPowerHal(  989): [perfLockRel] hdl:226739, idx:1
06-23 10:49:17.196 I/libPowerHal(  989): [PD] fpsgo update cmd:1438300, param:1000
06-23 10:49:17.196 E/libPowerHal(  989): Could not open '/sys/devices/system/cpu/cpufreq/sugov_ext/up_rate_limit_us'
06-23 10:49:17.196 E/libPowerHal(  989): error : 2, No such file or directory
06-23 10:49:17.196 I/libPowerHal(  989): [PD] fpsgo update cmd:1438400, param:1000
06-23 10:49:17.196 E/libPowerHal(  989): Could not open '/sys/devices/system/cpu/cpufreq/sugov_ext/up_rate_limit_us'
06-23 10:49:17.196 E/libPowerHal(  989): error : 2, No such file or directory
06-23 10:49:17.196 I/libPowerHal(  989): [PD] fpsgo update cmd:1438600 param:1000
06-23 10:49:17.196 E/libPowerHal(  989): Could not open '/sys/devices/system/cpu/cpufreq/sugov_ext/down_rate_limit_us'
06-23 10:49:17.196 E/libPowerHal(  989): error : 2, No such file or directory
06-23 10:49:17.196 I/libPowerHal(  989): [PD] fpsgo update cmd:1438700 param:1000
06-23 10:49:17.197 E/libPowerHal(  989): Could not open '/sys/devices/system/cpu/cpufreq/sugov_ext/down_rate_limit_us'
06-23 10:49:17.197 E/libPowerHal(  989): error : 2, No such file or directory
06-23 10:49:17.223 I/VoiceDataDownloader(19785): getAvailableVoicesInfo en-us
06-23 10:49:17.224 I/VoiceGenerator(19785): Cache cleared
06-23 10:49:17.224 I/VoiceDataManager(19785): Calling onVoicesDataChange: updated voices
06-23 10:49:17.263 I/net.osmand(17946): OsmAndLocationProvider >>>> resumeAllUpdates {main}
06-23 10:49:17.280 I/net.osmand(17946): MapActivity >>>> MAP_ACTIVITY_ENABLED = true {main}
06-23 10:49:17.282 I/net.osmand(17946): PluginsHelper Package not found: net.osmand.srtmPlugin.paid {main}
06-23 10:49:17.283 I/net.osmand(17946): PluginsHelper Package not found: net.osmand.srtmPlugin {main}
06-23 10:49:17.285 I/net.osmand(17946): PluginsHelper Package not found: net.osmand.nauticalPlugin {main}
06-23 10:49:17.287 I/net.osmand(17946): PluginsHelper Package not found: net.osmand.aistrackerPlugin {main}
06-23 10:49:17.288 I/net.osmand(17946): PluginsHelper Package not found: net.osmand.dev {main}
06-23 10:49:17.289 I/FusedLocation( 2744): stationary throttling disengaged [CONTEXT service_id=6 ]
06-23 10:49:17.290 I/net.osmand(17946): PluginsHelper Package not found: net.osmand.skimapsPlugin {main}
06-23 10:49:17.291 I/net.osmand(17946): PluginsHelper Package not found: net.osmand.parkingPlugin {main}
06-23 10:49:17.297 W/ContextImpl( 1780): Calling a method in the system process without a qualified user: android.app.ContextImpl.sendBroadcast:1246 com.android.server.location.provider.LocationProviderManager$LocationRegistration$1.test:1006 com.android.server.location.provider.LocationProviderManager$LocationRegistration$1.test:960 android.location.LocationResult.filter:191 com.android.server.location.provider.LocationProviderManager$LocationRegistration.acceptLocationChange:959 
06-23 10:49:17.298 W/ContextImpl( 1780): Calling a method in the system process without a qualified user: android.app.ContextImpl.sendBroadcast:1246 com.android.server.location.provider.LocationProviderManager$LocationRegistration$1.test:1006 com.android.server.location.provider.LocationProviderManager$LocationRegistration$1.test:960 android.location.LocationResult.filter:191 com.android.server.location.provider.LocationProviderManager$LocationRegistration.acceptLocationChange:959 
06-23 10:49:17.299 D/mtk_lbs_utility( 1242): start_timer_check_ret: start_timer_check_ret ret=0
06-23 10:49:17.300 D/MNLD    ( 1242): mnld_nfw_mnl2agps_location_sync: ret = 51
06-23 10:49:17.300 D/MNLD    ( 1242): mnld_nfw_mnl2agps_location_sync: mnl2agps_location_sync success
06-23 10:49:17.300 D/MNLD    ( 1242): mnld_main_thread: mnld_main_thread stop_timer return: 0
06-23 10:49:17.301 W/ContextImpl( 1780): Calling a method in the system process without a qualified user: android.app.ContextImpl.sendBroadcast:1246 com.android.server.location.provider.LocationProviderManager$LocationRegistration$1.test:1006 com.android.server.location.provider.LocationProviderManager$LocationRegistration$1.test:960 android.location.LocationResult.filter:191 com.android.server.location.provider.LocationProviderManager$LocationRegistration.acceptLocationChange:959 
06-23 10:49:17.302 W/ContextImpl( 1780): Calling a method in the system process without a qualified user: android.app.ContextImpl.sendBroadcast:1246 com.android.server.location.provider.LocationProviderManager$LocationRegistration$1.test:1006 com.android.server.location.provider.LocationProviderManager$LocationRegistration$1.test:960 android.location.LocationResult.filter:191 com.android.server.location.provider.LocationProviderManager$LocationRegistration.acceptLocationChange:959 
06-23 10:49:17.304 W/ContextImpl( 1780): Calling a method in the system process without a qualified user: android.app.ContextImpl.sendBroadcast:1246 com.android.server.location.provider.LocationProviderManager$LocationRegistration$1.test:1006 com.android.server.location.provider.LocationProviderManager$LocationRegistration$1.test:960 android.location.LocationResult.filter:191 com.android.server.location.provider.LocationProviderManager$LocationRegistration.acceptLocationChange:959 
06-23 10:49:17.305 I/net.osmand(17946): MapRenderRepositories true {Loader map objects (synchronizer)}
06-23 10:49:17.305 I/net.osmand(17946): MapRenderRepositories RENDER MAP: new request RotatedTileBox [lat=45.18397302540015, lon=-93.22183452501514, rotate=0.0, density=1.75, zoom=17, mapDensity=1.75, zoomAnimation=0.0, zoomFloatPart=0.0, cx=600, cy=1658, pixWidth=1200, pixHeight=2336] {Loader map objects (synchronizer)}
06-23 10:49:17.306 W/ContextImpl( 1780): Calling a method in the system process without a qualified user: android.app.ContextImpl.sendBroadcast:1246 com.android.server.location.provider.LocationProviderManager$LocationRegistration$1.test:1006 com.android.server.location.provider.LocationProviderManager$LocationRegistration$1.test:960 android.location.LocationResult.filter:191 com.android.server.location.provider.LocationProviderManager$LocationRegistration.acceptLocationChange:959 
06-23 10:49:17.309 I/libPerfCtl(  989): xgfGetFPS pid:2174 fps:-1
06-23 10:49:17.309 I/libPerfCtl(  989): xgfGetFPS pid:17946 fps:-1
06-23 10:49:17.325 D/android.hardware.gnss-service.mediatek(  965): hal2mnl_gps_set_position_mode: hal2mnl_gps_set_position_mode  mode=0 recurrence=0 min_interval=100 preferred_acc=0 preferred_time=0 lowpowermode=0
06-23 10:49:17.326 D/android.hardware.gnss-service.mediatek(  965): hal2mnl_gps_set_position_mode: set report location time interval is 1.000000 s
06-23 10:49:17.326 D/mtk_lbs_utility( 1242): start_timer_check_ret: start_timer_check_ret ret=0
06-23 10:49:17.326 D/MNLD    ( 1242): hal_gps_set_position_mode: hal_gps_set_position_mode  mode=0 recurrence=0 min_interval=100 preferred_acc=0 preferred_time=0 lowPowerMode=0
06-23 10:49:17.326 D/MNLD    ( 1242): mnld_main_thread: mnld_main_thread stop_timer return: 0
06-23 10:49:17.326 D/android.hardware.gnss-service.mediatek(  965): hal2mnl_gps_start: hal2mnl_gps_start
06-23 10:49:17.327 D/mtk_lbs_utility( 1242): start_timer_check_ret: start_timer_check_ret ret=0
06-23 10:49:17.327 D/mnl2hal ( 1242): hal2mnl_hdlr: Debug HAL_VER=1.4
06-23 10:49:17.327 W/MNLD    ( 1242): hal_gps_start: hal_gps_start
06-23 10:49:17.327 D/MNLD    ( 1242): mnld_gps_delete_epo_data: Config is not set yet, ignore
06-23 10:49:17.327 D/epo     ( 1242): mtk_epo_is_expired: current time: 1782251357, current time:Tue Jun 23 16:49:17 2026
06-23 10:49:17.327 D/epo     ( 1242): mtk_epo_is_expired: EPO start time: 1782104400, EPO start time: Mon Jun 22 00:00:00 2026
06-23 10:49:17.327 D/epo     ( 1242): mtk_epo_is_expired: EPO file is valid, no need update
06-23 10:49:17.327 W/MNLD    ( 1242): mnld_fsm: mnld_fsm() state=[SUSPEND] event=[START], user=0x00000001
06-23 10:49:17.327 D/MNLD    ( 1242): fsm_gps_state_suspend: fsm_gps_state_suspend() data1=0,data2=0,data3=0x0
06-23 10:49:17.328 D/mtk_lbs_utility( 1242): start_timer_check_ret: start_timer_check_ret ret=0
06-23 10:49:17.328 I/Gnss    (  965): updateWakelock: GNSS HAL Wakelock acquired due to gps: 1, fused: 0
06-23 10:49:17.328 D/MNLD    ( 1242): mnld_main_thread: mnld_main_thread stop_timer return: 0
06-23 10:49:17.328 D/mtk_lbs_utility( 1242): start_timer_check_ret: start_timer_check_ret ret=0
06-23 10:49:17.328 W/gps_controlller( 1242): gps_control_event_hdlr: mnld version: MTK_MNLD_6_0_0_20040301
06-23 10:49:17.328 D/mnl_common( 1242): mnl_utl_load_property: dev_dsp/dev_dsp2/dev_gps : /dev/stpgps none UseCallback,init_speed/link_speed: 38400 921600
06-23 10:49:17.328 D/mnl_common( 1242): mnl_utl_load_property: EPO_Enabled: 1,BEE_Enabled: 0,SUPL_Enabled: 1,SUPLSI_Enabled: 1,RfPathLossDb_Ap: 0.00
06-23 10:49:17.328 D/mnl_common( 1242): mnl_utl_load_property: SUSPEND_enabled: 0, SUSPEND_timeout:0,SUSPEND_ext_enabled:0,SUSPEND_ext_timeout:0,SUSPEND_ext_available:0
06-23 10:49:17.328 D/mnl_common( 1242): mnl_utl_load_property: md_status: 0xffffffff
06-23 10:49:17.324 W/mnld    ( 1242): type=1400 audit(0.0:243589): avc:  denied  { read } for  name="u:object_r:default_prop:s0" dev="tmpfs" ino=151 scontext=u:r:mnld:s0 tcontext=u:object_r:default_prop:s0 tclass=file permissive=0
06-23 10:49:17.328 W/libc    ( 1242): Access denied finding property "ro.logsystem.usertype"
06-23 10:49:17.328 D/gps_dbg_log( 1242): gps_dbg_log_property_load: Get debuglog_limit_size(get from vendor.gpsdbglog.size) fail, use default value = 3000 MB
06-23 10:49:17.329 D/mnl2hal ( 1242): mnl2hal_update_gnss_name: mnl2hal_update_gnss_name, str=MTK_MNLD_6_0_0_20040301,MNL_VER_22112501ALPS05_6.70_00, len=54
06-23 10:49:17.334 I/gralloc4( 2174): @set_metadata: update dataspace from GM (0x00000000 -> 0x08010000)
06-23 10:49:17.335 W/libc    ( 1263): Access denied finding property "hwservicemanager.ready"
06-23 10:49:17.335 W/gps_controlller( 1242): linux_gps_init: session_id = 112l, suspend_en = 1, need_resume = 1
06-23 10:49:17.335 E/gps_controlller( 1242): mtk_gps_md_status_get: can't get md_status, it set to -1
06-23 10:49:17.332 W/binder:1263_2( 1263): type=1400 audit(0.0:243590): avc:  denied  { read } for  name="u:object_r:hwservicemanager_prop:s0" dev="tmpfs" ino=219 scontext=u:r:lbs_dbg_ext:s0 tcontext=u:object_r:hwservicemanager_prop:s0 tclass=file permissive=0
06-23 10:49:17.336 D/mpe     ( 1242): mnl_mpe_thread_init: mpe enabled
06-23 10:49:17.336 D/mpe     ( 1242): mnl_mpe_thread_init: register mpe cb 0,gMpeCallBackFunc= 0x5d4af38780,mtk_gps_mnl_trigger_mpe=0x5d4af38780
06-23 10:49:17.336 I/Pressure(  970): batch: handle:5, flag:0,samplingPeriodNs:100000000 maxBatchReportLatencyNs:0
06-23 10:49:17.336 D/MNLD    ( 1242): mtk_gps_dump_nfw_visibility: nfw_user_visibility[0]:0
06-23 10:49:17.336 W/gps_controlller( 1242): mnld_gps_lp_mode_sync: mnld_gps_lp_mode_sync success, lp_mode:3
06-23 10:49:17.336 D/mtk_lbs_utility( 1242): stop_timer_check_ret: stop_timer_check_ret ret=0
06-23 10:49:17.337 W/libc    ( 1263): Access denied finding property "hwservicemanager.ready"
06-23 10:49:17.337 D/gps_dbg_log( 1242): gps_dbg_log_thread: create: 388DECF0, arg = 0x0
06-23 10:49:17.332 W/binder:1263_2( 1263): type=1400 audit(0.0:243591): avc:  denied  { read } for  name="u:object_r:hwservicemanager_prop:s0" dev="tmpfs" ino=219 scontext=u:r:lbs_dbg_ext:s0 tcontext=u:object_r:hwservicemanager_prop:s0 tclass=file permissive=0
06-23 10:49:17.337 D/gps_dbg_log( 1242): gps_log_dir_check: open dir sucess
06-23 10:49:17.337 D/gps_dbg_log( 1242): gps_log_dir_check: DirLogSize_temp:0, the latest OldGpsFile:!
06-23 10:49:17.337 I/Pressure(  970): enable: handle:5, en:1 
06-23 10:49:17.337 D/gps_dbg_log( 1242): gps_log_dir_check: After remove file gpsdebug log dir size:0!
06-23 10:49:17.337 D/gps_dbg_log( 1242): gps_log_dir_check: dir size:0
06-23 10:49:17.337 D/android.hardware.gnss-service.mediatek(  965): update_gnss_name: length=54, name=MTK_MNLD_6_0_0_20040301,MNL_VER_22112501ALPS05_6.70_00
06-23 10:49:17.352 W/Settings( 2744): Setting airplane_mode_on has moved from android.provider.Settings.System to android.provider.Settings.Global, returning read-only value.
06-23 10:49:17.355 W/SystemServiceRegistry( 2744): No service published for: wifirtt
06-23 10:49:17.358 W/NotificationHistory( 1780): Attempted to remove conversation for locked/gone/disabled user 0
06-23 10:49:17.367 D/WifiHAL ( 2125): event received NL80211_CMD_TRIGGER_SCAN
06-23 10:49:17.367 D/VoLTE IMSM( 1527): send CTRL_CMD_GET_SCAN (module/mdagent/volte_imsm_93/src/wireless.c:574)
06-23 10:49:17.367 D/VoLTE IMSM( 1527): monitor_wifi_tech: mutex lock (module/mdagent/volte_imsm_93/src/wireless.c:589)
06-23 10:49:17.367 D/VoLTE IMSM( 1527): monitor_wifi_tech: mutex unlock (module/mdagent/volte_imsm_93/src/wireless.c:597)
06-23 10:49:17.367 D/VoLTE IMSM( 1527): FOUND[0] 18
06-23 10:49:17.367 D/VoLTE IMSM( 1527):  (module/mdagent/volte_imsm_93/src/wireless.c:599)
06-23 10:49:17.368 D/WifiHAL ( 2125): event received NL80211_CMD_NEW_SCAN_RESULTS
06-23 10:49:17.369 E/net.osmand(17946): MapActivity onResume for MapActivity took 958 ms {main}
06-23 10:49:17.370 D/WifiNl80211Manager( 1780): Scan result ready event
06-23 10:49:17.370 D/WifiNative( 1780): Scan result ready event
06-23 10:49:17.378 I/WifiScanner( 2744): onFullResults
06-23 10:49:17.379 I/WifiScanner( 2744): onFullResults
06-23 10:49:17.379 D/mtk_lbs_utility( 1242): start_timer_check_ret: start_timer_check_ret ret=0
06-23 10:49:17.379 I/WifiScanner( 2744): onFullResults
06-23 10:49:17.380 D/VRI[MapActivity](17946): update {(0,0)(fillxfill) sim={adjust=resize forwardNavigation} ty=BASE_APPLICATION wanim=0x10302fe
06-23 10:49:17.380 D/VRI[MapActivity](17946):   fl=KEEP_SCREEN_ON LAYOUT_IN_SCREEN LAYOUT_INSET_DECOR SHOW_WHEN_LOCKED DISMISS_KEYGUARD SPLIT_TOUCH HARDWARE_ACCELERATED DRAWS_SYSTEM_BAR_BACKGROUNDS
06-23 10:49:17.380 D/VRI[MapActivity](17946):   pfl=NO_MOVE_ANIMATION FORCE_DRAW_STATUS_BAR_BACKGROUND USE_BLAST APPEARANCE_CONTROLLED FIT_INSETS_CONTROLLED
06-23 10:49:17.380 D/VRI[MapActivity](17946):   vsysui=LAYOUT_STABLE LAYOUT_FULLSCREEN
06-23 10:49:17.380 D/VRI[MapActivity](17946):   bhv=DEFAULT
06-23 10:49:17.380 D/VRI[MapActivity](17946):   fitSides=} by setLayoutParams
06-23 10:49:17.380 D/mtk_lbs_utility( 1242): stop_timer_check_ret: stop_timer_check_ret ret=0
06-23 10:49:17.389 D/android.hardware.wifi@1.0-service-lazy( 2125): WifiRequest::create vendor command to iface 37, vendor_id=0x1a11, subcmd=0x0002, res=0
06-23 10:49:17.389 I/FrewleTileCacheManagerV( 2744): (REDACTED) Fetched %d AP models from cache
06-23 10:49:17.389 D/WifiHAL ( 2125): In GetFeatureSetCommand::handleResponse for 5
06-23 10:49:17.389 D/WifiHAL ( 2125): vendor_id = 0x0, subcmd = 0x0
06-23 10:49:17.389 I/WifiHAL ( 2125): feature_set=0x8488141a
06-23 10:49:17.393 I/HalDevMgr( 1780): bestIfaceCreationProposal is null, requestIface=STA, existingIface=[name=wlan0 type=STA]
06-23 10:49:17.394 D/mtk_lbs_utility( 1242): start_timer_check_ret: start_timer_check_ret ret=0
06-23 10:49:17.395 D/MNLD    ( 1242): mnld_main_thread: mnld_main_thread stop_timer return: 0
06-23 10:49:17.395 I/gralloc4( 2174): @set_metadata: update dataspace from GM (0x00000000 -> 0x08010000)
06-23 10:49:17.397 I/FPSGO   ( 1046): fpsgo_boost_sched_idle_prefer:1
06-23 10:49:17.397 I/mtkpower_client( 1046): perf_lock_acq, hdl:0, dur:0, num:2, tid:1046
06-23 10:49:17.397 I/Scheduler( 1009): applyPolicy: UpdateRefreshRate 60 to 90 of group 0: [touch=0:0 touchBoost=0 scroll=0:0 idle=0:0]
06-23 10:49:17.398 I/mtkpower_client( 1046): ret_hdl:226740
06-23 10:49:17.398 I/FPSGO   ( 1046): perfLockAcq hdl:226740
06-23 10:49:17.398 E/SfCpu   ( 1009):  sched_setaffinity return fail 1009
06-23 10:49:17.398 I/FPSGO   ( 1046): fpsgo_boost_sched_rate_ns:0
06-23 10:49:17.398 I/mtkpower_client( 1046): perf_lock_acq, hdl:0, dur:0, num:12, tid:1046
06-23 10:49:17.398 E/SfCpu   ( 1009):  sched_setaffinity return fail 1202
06-23 10:49:17.398 E/SfCpu   ( 1009):  sched_setaffinity return fail 1199
06-23 10:49:17.398 I/libPowerHal(  989): [perfLockAcq] idx:0 hdl:226740 hint:-1 pid:1046 duration:0 lock_user:fpsgo => ret_hdl:226740
06-23 10:49:17.399 I/libPowerHal(  989): [PE] fpsgo update cmd:1404500 param:1
06-23 10:49:17.399 I/mtkpower_client( 1046): ret_hdl:226741
06-23 10:49:17.399 I/FPSGO   ( 1046): perfLockAcq hdl:226741
06-23 10:49:17.399 I/libPowerHal(  989): cmdSetting - unknown cmd:1438500, scmd:(null) ,param_1:0
06-23 10:49:17.399 I/libPowerHal(  989): cmdSetting - unknown cmd:1438800, scmd:(null) ,param_1:0
06-23 10:49:17.399 I/libPowerHal(  989): [perfLockAcq] idx:1 hdl:226741 hint:-1 pid:1046 duration:0 lock_user:fpsgo => ret_hdl:226741
06-23 10:49:17.399 E/libPowerHal(  989): Could not open '/sys/devices/system/cpu/cpufreq/sugov_ext/up_rate_limit_us'
06-23 10:49:17.400 E/libPowerHal(  989): error : 2, No such file or directory
06-23 10:49:17.400 E/libPowerHal(  989): Could not open '/sys/devices/system/cpu/cpufreq/sugov_ext/up_rate_limit_us'
06-23 10:49:17.400 E/libPowerHal(  989): error : 2, No such file or directory
06-23 10:49:17.400 E/libPowerHal(  989): Could not open '/sys/devices/system/cpu/cpufreq/sugov_ext/down_rate_limit_us'
06-23 10:49:17.400 E/libPowerHal(  989): error : 2, No such file or directory
06-23 10:49:17.400 E/libPowerHal(  989): Could not open '/sys/devices/system/cpu/cpufreq/sugov_ext/down_rate_limit_us'
06-23 10:49:17.400 E/libPowerHal(  989): error : 2, No such file or directory
06-23 10:49:17.404 W/mtknav  ( 1242): mnld_mtknav_download: mtknav has been downloaded today
06-23 10:49:17.404 D/mtk_lbs_utility( 1242): start_timer_check_ret: start_timer_check_ret ret=0
06-23 10:49:17.405 D/MNLD    ( 1242): main_event_hdlr: MTKNAV2MAIN_EVENT_MTKNAV_DONE  result=1 started=0
06-23 10:49:17.405 W/MNLD    ( 1242): main_event_hdlr: mtknav download finsh before GPS start done
