06-23 10:49:24.327 I/DisplayDeviceRepository( 1780): Display device changed: DisplayDeviceInfo{"Built-in Screen": uniqueId="local:0", 720 x 1600, modeId 2, renderFrameRate 90.0, defaultModeId 1, supportedModes [{id=1, width=720, height=1600, fps=60.0, alternativeRefreshRates=[90.0], supportedHdrTypes=[]}, {id=2, width=720, height=1600, fps=90.0, alternativeRefreshRates=[60.0], supportedHdrTypes=[]}], supportedReadyForModes [], colorMode 0, supportedColorModes [0], hdrCapabilities HdrCapabilities{mSupportedHdrTypes=[], mMaxLuminance=500.0, mMaxAverageLuminance=500.0, mMinLuminance=0.0}, allmSupported false, gameContentTypeSupported false, density 280, 268.783 x 268.783 dpi, appVsyncOff 7955555, presDeadline 17488889, cutout DisplayCutout{insets=Rect(0, 80 - 0, 0) waterfall=Insets{left=0, top=0, right=0, bottom=0} boundingRect={Bounds=[Rect(0, 0 - 0, 0), Rect(332, 0 - 388, 80), Rect(0, 0 - 0, 0), Rect(0, 0 - 0, 0)]} cutoutPathParserInfo={CutoutPathParserInfo{displayWidth=720 displayHeight=1600 physicalDisplayWidth=720 physicalDisplayHeight=1600 density={1.75} cutoutSpec={M 28,0 L -28,0 L -28,80 L 28,80 Z} rotation={0} scale={1.0} physicalPixelDisplaySizeRatio={1.0}}}}, touch INTERNAL, rotation 0, type INTERNAL, address {port=0}, deviceProductInfo null, state ON, committedState ON, frameRateOverride , brightnessMinimum 0.0, brightnessMaximum 1.0, brightnessDefault 0.451, hdrSdrRatio 1.0, roundedCorners RoundedCorners{[RoundedCorner{position=TopLeft, radius=42, center=Point(42, 42)}, RoundedCorner{position=TopRight, radius=42, center=Point(678, 42)}, RoundedCorner{position=BottomRight, radius=42, center=Point(678, 1558)}, RoundedCorner{position=BottomLeft, radius=42, center=Point(42, 1558)}]}, FLAG_ALLOWED_TO_BE_DEFAULT_DISPLAY, FLAG_ROTATES_WITH_CONTENT, FLAG_SECURE, FLAG_SUPPORTS_PROTECTED_BUFFERS, FLAG_TRUSTED, installOrientation 0, displayShape DisplayShape{ spec=2134893525 displayWidth=720 displayHeight=1600 physicalPixelDisplaySizeRatio=1.0 rotation=0 offsetX=0 offsetY=0 scale=1.0}}
06-23 10:49:24.328 W/libc    ( 1263): Access denied finding property "hwservicemanager.ready"
06-23 10:49:24.329 W/libc    ( 1263): Access denied finding property "hwservicemanager.ready"
06-23 10:49:24.324 W/binder:1263_2( 1263): type=1400 audit(0.0:243608): avc:  denied  { read } for  name="u:object_r:hwservicemanager_prop:s0" dev="tmpfs" ino=219 scontext=u:r:lbs_dbg_ext:s0 tcontext=u:object_r:hwservicemanager_prop:s0 tclass=file permissive=0
06-23 10:49:24.328 W/binder:1263_2( 1263): type=1400 audit(0.0:243609): avc:  denied  { read } for  name="u:object_r:hwservicemanager_prop:s0" dev="tmpfs" ino=219 scontext=u:r:lbs_dbg_ext:s0 tcontext=u:object_r:hwservicemanager_prop:s0 tclass=file permissive=0
06-23 10:49:24.333 D/DisplayManagerService( 1780): Ignore redundant display event 0/2 to 10176/15904
06-23 10:49:24.356 I/gralloc4(17946): @set_metadata: update dataspace from GM (0x00000000 -> 0x08010000)
06-23 10:49:24.357 I/FPSGO   ( 1046): fpsgo_boost_sched_idle_prefer:1
06-23 10:49:24.357 I/mtkpower_client( 1046): perf_lock_acq, hdl:0, dur:0, num:2, tid:1046
06-23 10:49:24.358 I/libPowerHal(  989): [perfLockAcq] idx:0 hdl:226743 hint:-1 pid:1046 duration:0 lock_user:fpsgo => ret_hdl:226743
06-23 10:49:24.358 I/libPowerHal(  989): [PE] fpsgo update cmd:1404500 param:1
06-23 10:49:24.359 I/mtkpower_client( 1046): ret_hdl:226743
06-23 10:49:24.359 I/FPSGO   ( 1046): perfLockAcq hdl:226743
06-23 10:49:24.359 I/FPSGO   ( 1046): fpsgo_boost_sched_rate_ns:0
06-23 10:49:24.359 I/mtkpower_client( 1046): perf_lock_acq, hdl:0, dur:0, num:12, tid:1046
06-23 10:49:24.360 I/mtkpower_client( 1046): ret_hdl:226744
06-23 10:49:24.360 I/FPSGO   ( 1046): perfLockAcq hdl:226744
06-23 10:49:24.360 I/libPowerHal(  989): cmdSetting - unknown cmd:1438500, scmd:(null) ,param_1:0
06-23 10:49:24.360 I/libPowerHal(  989): cmdSetting - unknown cmd:1438800, scmd:(null) ,param_1:0
06-23 10:49:24.360 I/libPowerHal(  989): [perfLockAcq] idx:1 hdl:226744 hint:-1 pid:1046 duration:0 lock_user:fpsgo => ret_hdl:226744
06-23 10:49:24.360 E/libPowerHal(  989): Could not open '/sys/devices/system/cpu/cpufreq/sugov_ext/up_rate_limit_us'
06-23 10:49:24.360 E/libPowerHal(  989): error : 2, No such file or directory
06-23 10:49:24.360 E/libPowerHal(  989): Could not open '/sys/devices/system/cpu/cpufreq/sugov_ext/up_rate_limit_us'
06-23 10:49:24.360 E/libPowerHal(  989): error : 2, No such file or directory
06-23 10:49:24.360 I/wurks.flockfree(17946): Background young concurrent mark compact GC freed 24MB AllocSpace bytes, 0(0B) LOS objects, 20% free, 94MB/118MB, paused 757us,12.545ms total 173.795ms
06-23 10:49:24.360 E/libPowerHal(  989): Could not open '/sys/devices/system/cpu/cpufreq/sugov_ext/down_rate_limit_us'
06-23 10:49:24.360 E/libPowerHal(  989): error : 2, No such file or directory
06-23 10:49:24.361 E/libPowerHal(  989): Could not open '/sys/devices/system/cpu/cpufreq/sugov_ext/down_rate_limit_us'
06-23 10:49:24.361 E/libPowerHal(  989): error : 2, No such file or directory
06-23 10:49:24.369 I/gralloc4(17946): @set_metadata: update dataspace from GM (0x00000000 -> 0x08010000)
06-23 10:49:24.414 I/gralloc4(17946): @set_metadata: update dataspace from GM (0x00000000 -> 0x08010000)
06-23 10:49:24.425 I/gralloc4(17946): @set_metadata: update dataspace from GM (0x00000000 -> 0x08010000)
06-23 10:49:24.433 I/VoiceDataManager(19785): Explicitly adding voicepack to downloads: en-us-x-multi-seanet
06-23 10:49:24.433 I/VoiceDataDownloader(19785): voicesToFetch en-us
06-23 10:49:24.434 I/VoiceDataDownloader(19785): fetchVoiceInternal en-us
06-23 10:49:24.434 I/LocalSynthesizer(19785): Attempting to load synthesizer for voice: en-us-x-hol-lstm-embedded
06-23 10:49:24.434 I/LocalSynthesizer(19785): Voice en-us-x-hol-lstm-embedded is already supported by loaded synthesizer en-us-x-multi.
06-23 10:49:24.434 I/VoiceDataManager(19785): start to download voice en-us
06-23 10:49:24.434 I/VoiceDataDownloader(19785): Download of en-us started.
06-23 10:49:24.434 I/ComposerWrapperImpl(19785): Skipping initialization, can already run voice en-us-x-hol-lstm-embedded.
06-23 10:49:24.434 I/VoiceDataDownloader(19785): Registered slicing strategy for en-us
06-23 10:49:24.434 I/VoiceDataDownloader(19785): Got pack name "en-us-x-multi-r83" for voicemetadata en-us, voice en-us-x-multi
06-23 10:49:24.434 I/VoiceDataDownloader(19785): Adding pack en-us-x-multi-r83 to superpack.
06-23 10:49:24.434 I/VoiceDataDownloader(19785): Got pack name "en-us-x-multi-seanet-r83" for voicemetadata en-us, voice en-us-x-multi
06-23 10:49:24.434 I/VoiceDataDownloader(19785): Adding pack en-us-x-multi-seanet-r83 to superpack.
06-23 10:49:24.434 I/VoiceDataDownloader(19785): Got pack name "en-us-x-afh-r83" for voicemetadata en-us, voice en-us-x-afh
06-23 10:49:24.435 I/VoiceDataDownloader(19785): Adding pack en-us-x-afh-r83 to superpack.
06-23 10:49:24.435 I/VoiceDataDownloader(19785): Got pack name "en-us-x-fis-r83" for voicemetadata en-us, voice en-us-x-fis
06-23 10:49:24.435 I/VoiceDataDownloader(19785): Adding pack en-us-x-fis-r83 to superpack.
06-23 10:49:24.435 I/VoiceDataDownloader(19785): Got pack name "en-us-x-afh-seanet-r83" for voicemetadata en-us, voice en-us-x-afh
06-23 10:49:24.435 I/VoiceDataDownloader(19785): Adding pack en-us-x-afh-seanet-r83 to superpack.
06-23 10:49:24.435 I/VoiceDataDownloader(19785): Got pack name "en-us-x-fis-seanet-r83" for voicemetadata en-us, voice en-us-x-fis
06-23 10:49:24.435 I/VoiceDataDownloader(19785): Adding pack en-us-x-fis-seanet-r83 to superpack.
06-23 10:49:24.435 I/VoiceDataDownloader(19785): Got pack name "en-us-x-news-lemonbalm-r83" for voicemetadata en-us, voice en-us-x-news
06-23 10:49:24.435 I/VoiceDataDownloader(19785): Adding pack en-us-x-news-lemonbalm-r83 to superpack.
06-23 10:49:24.435 I/VoiceDataDownloader(19785): Got pack name "en-us-x-news-darwinnrio-lemonbalm-r83" for voicemetadata en-us, voice en-us-x-news
06-23 10:49:24.435 I/VoiceDataDownloader(19785): Adding pack en-us-x-news-darwinnrio-lemonbalm-r83 to superpack.
06-23 10:49:24.435 I/VoiceDataDownloader(19785): Got pack name "en-us-x-multi-locomel-r83" for voicemetadata en-us, voice en-us-x-multi
06-23 10:49:24.435 I/VoiceDataDownloader(19785): Adding pack en-us-x-multi-locomel-r83 to superpack.
06-23 10:49:24.435 I/VoiceDataDownloader(19785): Got pack name "en-us-x-blueginger-lemonbalm-r83" for voicemetadata en-us, voice en-us-x-blueginger
06-23 10:49:24.435 I/VoiceDataDownloader(19785): Adding pack en-us-x-blueginger-lemonbalm-r83 to superpack.
06-23 10:49:24.436 I/VoiceDataDownloader(19785): Got pack name "" for voicemetadata en-us, voice en-us-x-gia
06-23 10:49:24.436 I/VoiceDataDownloader(19785): Got pack name "" for voicemetadata en-us, voice en-us-x-star
06-23 10:49:24.436 I/VoiceDataDownloader(19785): Syncing superpack en-us
06-23 10:49:24.436 I/SP      (19785): Registering en-us.83, url: null, constraints: *:*:*:*, flags: *, requested: 83, current: 83
06-23 10:49:24.442 I/SP      (19785): Syncing en-us (83) with slices: [{en-us-x-multi-r83, m:*:*:*}], metadata: false
06-23 10:49:24.458 I/gralloc4(17946): @set_metadata: update dataspace from GM (0x00000000 -> 0x08010000)
06-23 10:49:24.472 I/SP      (19785): Sync for en-us succeeded in 35 ms: no changes
06-23 10:49:24.472 I/SP      (19785): GC for 'en-us' (10) with ttl of 0 ms took 0 ms (0/0/0)
06-23 10:49:24.473 I/VoiceDataDownloader(19785): Superpack download completed.
06-23 10:49:24.473 I/VoiceDataDownloader(19785): Download en-us Success true
06-23 10:49:24.473 I/VoiceDataManager(19785): Downloaded voice en-us
06-23 10:49:24.473 I/VoiceDataManager(19785): checkData: Refreshing list of all available voices...
06-23 10:49:24.482 I/VoiceDataDownloader(19785): getAvailableVoicesInfo en-us
06-23 10:49:24.482 I/VoiceGenerator(19785): Cache cleared
06-23 10:49:24.482 I/VoiceDataManager(19785): Calling onVoicesDataChange: updated voices
06-23 10:49:24.495 I/gralloc4(17946): @set_metadata: update dataspace from GM (0x00000000 -> 0x08010000)
06-23 10:49:24.503 I/gralloc4(17946): @set_metadata: update dataspace from GM (0x00000000 -> 0x08010000)
06-23 10:49:24.511 W/HidlServiceManagement( 1263): Waited for hwservicemanager.ready for a second, waiting another...
06-23 10:49:24.512 W/libc    ( 1263): Access denied finding property "hwservicemanager.ready"
06-23 10:49:24.512 W/libc    ( 1263): Access denied finding property "hwservicemanager.ready"
06-23 10:49:24.508 W/binder:1263_2( 1263): type=1400 audit(0.0:243610): avc:  denied  { read } for  name="u:object_r:hwservicemanager_prop:s0" dev="tmpfs" ino=219 scontext=u:r:lbs_dbg_ext:s0 tcontext=u:object_r:hwservicemanager_prop:s0 tclass=file permissive=0
06-23 10:49:24.508 W/binder:1263_2( 1263): type=1400 audit(0.0:243611): avc:  denied  { read } for  name="u:object_r:hwservicemanager_prop:s0" dev="tmpfs" ino=219 scontext=u:r:lbs_dbg_ext:s0 tcontext=u:object_r:hwservicemanager_prop:s0 tclass=file permissive=0
06-23 10:49:24.534 I/gralloc4(17946): @set_metadata: update dataspace from GM (0x00000000 -> 0x08010000)
06-23 10:49:24.552 I/gralloc4(17946): @set_metadata: update dataspace from GM (0x00000000 -> 0x08010000)
06-23 10:49:24.561 I/gralloc4(17946): @set_metadata: update dataspace from GM (0x00000000 -> 0x08010000)
06-23 10:49:24.591 I/gralloc4(17946): @set_metadata: update dataspace from GM (0x00000000 -> 0x08010000)
06-23 10:49:24.600 I/gralloc4(17946): @set_metadata: update dataspace from GM (0x00000000 -> 0x08010000)
06-23 10:49:24.631 I/gralloc4(17946): @set_metadata: update dataspace from GM (0x00000000 -> 0x08010000)
06-23 10:49:24.666 I/gralloc4(17946): @set_metadata: update dataspace from GM (0x00000000 -> 0x08010000)
06-23 10:49:24.675 I/gralloc4(17946): @set_metadata: update dataspace from GM (0x00000000 -> 0x08010000)
06-23 10:49:24.706 I/gralloc4(17946): @set_metadata: update dataspace from GM (0x00000000 -> 0x08010000)
06-23 10:49:24.715 I/gralloc4(17946): @set_metadata: update dataspace from GM (0x00000000 -> 0x08010000)
06-23 10:49:24.747 I/gralloc4(17946): @set_metadata: update dataspace from GM (0x00000000 -> 0x08010000)
06-23 10:49:24.756 I/gralloc4(17946): @set_metadata: update dataspace from GM (0x00000000 -> 0x08010000)
06-23 10:49:24.789 I/gralloc4(17946): @set_metadata: update dataspace from GM (0x00000000 -> 0x08010000)
06-23 10:49:24.825 I/gralloc4(17946): @set_metadata: update dataspace from GM (0x00000000 -> 0x08010000)
06-23 10:49:24.833 I/gralloc4(17946): @set_metadata: update dataspace from GM (0x00000000 -> 0x08010000)
06-23 10:49:24.864 I/gralloc4(17946): @set_metadata: update dataspace from GM (0x00000000 -> 0x08010000)
06-23 10:49:24.870 I/bt_shim_scanner( 2325): handle_remote_properties: handle_remote_properties Update device_type=0x2 addr_type=0x1
06-23 10:49:24.876 I/bt_shim_scanner( 2325): handle_remote_properties: handle_remote_properties Update device_type=0x2 addr_type=0x1
06-23 10:49:24.884 I/bt_shim_scanner( 2325): handle_remote_properties: handle_remote_properties Update device_type=0x2 addr_type=0x1
06-23 10:49:24.900 I/gralloc4(17946): @set_metadata: update dataspace from GM (0x00000000 -> 0x08010000)
06-23 10:49:24.908 I/gralloc4(17946): @set_metadata: update dataspace from GM (0x00000000 -> 0x08010000)
06-23 10:49:24.908 D/mtk_lbs_utility( 1242): start_timer_check_ret: start_timer_check_ret ret=0
06-23 10:49:24.908 D/MNLD    ( 1242): mnld_main_thread: mnld_main_thread stop_timer return: 0
06-23 10:49:24.933 I/bt_shim_scanner( 2325): handle_remote_properties: handle_remote_properties Update device_type=0x3 addr_type=0x0
06-23 10:49:24.938 I/gralloc4(17946): @set_metadata: update dataspace from GM (0x00000000 -> 0x08010000)
06-23 10:49:24.963 D/mnld    ( 1242): nmea_reader_update_time: nmea_reader_update_time: timestamp = 1782229764228, second = 1782229764000, msec = 228
06-23 10:49:24.964 W/mnld    ( 1242): nmea_reader_parse: unknown sentence 'GNVTG
06-23 10:49:24.964 D/mnld    ( 1242): nmea_reader_parse: receive PMTKAGC command, agc: 4
06-23 10:49:24.964 W/mnld    ( 1242): nmea_reader_parse: unknown sentence 'PMTKTSX1
06-23 10:49:24.964 D/mnld    ( 1242): nmea_reader_parse: et_mnl_report_mnld = 133859869, tick_in_dsp = 4760273, et_mnl_receive_tick = 133859794, et_at_dsp =0
06-23 10:49:24.964 W/mnld    ( 1242): nmea_reader_parse: unknown sentence 'PMTKMPE1
06-23 10:49:24.964 W/mnld    ( 1242): nmea_reader_parse: unknown sentence 'PMTKMPE2
06-23 10:49:24.964 W/mnld    ( 1242): nmea_reader_parse: unknown sentence 'PMTKLCPOS1
06-23 10:49:24.964 W/mnld    ( 1242): nmea_reader_parse: unknown sentence 'PMTKLCPOS2
06-23 10:49:24.965 I/bt_shim_scanner( 2325): handle_remote_properties: handle_remote_properties Update device_type=0x3 addr_type=0x1
06-23 10:49:24.965 D/mtk_lbs_utility( 1242): start_timer_check_ret: start_timer_check_ret ret=0
06-23 10:49:24.965 D/MNLD    ( 1242): mnld_gps_controller_mnl_nmea_timeout: mnld_gps_controller_mnl_nmea_timeout start_timer return: 0
06-23 10:49:24.965 D/mtk_lbs_utility( 1242): stop_timer_check_ret: stop_timer_check_ret ret=0
06-23 10:49:24.975 I/bt_shim_scanner( 2325): handle_remote_properties: handle_remote_properties Update device_type=0x2 addr_type=0x1
06-23 10:49:24.989 I/bt_shim_scanner( 2325): handle_remote_properties: handle_remote_properties Update device_type=0x2 addr_type=0x1
06-23 10:49:25.008 I/gralloc4(17946): @set_metadata: update dataspace from GM (0x00000000 -> 0x08010000)
06-23 10:49:25.021 I/gralloc4(17946): @set_metadata: update dataspace from GM (0x00000000 -> 0x08010000)
06-23 10:49:25.050 I/gralloc4(17946): @set_metadata: update dataspace from GM (0x00000000 -> 0x08010000)
06-23 10:49:25.092 I/gralloc4(17946): @set_metadata: update dataspace from GM (0x00000000 -> 0x08010000)
06-23 10:49:25.098 I/wurks.flockfree(17946): Background young concurrent mark compact GC freed 22MB AllocSpace bytes, 26(488KB) LOS objects, 19% free, 95MB/118MB, paused 735us,5.259ms total 155.331ms
06-23 10:49:25.101 I/gralloc4(17946): @set_metadata: update dataspace from GM (0x00000000 -> 0x08010000)
06-23 10:49:25.132 I/gralloc4(17946): @set_metadata: update dataspace from GM (0x00000000 -> 0x08010000)
06-23 10:49:25.168 I/gralloc4(17946): @set_metadata: update dataspace from GM (0x00000000 -> 0x08010000)
06-23 10:49:25.176 I/gralloc4(17946): @set_metadata: update dataspace from GM (0x00000000 -> 0x08010000)
06-23 10:49:25.208 I/gralloc4(17946): @set_metadata: update dataspace from GM (0x00000000 -> 0x08010000)
06-23 10:49:25.210 I/System.out(17946):  Parse detailed route segments...1399.31 ms
06-23 10:49:25.244 I/gralloc4(17946): @set_metadata: update dataspace from GM (0x00000000 -> 0x08010000)
06-23 10:49:25.252 I/hwcomposer(  967): [HWCDisplay] [Display_0 (type:1)] fps:36.407784,dur:1016.27,max:78.04,min:10.90  
06-23 10:49:25.252 I/gralloc4(17946): @set_metadata: update dataspace from GM (0x00000000 -> 0x08010000)
06-23 10:49:25.257 I/NearbyMediums( 2744): No BLE Fast/GATT advertisements found in the latest cycle.
06-23 10:49:25.257 I/NearbyMediums( 2744): Current Tracked Scanning Clients are : {NearbyConnections.EnvironmentMonitor, NearbySharing, NearbyConnections.TxAdvertisement}
06-23 10:49:25.259 D/android.hardware.wifi@1.0-service-lazy( 2125): WifiRequest::create vendor command to iface 37, vendor_id=0x1a11, subcmd=0x0002, res=0
06-23 10:49:25.259 D/WifiHAL ( 2125): In GetFeatureSetCommand::handleResponse for 5
06-23 10:49:25.259 D/WifiHAL ( 2125): vendor_id = 0x0, subcmd = 0x0
06-23 10:49:25.259 I/WifiHAL ( 2125): feature_set=0x8488141a
06-23 10:49:25.261 I/HalDevMgr( 1780): bestIfaceCreationProposal is null, requestIface=STA, existingIface=[name=wlan0 type=STA]
06-23 10:49:25.284 I/gralloc4(17946): @set_metadata: update dataspace from GM (0x00000000 -> 0x08010000)
06-23 10:49:25.311 I/libPerfCtl(  989): xgfGetFPS pid:2174 fps:-1
06-23 10:49:25.311 I/libPerfCtl(  989): xgfGetFPS pid:17946 fps:24
06-23 10:49:25.318 I/net.osmand(17946): OsmAndDiagnosticThread Call chain built. Running... {OsmAndDiagnosticThread}
06-23 10:49:25.319 I/gralloc4(17946): @set_metadata: update dataspace from GM (0x00000000 -> 0x08010000)
06-23 10:49:25.329 I/gralloc4(17946): @set_metadata: update dataspace from GM (0x00000000 -> 0x08010000)
06-23 10:49:25.364 I/gralloc4(17946): @set_metadata: update dataspace from GM (0x00000000 -> 0x08010000)
06-23 10:49:25.400 I/gralloc4(17946): @set_metadata: update dataspace from GM (0x00000000 -> 0x08010000)
06-23 10:49:25.409 I/gralloc4(17946): @set_metadata: update dataspace from GM (0x00000000 -> 0x08010000)
06-23 10:49:25.440 I/gralloc4(17946): @set_metadata: update dataspace from GM (0x00000000 -> 0x08010000)
06-23 10:49:25.477 I/gralloc4(17946): @set_metadata: update dataspace from GM (0x00000000 -> 0x08010000)
06-23 10:49:25.485 I/gralloc4(17946): @set_metadata: update dataspace from GM (0x00000000 -> 0x08010000)
06-23 10:49:25.512 W/HidlServiceManagement( 1263): Waited for hwservicemanager.ready for a second, waiting another...
06-23 10:49:25.512 W/libc    ( 1263): Access denied finding property "hwservicemanager.ready"
06-23 10:49:25.512 W/libc    ( 1263): Access denied finding property "hwservicemanager.ready"
06-23 10:49:25.508 W/binder:1263_2( 1263): type=1400 audit(0.0:243612): avc:  denied  { read } for  name="u:object_r:hwservicemanager_prop:s0" dev="tmpfs" ino=219 scontext=u:r:lbs_dbg_ext:s0 tcontext=u:object_r:hwservicemanager_prop:s0 tclass=file permissive=0
06-23 10:49:25.508 W/binder:1263_2( 1263): type=1400 audit(0.0:243613): avc:  denied  { read } for  name="u:object_r:hwservicemanager_prop:s0" dev="tmpfs" ino=219 scontext=u:r:lbs_dbg_ext:s0 tcontext=u:object_r:hwservicemanager_prop:s0 tclass=file permissive=0
06-23 10:49:25.523 I/gralloc4(17946): @set_metadata: update dataspace from GM (0x00000000 -> 0x08010000)
06-23 10:49:25.587 I/gralloc4(17946): @set_metadata: update dataspace from GM (0x00000000 -> 0x08010000)
06-23 10:49:25.602 I/gralloc4(17946): @set_metadata: update dataspace from GM (0x00000000 -> 0x08010000)
06-23 10:49:25.643 I/wurks.flockfree(17946): Background young concurrent mark compact GC freed 18MB AllocSpace bytes, 31(508KB) LOS objects, 16% free, 99MB/118MB, paused 585us,4.406ms total 151.997ms
06-23 10:49:25.646 I/gralloc4(17946): @set_metadata: update dataspace from GM (0x00000000 -> 0x08010000)
06-23 10:49:25.678 I/System.out(17946):  Prepare results (turns, alt routes)...468.31 ms
06-23 10:49:25.679 I/System.out(17946): Found final route - cost 1546.84 (detailed 1547.38, -0.0%), 12 depth ( first met 275, visited 1,918 (1,285 unique) of 3,871 added vertices )ROUTE. Alerts during routing: 68 fastRoads, 0 slowSegmentsEearlier
06-23 10:49:25.679 I/System.out(17946): Route <route>: routing_time=1547.4, vehicle=car, base=false, start_lat=45.16080, start_lon=-93.23490, target_lat=44.97780, target_lon=-93.26500, complete_distance=25698.9, complete_time=1858.0, native=false
06-23 10:49:25.679 I/System.out(17946): ***** Memory used 99 MB *****
06-23 10:49:25.683 I/System.out(17946): Routing 8524.7 ms (ctx 200632543): load/filter points 2922.4 ms, last mile 2876.1 ms, routing 2191.9 ms (queue  - 86.4 ms, 489.7 ms - 68,479 edges), prep result 468.3 ms - Routing Lat 45.1608 Lon -93.2349 -> Lat 44.9778 Lon -93.265 (HC 1, dir 0) (selected Us_minnesota_northamerica.obf car [])
06-23 10:49:25.683 I/gralloc4(17946): @set_metadata: update dataspace from GM (0x00000000 -> 0x08010000)
06-23 10:49:25.691 I/gralloc4(17946): @set_metadata: update dataspace from GM (0x00000000 -> 0x08010000)
06-23 10:49:25.725 I/gralloc4(17946): @set_metadata: update dataspace from GM (0x00000000 -> 0x08010000)
06-23 10:49:25.763 I/gralloc4(17946): @set_metadata: update dataspace from GM (0x00000000 -> 0x08010000)
06-23 10:49:25.771 I/gralloc4(17946): @set_metadata: update dataspace from GM (0x00000000 -> 0x08010000)
06-23 10:49:25.802 I/gralloc4(17946): @set_metadata: update dataspace from GM (0x00000000 -> 0x08010000)
06-23 10:49:25.839 I/gralloc4(17946): @set_metadata: update dataspace from GM (0x00000000 -> 0x08010000)
06-23 10:49:25.849 I/gralloc4(17946): @set_metadata: update dataspace from GM (0x00000000 -> 0x08010000)
06-23 10:49:25.878 I/gralloc4(17946): @set_metadata: update dataspace from GM (0x00000000 -> 0x08010000)
06-23 10:49:25.897 I/gralloc4(17946): @set_metadata: update dataspace from GM (0x00000000 -> 0x08010000)
06-23 10:49:25.904 I/gralloc4(17946): @set_metadata: update dataspace from GM (0x00000000 -> 0x08010000)
06-23 10:49:25.910 D/mtk_lbs_utility( 1242): start_timer_check_ret: start_timer_check_ret ret=0
06-23 10:49:25.910 D/MNLD    ( 1242): mnld_main_thread: mnld_main_thread stop_timer return: 0
06-23 10:49:25.938 I/gralloc4(17946): @set_metadata: update dataspace from GM (0x00000000 -> 0x08010000)
06-23 10:49:25.945 I/gralloc4(17946): @set_metadata: update dataspace from GM (0x00000000 -> 0x08010000)
06-23 10:49:25.966 D/mnld    ( 1242): nmea_reader_update_time: nmea_reader_update_time: timestamp = 1782229765228, second = 1782229765000, msec = 228
06-23 10:49:25.967 W/mnld    ( 1242): nmea_reader_parse: unknown sentence 'GNVTG
06-23 10:49:25.967 D/mnld    ( 1242): nmea_reader_parse: receive PMTKAGC command, agc: 4
06-23 10:49:25.968 W/mnld    ( 1242): nmea_reader_parse: unknown sentence 'PMTKTSX1
06-23 10:49:25.968 D/mnld    ( 1242): nmea_reader_parse: et_mnl_report_mnld = 133860872, tick_in_dsp = 4761273, et_mnl_receive_tick = 133860795, et_at_dsp =0
06-23 10:49:25.968 W/mnld    ( 1242): nmea_reader_parse: unknown sentence 'PMTKMPE1
06-23 10:49:25.968 W/mnld    ( 1242): nmea_reader_parse: unknown sentence 'PMTKMPE2
06-23 10:49:25.968 W/mnld    ( 1242): nmea_reader_parse: unknown sentence 'PMTKLCPOS1
06-23 10:49:25.968 W/mnld    ( 1242): nmea_reader_parse: unknown sentence 'PMTKLCPOS2
06-23 10:49:25.969 D/mtk_lbs_utility( 1242): start_timer_check_ret: start_timer_check_ret ret=0
06-23 10:49:25.969 D/MNLD    ( 1242): mnld_gps_controller_mnl_nmea_timeout: mnld_gps_controller_mnl_nmea_timeout start_timer return: 0
06-23 10:49:25.969 D/mtk_lbs_utility( 1242): stop_timer_check_ret: stop_timer_check_ret ret=0
06-23 10:49:25.980 I/gralloc4(17946): @set_metadata: update dataspace from GM (0x00000000 -> 0x08010000)
06-23 10:49:25.980 W/net.osmand(17946): TomTomTrafficProvider TomTom traffic flow request failed with HTTP 403 {pool-5-thread-1}
06-23 10:49:26.018 I/gralloc4(17946): @set_metadata: update dataspace from GM (0x00000000 -> 0x08010000)
06-23 10:49:26.028 I/gralloc4(17946): @set_metadata: update dataspace from GM (0x00000000 -> 0x08010000)
06-23 10:49:26.058 I/gralloc4(17946): @set_metadata: update dataspace from GM (0x00000000 -> 0x08010000)
06-23 10:49:26.096 I/gralloc4(17946): @set_metadata: update dataspace from GM (0x00000000 -> 0x08010000)
06-23 10:49:26.104 I/gralloc4(17946): @set_metadata: update dataspace from GM (0x00000000 -> 0x08010000)
06-23 10:49:26.135 I/gralloc4(17946): @set_metadata: update dataspace from GM (0x00000000 -> 0x08010000)
06-23 10:49:26.173 I/gralloc4(17946): @set_metadata: update dataspace from GM (0x00000000 -> 0x08010000)
06-23 10:49:26.180 I/gralloc4(17946): @set_metadata: update dataspace from GM (0x00000000 -> 0x08010000)
06-23 10:49:26.211 W/net.osmand(17946): TomTomTrafficProvider TomTom traffic flow request failed with HTTP 403 {pool-5-thread-1}
06-23 10:49:26.212 I/gralloc4(17946): @set_metadata: update dataspace from GM (0x00000000 -> 0x08010000)
06-23 10:49:26.250 I/gralloc4(17946): @set_metadata: update dataspace from GM (0x00000000 -> 0x08010000)
06-23 10:49:26.254 I/hwcomposer(  967): [HWCDisplay] [Display_0 (type:1)] fps:37.917599,dur:1002.17,max:67.02,min:9.71  
06-23 10:49:26.259 I/gralloc4(17946): @set_metadata: update dataspace from GM (0x00000000 -> 0x08010000)
06-23 10:49:26.289 I/gralloc4(17946): @set_metadata: update dataspace from GM (0x00000000 -> 0x08010000)
06-23 10:49:26.292 I/bt_shim_scanner( 2325): handle_remote_properties: handle_remote_properties Update device_type=0x3 addr_type=0x0
06-23 10:49:26.311 I/libPerfCtl(  989): xgfGetFPS pid:2174 fps:-1
06-23 10:49:26.311 I/libPerfCtl(  989): xgfGetFPS pid:17946 fps:24
06-23 10:49:26.327 I/gralloc4(17946): @set_metadata: update dataspace from GM (0x00000000 -> 0x08010000)
06-23 10:49:26.333 I/bt_shim_scanner( 2325): handle_remote_properties: handle_remote_properties Update device_type=0x3 addr_type=0x1
06-23 10:49:26.337 I/gralloc4(17946): @set_metadata: update dataspace from GM (0x00000000 -> 0x08010000)
06-23 10:49:26.338 I/bt_shim_scanner( 2325): handle_remote_properties: handle_remote_properties Update device_type=0x2 addr_type=0x1
06-23 10:49:26.348 I/bt_shim_scanner( 2325): handle_remote_properties: handle_remote_properties Update device_type=0x2 addr_type=0x1
06-23 10:49:26.358 I/bt_shim_scanner( 2325): handle_remote_properties: handle_remote_properties Update device_type=0x3 addr_type=0x1
06-23 10:49:26.367 I/gralloc4(17946): @set_metadata: update dataspace from GM (0x00000000 -> 0x08010000)
06-23 10:49:26.404 I/gralloc4(17946): @set_metadata: update dataspace from GM (0x00000000 -> 0x08010000)
06-23 10:49:26.409 I/bt_shim_scanner( 2325): handle_remote_properties: handle_remote_properties Update device_type=0x3 addr_type=0x1
06-23 10:49:26.413 I/gralloc4(17946): @set_metadata: update dataspace from GM (0x00000000 -> 0x08010000)
06-23 10:49:26.416 W/net.osmand(17946): TomTomTrafficProvider TomTom traffic flow request failed with HTTP 403 {pool-5-thread-1}
06-23 10:49:26.443 I/gralloc4(17946): @set_metadata: update dataspace from GM (0x00000000 -> 0x08010000)
06-23 10:49:26.462 I/gralloc4(17946): @set_metadata: update dataspace from GM (0x00000000 -> 0x08010000)
06-23 10:49:26.469 I/gralloc4(17946): @set_metadata: update dataspace from GM (0x00000000 -> 0x08010000)
06-23 10:49:26.504 I/gralloc4(17946): @set_metadata: update dataspace from GM (0x00000000 -> 0x08010000)
06-23 10:49:26.513 W/HidlServiceManagement( 1263): Waited for hwservicemanager.ready for a second, waiting another...
06-23 10:49:26.513 W/libc    ( 1263): Access denied finding property "hwservicemanager.ready"
06-23 10:49:26.512 W/binder:1263_2( 1263): type=1400 audit(0.0:243614): avc:  denied  { read } for  name="u:object_r:hwservicemanager_prop:s0" dev="tmpfs" ino=219 scontext=u:r:lbs_dbg_ext:s0 tcontext=u:object_r:hwservicemanager_prop:s0 tclass=file permissive=0
06-23 10:49:26.514 W/libc    ( 1263): Access denied finding property "hwservicemanager.ready"
06-23 10:49:26.512 W/binder:1263_2( 1263): type=1400 audit(0.0:243615): avc:  denied  { read } for  name="u:object_r:hwservicemanager_prop:s0" dev="tmpfs" ino=219 scontext=u:r:lbs_dbg_ext:s0 tcontext=u:object_r:hwservicemanager_prop:s0 tclass=file permissive=0
06-23 10:49:26.541 I/gralloc4(17946): @set_metadata: update dataspace from GM (0x00000000 -> 0x08010000)
06-23 10:49:26.551 I/gralloc4(17946): @set_metadata: update dataspace from GM (0x00000000 -> 0x08010000)
06-23 10:49:26.581 I/gralloc4(17946): @set_metadata: update dataspace from GM (0x00000000 -> 0x08010000)
06-23 10:49:26.591 I/gralloc4(17946): @set_metadata: update dataspace from GM (0x00000000 -> 0x08010000)
06-23 10:49:26.623 I/gralloc4(17946): @set_metadata: update dataspace from GM (0x00000000 -> 0x08010000)
06-23 10:49:26.635 W/net.osmand(17946): TomTomTrafficProvider TomTom traffic flow request failed with HTTP 403 {pool-5-thread-1}
06-23 10:49:26.660 I/gralloc4(17946): @set_metadata: update dataspace from GM (0x00000000 -> 0x08010000)
06-23 10:49:26.670 I/gralloc4(17946): @set_metadata: update dataspace from GM (0x00000000 -> 0x08010000)
06-23 10:49:26.699 I/gralloc4(17946): @set_metadata: update dataspace from GM (0x00000000 -> 0x08010000)
06-23 10:49:26.737 I/gralloc4(17946): @set_metadata: update dataspace from GM (0x00000000 -> 0x08010000)
06-23 10:49:26.747 I/gralloc4(17946): @set_metadata: update dataspace from GM (0x00000000 -> 0x08010000)
06-23 10:49:26.777 I/gralloc4(17946): @set_metadata: update dataspace from GM (0x00000000 -> 0x08010000)
06-23 10:49:26.814 I/gralloc4(17946): @set_metadata: update dataspace from GM (0x00000000 -> 0x08010000)
06-23 10:49:26.823 I/gralloc4(17946): @set_metadata: update dataspace from GM (0x00000000 -> 0x08010000)
06-23 10:49:26.845 W/net.osmand(17946): TomTomTrafficProvider TomTom traffic flow request failed with HTTP 403 {pool-5-thread-1}
06-23 10:49:26.854 I/gralloc4(17946): @set_metadata: update dataspace from GM (0x00000000 -> 0x08010000)
06-23 10:49:26.872 I/gralloc4(17946): @set_metadata: update dataspace from GM (0x00000000 -> 0x08010000)
06-23 10:49:26.880 I/gralloc4(17946): @set_metadata: update dataspace from GM (0x00000000 -> 0x08010000)
06-23 10:49:26.914 I/gralloc4(17946): @set_metadata: update dataspace from GM (0x00000000 -> 0x08010000)
06-23 10:49:26.951 I/gralloc4(17946): @set_metadata: update dataspace from GM (0x00000000 -> 0x08010000)
06-23 10:49:26.961 I/gralloc4(17946): @set_metadata: update dataspace from GM (0x00000000 -> 0x08010000)
06-23 10:49:26.966 D/mnld    ( 1242): nmea_reader_update_time: nmea_reader_update_time: timestamp = 1782229766228, second = 1782229766000, msec = 228
06-23 10:49:26.967 W/mnld    ( 1242): nmea_reader_parse: unknown sentence 'GNVTG
06-23 10:49:26.967 D/mnld    ( 1242): nmea_reader_parse: receive PMTKAGC command, agc: 4
06-23 10:49:26.967 W/mnld    ( 1242): nmea_reader_parse: unknown sentence 'PMTKTSX1
06-23 10:49:26.967 D/mnld    ( 1242): nmea_reader_parse: et_mnl_report_mnld = 133861871, tick_in_dsp = 4762273, et_mnl_receive_tick = 133861794, et_at_dsp =0
06-23 10:49:26.967 W/mnld    ( 1242): nmea_reader_parse: unknown sentence 'PMTKMPE1
06-23 10:49:26.967 W/mnld    ( 1242): nmea_reader_parse: unknown sentence 'PMTKMPE2
06-23 10:49:26.967 W/mnld    ( 1242): nmea_reader_parse: unknown sentence 'PMTKLCPOS1
06-23 10:49:26.967 W/mnld    ( 1242): nmea_reader_parse: unknown sentence 'PMTKLCPOS2
06-23 10:49:26.968 D/mtk_lbs_utility( 1242): start_timer_check_ret: start_timer_check_ret ret=0
06-23 10:49:26.968 D/MNLD    ( 1242): mnld_gps_controller_mnl_nmea_timeout: mnld_gps_controller_mnl_nmea_timeout start_timer return: 0
06-23 10:49:26.968 D/mtk_lbs_utility( 1242): stop_timer_check_ret: stop_timer_check_ret ret=0
06-23 10:49:26.969 I/Scheduler( 1009): applyPolicy: UpdateRefreshRate 90 to 60 of group 0: [touch=0:0 touchBoost=0 scroll=0:0 idle=0:0]
06-23 10:49:26.969 E/SfCpu   ( 1009):  sched_setaffinity return fail 1009
06-23 10:49:26.969 E/SfCpu   ( 1009):  sched_setaffinity return fail 1202
06-23 10:49:26.970 E/SfCpu   ( 1009):  sched_setaffinity return fail 1199
06-23 10:49:26.970 I/hwcomposer(  967): [HWC] (0) displaySetActiveConfig config:0  
06-23 10:49:26.986 I/DisplayDeviceRepository( 1780): Display device changed: DisplayDeviceInfo{"Built-in Screen": uniqueId="local:0", 720 x 1600, modeId 1, renderFrameRate 60.0, defaultModeId 1, supportedModes [{id=1, width=720, height=1600, fps=60.0, alternativeRefreshRates=[90.0], supportedHdrTypes=[]}, {id=2, width=720, height=1600, fps=90.0, alternativeRefreshRates=[60.0], supportedHdrTypes=[]}], supportedReadyForModes [], colorMode 0, supportedColorModes [0], hdrCapabilities HdrCapabilities{mSupportedHdrTypes=[], mMaxLuminance=500.0, mMaxAverageLuminance=500.0, mMinLuminance=0.0}, allmSupported false, gameContentTypeSupported false, density 280, 268.783 x 268.783 dpi, appVsyncOff 2400001, presDeadline 28600000, cutout DisplayCutout{insets=Rect(0, 80 - 0, 0) waterfall=Insets{left=0, top=0, right=0, bottom=0} boundingRect={Bounds=[Rect(0, 0 - 0, 0), Rect(332, 0 - 388, 80), Rect(0, 0 - 0, 0), Rect(0, 0 - 0, 0)]} cutoutPathParserInfo={CutoutPathParserInfo{displayWidth=720 displayHeight=1600 physicalDisplayWidth=720 physicalDisplayHeight=1600 density={1.75} cutoutSpec={M 28,0 L -28,0 L -28,80 L 28,80 Z} rotation={0} scale={1.0} physicalPixelDisplaySizeRatio={1.0}}}}, touch INTERNAL, rotation 0, type INTERNAL, address {port=0}, deviceProductInfo null, state ON, committedState ON, frameRateOverride , brightnessMinimum 0.0, brightnessMaximum 1.0, brightnessDefault 0.451, hdrSdrRatio 1.0, roundedCorners RoundedCorners{[RoundedCorner{position=TopLeft, radius=42, center=Point(42, 42)}, RoundedCorner{position=TopRight, radius=42, center=Point(678, 42)}, RoundedCorner{position=BottomRight, radius=42, center=Point(678, 1558)}, RoundedCorner{position=BottomLeft, radius=42, center=Point(42, 1558)}]}, FLAG_ALLOWED_TO_BE_DEFAULT_DISPLAY, FLAG_ROTATES_WITH_CONTENT, FLAG_SECURE, FLAG_SUPPORTS_PROTECTED_BUFFERS, FLAG_TRUSTED, installOrientation 0, displayShape DisplayShape{ spec=2134893525 displayWidth=720 displayHeight=1600 physicalPixelDisplaySizeRatio=1.0 rotation=0 offsetX=0 offsetY=0 scale=1.0}}
06-23 10:49:26.987 W/libc    ( 1263): Access denied finding property "hwservicemanager.ready"
06-23 10:49:26.984 W/binder:1263_2( 1263): type=1400 audit(0.0:243616): avc:  denied  { read } for  name="u:object_r:hwservicemanager_prop:s0" dev="tmpfs" ino=219 scontext=u:r:lbs_dbg_ext:s0 tcontext=u:object_r:hwservicemanager_prop:s0 tclass=file permissive=0
06-23 10:49:26.989 W/libc    ( 1263): Access denied finding property "hwservicemanager.ready"
06-23 10:49:26.991 I/gralloc4(17946): @set_metadata: update dataspace from GM (0x00000000 -> 0x08010000)
06-23 10:49:26.988 W/binder:1263_2( 1263): type=1400 audit(0.0:243617): avc:  denied  { read } for  name="u:object_r:hwservicemanager_prop:s0" dev="tmpfs" ino=219 scontext=u:r:lbs_dbg_ext:s0 tcontext=u:object_r:hwservicemanager_prop:s0 tclass=file permissive=0
06-23 10:49:26.993 D/DisplayManagerService( 1780): Ignore redundant display event 0/2 to 10176/15904
06-23 10:49:26.997 I/gralloc4(17946): @set_metadata: update dataspace from GM (0x00000000 -> 0x08010000)
06-23 10:49:27.032 I/gralloc4(17946): @set_metadata: update dataspace from GM (0x00000000 -> 0x08010000)
06-23 10:49:27.069 I/gralloc4(17946): @set_metadata: update dataspace from GM (0x00000000 -> 0x08010000)
06-23 10:49:27.078 I/gralloc4(17946): @set_metadata: update dataspace from GM (0x00000000 -> 0x08010000)
06-23 10:49:27.109 I/gralloc4(17946): @set_metadata: update dataspace from GM (0x00000000 -> 0x08010000)
06-23 10:49:27.120 W/net.osmand(17946): TomTomTrafficProvider TomTom traffic flow request failed with HTTP 403 {pool-5-thread-1}
06-23 10:49:27.146 I/gralloc4(17946): @set_metadata: update dataspace from GM (0x00000000 -> 0x08010000)
06-23 10:49:27.155 I/gralloc4(17946): @set_metadata: update dataspace from GM (0x00000000 -> 0x08010000)
06-23 10:49:27.186 I/gralloc4(17946): @set_metadata: update dataspace from GM (0x00000000 -> 0x08010000)
06-23 10:49:27.224 I/gralloc4(17946): @set_metadata: update dataspace from GM (0x00000000 -> 0x08010000)
06-23 10:49:27.233 I/gralloc4(17946): @set_metadata: update dataspace from GM (0x00000000 -> 0x08010000)
06-23 10:49:27.263 I/gralloc4(17946): @set_metadata: update dataspace from GM (0x00000000 -> 0x08010000)
06-23 10:49:27.274 I/hwcomposer(  967): [HWCDisplay] [Display_0 (type:1)] fps:38.238926,dur:1019.90,max:50.47,min:10.49  
06-23 10:49:27.300 I/gralloc4(17946): @set_metadata: update dataspace from GM (0x00000000 -> 0x08010000)
06-23 10:49:27.308 I/gralloc4(17946): @set_metadata: update dataspace from GM (0x00000000 -> 0x08010000)
06-23 10:49:27.311 I/libPerfCtl(  989): xgfGetFPS pid:2174 fps:-1
06-23 10:49:27.312 I/libPerfCtl(  989): xgfGetFPS pid:17946 fps:26
06-23 10:49:27.326 D/net.osmand(17946): DayNightHelper Sunrise/sunset setting to day: true {Animating Map Thread}
06-23 10:49:27.340 I/gralloc4(17946): @set_metadata: update dataspace from GM (0x00000000 -> 0x08010000)
06-23 10:49:27.359 I/gralloc4(17946): @set_metadata: update dataspace from GM (0x00000000 -> 0x08010000)
06-23 10:49:27.368 I/gralloc4(17946): @set_metadata: update dataspace from GM (0x00000000 -> 0x08010000)
06-23 10:49:27.398 I/gralloc4(17946): @set_metadata: update dataspace from GM (0x00000000 -> 0x08010000)
06-23 10:49:27.408 I/gralloc4(17946): @set_metadata: update dataspace from GM (0x00000000 -> 0x08010000)
06-23 10:49:27.437 W/net.osmand(17946): TomTomTrafficProvider TomTom traffic flow request failed with HTTP 403 {pool-5-thread-1}
06-23 10:49:27.440 I/gralloc4(17946): @set_metadata: update dataspace from GM (0x00000000 -> 0x08010000)
06-23 10:49:27.478 I/gralloc4(17946): @set_metadata: update dataspace from GM (0x00000000 -> 0x08010000)
06-23 10:49:27.480 W/net.osmand(17946): TomTomIncidentProvider TomTom incident details request failed with HTTP 403 {pool-23-thread-1}
06-23 10:49:27.487 I/gralloc4(17946): @set_metadata: update dataspace from GM (0x00000000 -> 0x08010000)
06-23 10:49:27.514 W/HidlServiceManagement( 1263): Waited for hwservicemanager.ready for a second, waiting another...
06-23 10:49:27.514 W/libc    ( 1263): Access denied finding property "hwservicemanager.ready"
06-23 10:49:27.515 W/libc    ( 1263): Access denied finding property "hwservicemanager.ready"
06-23 10:49:27.512 W/binder:1263_2( 1263): type=1400 audit(0.0:243618): avc:  denied  { read } for  name="u:object_r:hwservicemanager_prop:s0" dev="tmpfs" ino=219 scontext=u:r:lbs_dbg_ext:s0 tcontext=u:object_r:hwservicemanager_prop:s0 tclass=file permissive=0
06-23 10:49:27.518 I/gralloc4(17946): @set_metadata: update dataspace from GM (0x00000000 -> 0x08010000)
06-23 10:49:27.555 I/gralloc4(17946): @set_metadata: update dataspace from GM (0x00000000 -> 0x08010000)
06-23 10:49:27.565 I/gralloc4(17946): @set_metadata: update dataspace from GM (0x00000000 -> 0x08010000)
06-23 10:49:27.577 I/gralloc4(17946): @set_metadata: update dataspace from GM (0x00000000 -> 0x08010000)
06-23 10:49:27.593 I/gralloc4(17946): @set_metadata: update dataspace from GM (0x00000000 -> 0x08010000)
06-23 10:49:27.605 I/gralloc4(17946): @set_metadata: update dataspace from GM (0x00000000 -> 0x08010000)
06-23 10:49:27.624 I/gralloc4(17946): @set_metadata: update dataspace from GM (0x00000000 -> 0x08010000)
06-23 10:49:27.634 I/gralloc4(17946): @set_metadata: update dataspace from GM (0x00000000 -> 0x08010000)
06-23 10:49:27.644 W/net.osmand(17946): TomTomTrafficProvider TomTom traffic flow request failed with HTTP 403 {pool-5-thread-1}
06-23 10:49:27.645 I/gralloc4(17946): @set_metadata: update dataspace from GM (0x00000000 -> 0x08010000)
06-23 10:49:27.664 I/gralloc4(17946): @set_metadata: update dataspace from GM (0x00000000 -> 0x08010000)
06-23 10:49:27.674 I/gralloc4(17946): @set_metadata: update dataspace from GM (0x00000000 -> 0x08010000)
06-23 10:49:27.686 I/gralloc4(17946): @set_metadata: update dataspace from GM (0x00000000 -> 0x08010000)
06-23 10:49:27.692 I/gralloc4(17946): @set_metadata: update dataspace from GM (0x00000000 -> 0x08010000)
06-23 10:49:27.700 I/bt_shim_scanner( 2325): handle_remote_properties: handle_remote_properties Update device_type=0x2 addr_type=0x1
06-23 10:49:27.703 I/bt_shim_scanner( 2325): handle_remote_properties: handle_remote_properties Update device_type=0x3 addr_type=0x1
06-23 10:49:27.708 I/bt_shim_scanner( 2325): handle_remote_properties: handle_remote_properties Update device_type=0x3 addr_type=0x1
06-23 10:49:27.711 I/gralloc4(17946): @set_metadata: update dataspace from GM (0x00000000 -> 0x08010000)
06-23 10:49:27.712 I/bt_shim_scanner( 2325): handle_remote_properties: handle_remote_properties Update device_type=0x2 addr_type=0x1
06-23 10:49:27.730 I/gralloc4(17946): @set_metadata: update dataspace from GM (0x00000000 -> 0x08010000)
06-23 10:49:27.736 I/gralloc4(17946): @set_metadata: update dataspace from GM (0x00000000 -> 0x08010000)
06-23 10:49:27.758 I/gralloc4(17946): @set_metadata: update dataspace from GM (0x00000000 -> 0x08010000)
06-23 10:49:27.769 I/bt_shim_scanner( 2325): handle_remote_properties: handle_remote_properties Update device_type=0x3 addr_type=0x1
06-23 10:49:27.777 I/bt_shim_scanner( 2325): handle_remote_properties: handle_remote_properties Update device_type=0x3 addr_type=0x1
06-23 10:49:27.777 I/gralloc4(17946): @set_metadata: update dataspace from GM (0x00000000 -> 0x08010000)
06-23 10:49:27.783 I/gralloc4(17946): @set_metadata: update dataspace from GM (0x00000000 -> 0x08010000)
06-23 10:49:27.791 I/bt_shim_scanner( 2325): handle_remote_properties: handle_remote_properties Update device_type=0x3 addr_type=0x1
06-23 10:49:27.804 I/gralloc4(17946): @set_metadata: update dataspace from GM (0x00000000 -> 0x08010000)
06-23 10:49:27.818 W/Settings( 2744): Setting airplane_mode_on has moved from android.provider.Settings.System to android.provider.Settings.Global, returning read-only value.
06-23 10:49:27.823 W/SystemServiceRegistry( 2744): No service published for: wifirtt
06-23 10:49:27.824 I/gralloc4(17946): @set_metadata: update dataspace from GM (0x00000000 -> 0x08010000)
06-23 10:49:27.831 I/gralloc4(17946): @set_metadata: update dataspace from GM (0x00000000 -> 0x08010000)
06-23 10:49:27.836 D/WifiHAL ( 2125): event received NL80211_CMD_TRIGGER_SCAN
06-23 10:49:27.836 D/WifiHAL ( 2125): event received NL80211_CMD_NEW_SCAN_RESULTS
06-23 10:49:27.837 D/VoLTE IMSM( 1527): send CTRL_CMD_GET_SCAN (module/mdagent/volte_imsm_93/src/wireless.c:574)
06-23 10:49:27.837 D/VoLTE IMSM( 1527): monitor_wifi_tech: mutex lock (module/mdagent/volte_imsm_93/src/wireless.c:589)
06-23 10:49:27.837 D/VoLTE IMSM( 1527): monitor_wifi_tech: mutex unlock (module/mdagent/volte_imsm_93/src/wireless.c:597)
06-23 10:49:27.837 D/VoLTE IMSM( 1527): FOUND[0] 14
06-23 10:49:27.837 D/VoLTE IMSM( 1527):  (module/mdagent/volte_imsm_93/src/wireless.c:599)
06-23 10:49:27.838 D/WifiNl80211Manager( 1780): Scan result ready event
06-23 10:49:27.839 D/WifiNative( 1780): Scan result ready event
06-23 10:49:27.848 I/WifiScanner( 2744): onFullResults
06-23 10:49:27.849 I/WifiScanner( 2744): onFullResults
06-23 10:49:27.850 I/gralloc4(17946): @set_metadata: update dataspace from GM (0x00000000 -> 0x08010000)
06-23 10:49:27.850 I/WifiScanner( 2744): onFullResults
06-23 10:49:27.858 D/android.hardware.wifi@1.0-service-lazy( 2125): WifiRequest::create vendor command to iface 37, vendor_id=0x1a11, subcmd=0x0002, res=0
06-23 10:49:27.858 D/WifiHAL ( 2125): In GetFeatureSetCommand::handleResponse for 5
06-23 10:49:27.858 D/WifiHAL ( 2125): vendor_id = 0x0, subcmd = 0x0
06-23 10:49:27.858 I/WifiHAL ( 2125): feature_set=0x8488141a
06-23 10:49:27.861 I/HalDevMgr( 1780): bestIfaceCreationProposal is null, requestIface=STA, existingIface=[name=wlan0 type=STA]
06-23 10:49:27.861 I/FrewleTileCacheManagerV( 2744): (REDACTED) Fetched %d AP models from cache
06-23 10:49:27.869 I/gralloc4(17946): @set_metadata: update dataspace from GM (0x00000000 -> 0x08010000)
06-23 10:49:27.876 I/gralloc4(17946): @set_metadata: update dataspace from GM (0x00000000 -> 0x08010000)
06-23 10:49:27.889 I/FusedLocation( 2744): (REDACTED) location delivery to %s blocked - too close
06-23 10:49:27.891 I/gralloc4(17946): @set_metadata: update dataspace from GM (0x00000000 -> 0x08010000)
06-23 10:49:27.894 W/ContextImpl( 1780): Calling a method in the system process without a qualified user: android.app.ContextImpl.sendBroadcast:1246 com.android.server.location.provider.LocationProviderManager$LocationRegistration$1.test:1006 com.android.server.location.provider.LocationProviderManager$LocationRegistration$1.test:960 android.location.LocationResult.filter:191 com.android.server.location.provider.LocationProviderManager$LocationRegistration.acceptLocationChange:959 
06-23 10:49:27.895 W/ContextImpl( 1780): Calling a method in the system process without a qualified user: android.app.ContextImpl.sendBroadcast:1246 com.android.server.location.provider.LocationProviderManager$LocationRegistration$1.test:1006 com.android.server.location.provider.LocationProviderManager$LocationRegistration$1.test:960 android.location.LocationResult.filter:191 com.android.server.location.provider.LocationProviderManager$LocationRegistration.acceptLocationChange:959 
06-23 10:49:27.895 D/mtk_lbs_utility( 1242): start_timer_check_ret: start_timer_check_ret ret=0
06-23 10:49:27.896 D/MNLD    ( 1242): mnld_nfw_mnl2agps_location_sync: ret = 51
06-23 10:49:27.896 I/FusedLocation( 2744): (REDACTED) location delivery to %s blocked - too close
06-23 10:49:27.896 D/MNLD    ( 1242): mnld_nfw_mnl2agps_location_sync: mnl2agps_location_sync success
06-23 10:49:27.896 D/MNLD    ( 1242): mnld_main_thread: mnld_main_thread stop_timer return: 0
06-23 10:49:27.898 W/ContextImpl( 1780): Calling a method in the system process without a qualified user: android.app.ContextImpl.sendBroadcast:1246 com.android.server.location.provider.LocationProviderManager$LocationRegistration$1.test:1006 com.android.server.location.provider.LocationProviderManager$LocationRegistration$1.test:960 android.location.LocationResult.filter:191 com.android.server.location.provider.LocationProviderManager$LocationRegistration.acceptLocationChange:959 
06-23 10:49:27.899 W/ContextImpl( 1780): Calling a method in the system process without a qualified user: android.app.ContextImpl.sendBroadcast:1246 com.android.server.location.provider.LocationProviderManager$LocationRegistration$1.test:1006 com.android.server.location.provider.LocationProviderManager$LocationRegistration$1.test:960 android.location.LocationResult.filter:191 com.android.server.location.provider.LocationProviderManager$LocationRegistration.acceptLocationChange:959 
06-23 10:49:27.900 W/net.osmand(17946): TomTomTrafficProvider TomTom traffic flow request failed with HTTP 403 {pool-5-thread-1}
06-23 10:49:27.903 W/ContextImpl( 1780): Calling a method in the system process without a qualified user: android.app.ContextImpl.sendBroadcast:1246 com.android.server.location.provider.LocationProviderManager$LocationRegistration$1.test:1006 com.android.server.location.provider.LocationProviderManager$LocationRegistration$1.test:960 android.location.LocationResult.filter:191 com.android.server.location.provider.LocationProviderManager$LocationRegistration.acceptLocationChange:959 
06-23 10:49:27.906 W/ContextImpl( 1780): Calling a method in the system process without a qualified user: android.app.ContextImpl.sendBroadcast:1246 com.android.server.location.provider.LocationProviderManager$LocationRegistration$1.test:1006 com.android.server.location.provider.LocationProviderManager$LocationRegistration$1.test:960 android.location.LocationResult.filter:191 com.android.server.location.provider.LocationProviderManager$LocationRegistration.acceptLocationChange:959 
06-23 10:49:27.906 I/gralloc4(17946): @set_metadata: update dataspace from GM (0x00000000 -> 0x08010000)
06-23 10:49:27.908 D/mtk_lbs_utility( 1242): start_timer_check_ret: start_timer_check_ret ret=0
06-23 10:49:27.908 D/MNLD    ( 1242): mnld_main_thread: mnld_main_thread stop_timer return: 0
06-23 10:49:27.909 W/ContextImpl( 1780): Calling a method in the system process without a qualified user: android.app.ContextImpl.sendBroadcast:1246 com.android.server.location.provider.LocationProviderManager$LocationRegistration$1.test:1006 com.android.server.location.provider.LocationProviderManager$LocationRegistration$1.test:960 android.location.LocationResult.filter:191 com.android.server.location.provider.LocationProviderManager$LocationRegistration.acceptLocationChange:959 
06-23 10:49:27.910 W/ContextImpl( 1780): Calling a method in the system process without a qualified user: android.app.ContextImpl.sendBroadcast:1246 com.android.server.location.provider.LocationProviderManager$LocationRegistration$1.test:1006 com.android.server.location.provider.LocationProviderManager$LocationRegistration$1.test:960 android.location.LocationResult.filter:191 com.android.server.location.provider.LocationProviderManager$LocationRegistration.acceptLocationChange:959 
06-23 10:49:27.919 I/gralloc4(17946): @set_metadata: update dataspace from GM (0x00000000 -> 0x08010000)
06-23 10:49:27.946 I/gralloc4(17946): @set_metadata: update dataspace from GM (0x00000000 -> 0x08010000)
06-23 10:49:27.958 I/gralloc4(17946): @set_metadata: update dataspace from GM (0x00000000 -> 0x08010000)
06-23 10:49:27.964 D/mnld    ( 1242): nmea_reader_update_time: nmea_reader_update_time: timestamp = 1782229767228, second = 1782229767000, msec = 228
