06-23 10:49:17.405 D/MNLD    ( 1242): mnld_main_thread: mnld_main_thread stop_timer return: 0
06-23 10:49:17.408 I/hwcomposer(  967): [HWC] (0) displaySetActiveConfig config:1  
06-23 10:49:17.412 I/gralloc4( 2174): @set_metadata: update dataspace from GM (0x00000000 -> 0x08010000)
06-23 10:49:17.421 I/FusedLocation( 2744): (REDACTED) location delivery to %s blocked - too close
06-23 10:49:17.428 I/FusedLocation( 2744): (REDACTED) location delivery to %s blocked - too close
06-23 10:49:17.430 I/gralloc4( 2174): @set_metadata: update dataspace from GM (0x00000000 -> 0x08010000)
06-23 10:49:17.433 W/ContextImpl( 1780): Calling a method in the system process without a qualified user: android.app.ContextImpl.sendBroadcast:1246 com.android.server.location.provider.LocationProviderManager$LocationRegistration$1.test:1006 com.android.server.location.provider.LocationProviderManager$LocationRegistration$1.test:960 android.location.LocationResult.filter:191 com.android.server.location.provider.LocationProviderManager$LocationRegistration.acceptLocationChange:959 
06-23 10:49:17.434 W/ContextImpl( 1780): Calling a method in the system process without a qualified user: android.app.ContextImpl.sendBroadcast:1246 com.android.server.location.provider.LocationProviderManager$LocationRegistration$1.test:1006 com.android.server.location.provider.LocationProviderManager$LocationRegistration$1.test:960 android.location.LocationResult.filter:191 com.android.server.location.provider.LocationProviderManager$LocationRegistration.acceptLocationChange:959 
06-23 10:49:17.435 D/mtk_lbs_utility( 1242): start_timer_check_ret: start_timer_check_ret ret=0
06-23 10:49:17.435 D/MNLD    ( 1242): mnld_nfw_mnl2agps_location_sync: ret = 51
06-23 10:49:17.435 D/MNLD    ( 1242): mnld_nfw_mnl2agps_location_sync: mnl2agps_location_sync success
06-23 10:49:17.435 D/MNLD    ( 1242): mnld_main_thread: mnld_main_thread stop_timer return: 0
06-23 10:49:17.436 W/ContextImpl( 1780): Calling a method in the system process without a qualified user: android.app.ContextImpl.sendBroadcast:1246 com.android.server.location.provider.LocationProviderManager$LocationRegistration$1.test:1006 com.android.server.location.provider.LocationProviderManager$LocationRegistration$1.test:960 android.location.LocationResult.filter:191 com.android.server.location.provider.LocationProviderManager$LocationRegistration.acceptLocationChange:959 
06-23 10:49:17.438 W/ContextImpl( 1780): Calling a method in the system process without a qualified user: android.app.ContextImpl.sendBroadcast:1246 com.android.server.location.provider.LocationProviderManager$LocationRegistration$1.test:1006 com.android.server.location.provider.LocationProviderManager$LocationRegistration$1.test:960 android.location.LocationResult.filter:191 com.android.server.location.provider.LocationProviderManager$LocationRegistration.acceptLocationChange:959 
06-23 10:49:17.439 W/ContextImpl( 1780): Calling a method in the system process without a qualified user: android.app.ContextImpl.sendBroadcast:1246 com.android.server.location.provider.LocationProviderManager$LocationRegistration$1.test:1006 com.android.server.location.provider.LocationProviderManager$LocationRegistration$1.test:960 android.location.LocationResult.filter:191 com.android.server.location.provider.LocationProviderManager$LocationRegistration.acceptLocationChange:959 
06-23 10:49:17.440 W/ContextImpl( 1780): Calling a method in the system process without a qualified user: android.app.ContextImpl.sendBroadcast:1246 com.android.server.location.provider.LocationProviderManager$LocationRegistration$1.test:1006 com.android.server.location.provider.LocationProviderManager$LocationRegistration$1.test:960 android.location.LocationResult.filter:191 com.android.server.location.provider.LocationProviderManager$LocationRegistration.acceptLocationChange:959 
06-23 10:49:17.443 I/gralloc4( 2174): @set_metadata: update dataspace from GM (0x00000000 -> 0x08010000)
06-23 10:49:17.459 I/gralloc4( 2174): @set_metadata: update dataspace from GM (0x00000000 -> 0x08010000)
06-23 10:49:17.468 D/mnld    ( 1242): nmea_reader_update_time: nmea_reader_update_time: timestamp = 1782229756728, second = 1782229756000, msec = 728
06-23 10:49:17.469 W/mnld    ( 1242): nmea_reader_parse: unknown sentence 'GNVTG
06-23 10:49:17.469 D/mnld    ( 1242): nmea_reader_parse: receive PMTKAGC command, agc: 6
06-23 10:49:17.469 W/mnld    ( 1242): nmea_reader_parse: unknown sentence 'PMTKTSX1
06-23 10:49:17.469 D/mnld    ( 1242): nmea_reader_parse: et_mnl_report_mnld = 133852374, tick_in_dsp = 4752773, et_mnl_receive_tick = 133852292, et_at_dsp =0
06-23 10:49:17.469 W/mnld    ( 1242): nmea_reader_parse: unknown sentence 'PMTKMPE1
06-23 10:49:17.470 W/mnld    ( 1242): nmea_reader_parse: unknown sentence 'PMTKMPE2
06-23 10:49:17.470 W/mnld    ( 1242): nmea_reader_parse: unknown sentence 'PMTKLCPOS1
06-23 10:49:17.470 W/mnld    ( 1242): nmea_reader_parse: unknown sentence 'PMTKLCPOS2
06-23 10:49:17.470 D/mtk_lbs_utility( 1242): start_timer_check_ret: start_timer_check_ret ret=0
06-23 10:49:17.470 D/mtk_lbs_utility( 1242): start_timer_check_ret: start_timer_check_ret ret=0
06-23 10:49:17.470 W/MNLD    ( 1242): main_event_hdlr: GPS2MAIN_EVENT_START_DONE  is_assist_req=1
06-23 10:49:17.470 D/MNLD    ( 1242): mnld_gps_controller_mnl_nmea_timeout: GPS not in started done state, ignore timer for NMEA monitor!!!
06-23 10:49:17.470 W/MNLD    ( 1242): mnld_fsm: mnld_fsm() state=[STARTING] event=[START_DONE], user=0x00000001
06-23 10:49:17.470 D/mtk_lbs_utility( 1242): stop_timer_check_ret: stop_timer_check_ret ret=0
06-23 10:49:17.470 D/MNLD    ( 1242): fsm_gps_state_starting: fsm_gps_state_starting stop_timer return: 0, start_timer retrurn: 0
06-23 10:49:17.470 D/mnl2hal ( 1242): mnl2hal_gps_status: mnl2hal_gps_status  status=3
06-23 10:49:17.470 D/mnl2hal ( 1242): mnl2hal_gps_status: mnl2hal_gps_status  status=1
06-23 10:49:17.470 D/MNL2AGPS( 1242): mnl2agps_gps_open: mnl2agps_gps_open
06-23 10:49:17.470 D/mtknav  ( 1242): mtknav_update_mtknav_file: xdownload_status = 0x5
06-23 10:49:17.470 D/MNLD    ( 1242): mnld_main_thread: mnld_main_thread stop_timer return: 0
06-23 10:49:17.479 I/gralloc4( 2174): @set_metadata: update dataspace from GM (0x00000000 -> 0x08010000)
06-23 10:49:17.480 D/android.hardware.gnss-service.mediatek(  965): update_gps_status:   status=3
06-23 10:49:17.480 D/android.hardware.gnss-service.mediatek(  965): update_gps_status:   status=1
06-23 10:49:17.487 I/gralloc4( 2174): @set_metadata: update dataspace from GM (0x00000000 -> 0x08010000)
06-23 10:49:17.500 I/gralloc4( 2174): @set_metadata: update dataspace from GM (0x00000000 -> 0x08010000)
06-23 10:49:17.505 I/gralloc4(17946): @set_metadata: update dataspace from GM (0x00000000 -> 0x08010000)
06-23 10:49:17.506 W/HidlServiceManagement( 1263): Waited for hwservicemanager.ready for a second, waiting another...
06-23 10:49:17.506 W/libc    ( 1263): Access denied finding property "hwservicemanager.ready"
06-23 10:49:17.506 W/libc    ( 1263): Access denied finding property "hwservicemanager.ready"
06-23 10:49:17.504 W/binder:1263_2( 1263): type=1400 audit(0.0:243592): avc:  denied  { read } for  name="u:object_r:hwservicemanager_prop:s0" dev="tmpfs" ino=219 scontext=u:r:lbs_dbg_ext:s0 tcontext=u:object_r:hwservicemanager_prop:s0 tclass=file permissive=0
06-23 10:49:17.504 W/binder:1263_2( 1263): type=1400 audit(0.0:243593): avc:  denied  { read } for  name="u:object_r:hwservicemanager_prop:s0" dev="tmpfs" ino=219 scontext=u:r:lbs_dbg_ext:s0 tcontext=u:object_r:hwservicemanager_prop:s0 tclass=file permissive=0
06-23 10:49:17.510 D/VRI[MapActivity](17946): update {(0,0)(fillxfill) sim={adjust=resize} ty=BASE_APPLICATION wanim=0x10302fe
06-23 10:49:17.510 D/VRI[MapActivity](17946):   fl=LAYOUT_IN_SCREEN LAYOUT_INSET_DECOR SHOW_WHEN_LOCKED DISMISS_KEYGUARD SPLIT_TOUCH HARDWARE_ACCELERATED DRAWS_SYSTEM_BAR_BACKGROUNDS
06-23 10:49:17.510 D/VRI[MapActivity](17946):   pfl=NO_MOVE_ANIMATION FORCE_DRAW_STATUS_BAR_BACKGROUND FIT_INSETS_CONTROLLED
06-23 10:49:17.510 D/VRI[MapActivity](17946):   bhv=DEFAULT
06-23 10:49:17.510 D/VRI[MapActivity](17946):   fitSides=} by setLayoutParams
06-23 10:49:17.510 I/gralloc4( 2174): @set_metadata: update dataspace from GM (0x00000000 -> 0x08010000)
06-23 10:49:17.513 D/nativeloader(19785): Load /data/app/~~pyzQ4R4QDHPk0Gw7PqNPOg==/com.google.android.tts-aeQEE_J4ezpbwdEAbYqiEw==/lib/arm64/libgoogle_speech_sbg_tts_jni.so using class loader ns clns-4 (caller=/data/app/~~pyzQ4R4QDHPk0Gw7PqNPOg==/com.google.android.tts-aeQEE_J4ezpbwdEAbYqiEw==/base.apk!classes2.dex): ok
06-23 10:49:17.513 I/NativeLibraryLoader(19785): google_speech_sbg_tts_jni (null) was loaded normally!
06-23 10:49:17.517 D/VRI[MapActivity](17946): update {(0,0)(fillxfill) sim={adjust=resize} ty=BASE_APPLICATION wanim=0x10302fe
06-23 10:49:17.517 D/VRI[MapActivity](17946):   fl=LAYOUT_IN_SCREEN LAYOUT_INSET_DECOR SHOW_WHEN_LOCKED DISMISS_KEYGUARD SPLIT_TOUCH HARDWARE_ACCELERATED DRAWS_SYSTEM_BAR_BACKGROUNDS
06-23 10:49:17.517 D/VRI[MapActivity](17946):   pfl=NO_MOVE_ANIMATION FORCE_DRAW_STATUS_BAR_BACKGROUND FIT_INSETS_CONTROLLED
06-23 10:49:17.517 D/VRI[MapActivity](17946):   bhv=DEFAULT
06-23 10:49:17.517 D/VRI[MapActivity](17946):   fitSides=} by setLayoutParams
06-23 10:49:17.522 D/VRI[MapActivity](17946): update {(0,0)(fillxfill) sim={adjust=resize} ty=BASE_APPLICATION wanim=0x10302fe
06-23 10:49:17.522 D/VRI[MapActivity](17946):   fl=LAYOUT_IN_SCREEN LAYOUT_INSET_DECOR SHOW_WHEN_LOCKED DISMISS_KEYGUARD SPLIT_TOUCH HARDWARE_ACCELERATED DRAWS_SYSTEM_BAR_BACKGROUNDS
06-23 10:49:17.522 D/VRI[MapActivity](17946):   pfl=NO_MOVE_ANIMATION FORCE_DRAW_STATUS_BAR_BACKGROUND FIT_INSETS_CONTROLLED
06-23 10:49:17.522 D/VRI[MapActivity](17946):   bhv=DEFAULT
06-23 10:49:17.522 D/VRI[MapActivity](17946):   fitSides=} by setLayoutParams
06-23 10:49:17.523 I/gralloc4( 2174): @set_metadata: update dataspace from GM (0x00000000 -> 0x08010000)
06-23 10:49:17.528 W/MaterialProgressBar(17946): Current drawable is not a MaterialProgressDrawable, you may want to set app:mpb_setBothDrawables
06-23 10:49:17.529 I/net.osmand(17946): OsmandApplication >>>> APP startForegroundService = 1 {foreground true} {main}
06-23 10:49:17.535 I/ActivityManager( 1780): Background started FGS: Allowed [callingPackage: com.yetiwurks.flockfree; callingUid: 10409; uidState: TOP ; uidBFSL: [BFSL]; intent: Intent { cmp=com.yetiwurks.flockfree/net.osmand.plus.NavigationService (has extras) }; code:PROC_STATE_TOP; tempAllowListReason:<null>; targetSdkVersion:35; callerTargetSdkVersion:35; startForegroundCount:0; bindFromPackage:null: isBindService:false]
06-23 10:49:17.536 I/gralloc4( 2174): @set_metadata: update dataspace from GM (0x00000000 -> 0x08010000)
06-23 10:49:17.542 I/gralloc4( 2174): @set_metadata: update dataspace from GM (0x00000000 -> 0x08010000)
06-23 10:49:17.544 I/Choreographer(17946): Skipped 101 frames!  The application may be doing too much work on its main thread.
06-23 10:49:17.556 I/gralloc4( 2174): @set_metadata: update dataspace from GM (0x00000000 -> 0x08010000)
06-23 10:49:17.565 I/gralloc4( 2174): @set_metadata: update dataspace from GM (0x00000000 -> 0x08010000)
06-23 10:49:17.579 I/gralloc4( 2174): @set_metadata: update dataspace from GM (0x00000000 -> 0x08010000)
06-23 10:49:17.610 I/mtkpower_client( 1046): perf_lock_acq, hdl:0, dur:30000, num:2, tid:1046
06-23 10:49:17.611 I/mtkpower_client( 1046): ret_hdl:226742
06-23 10:49:17.611 I/libPowerHal(  989): [perfLockAcq] idx:2 hdl:226742 hint:-1 pid:1046 duration:30000 lock_user:fpsgo => ret_hdl:226742
06-23 10:49:17.612 I/libPowerHal(  989): [PE] fpsgo update cmd:1408300, param:100
06-23 10:49:17.739 W/AString (  970): ctor got NULL, using empty string instead
06-23 10:49:17.740 I/Gyroscope(  970): write temp cali: [1307, -1399, 771, 16114, 45038, -15662]
06-23 10:49:17.740 W/AString (  970): ctor got NULL, using empty string instead
06-23 10:49:17.741 I/Gyroscope(  970): write bias: [0.007675, -0.001999, 0.001983]
06-23 10:49:17.795 I/gralloc4(17946): @set_metadata: update dataspace from GM (0x00000000 -> 0x08010000)
06-23 10:49:17.802 I/net.osmand(17946): NavigationService >>>> NavigationService onStartCommand {main}
06-23 10:49:17.803 I/hwcomposer(  967): [HWCDisplay] [Display_0 (type:1)] fps:15.977901,dur:1126.56,max:649.26,min:9.92  
06-23 10:49:17.833 I/wurks.flockfree(17946): Explicit concurrent mark compact GC freed 15MB AllocSpace bytes, 31(1048KB) LOS objects, 23% free, 76MB/100MB, paused 4.970ms,10.933ms total 525.396ms
06-23 10:49:17.843 I/gralloc4(17946): @set_metadata: update dataspace from GM (0x00000000 -> 0x08010000)
06-23 10:49:17.851 W/wurks.flockfree(17946): ApkAssets: Deleting an ApkAssets object '<empty> and /data/app/~~pyzQ4R4QDHPk0Gw7PqNPOg==/com.google.android.tts-aeQEE_J4ezpbwdEAbYqiEw==/base.apk' with 1 weak references
06-23 10:49:17.854 W/wurks.flockfree(17946): ApkAssets: Deleting an ApkAssets object '<empty> and /data/app/~~pyzQ4R4QDHPk0Gw7PqNPOg==/com.google.android.tts-aeQEE_J4ezpbwdEAbYqiEw==/split_config.arm64_v8a.apk' with 1 weak references
06-23 10:49:17.854 W/wurks.flockfree(17946): ApkAssets: Deleting an ApkAssets object '<empty> and /data/app/~~pyzQ4R4QDHPk0Gw7PqNPOg==/com.google.android.tts-aeQEE_J4ezpbwdEAbYqiEw==/split_config.en.apk' with 1 weak references
06-23 10:49:17.854 W/wurks.flockfree(17946): ApkAssets: Deleting an ApkAssets object '<empty> and /data/app/~~pyzQ4R4QDHPk0Gw7PqNPOg==/com.google.android.tts-aeQEE_J4ezpbwdEAbYqiEw==/split_config.xhdpi.apk' with 1 weak references
06-23 10:49:17.860 I/OpenGLRenderer(17946): Davey! duration=1416ms; Flags=0, FrameTimelineVsyncId=12833896, IntendedVsync=101705364015823, Vsync=101706476087837, InputEventId=0, HandleInputStart=101706480343061, AnimationStart=101706480348061, PerformTraversalsStart=101706480350445, DrawStart=101706593521292, FrameDeadline=101705384015823, FrameInterval=101706479480369, FrameStartTime=11010614, SyncQueued=101706600096984, SyncStart=101706600223984, IssueDrawCommandsStart=101706601170753, SwapBuffers=101706775361830, FrameCompleted=101706780452292, DequeueBufferDuration=104000, QueueBufferDuration=1033538, GpuCompleted=101706779866522, SwapBuffersCompleted=101706780452292, DisplayPresentTime=101700049245214, CommandSubmissionCompleted=101706775361830, 
06-23 10:49:17.876 I/bt_shim_scanner( 2325): handle_remote_properties: handle_remote_properties Update device_type=0x3 addr_type=0x1
06-23 10:49:17.885 I/net.osmand(17946): MapRenderRepositories RENDER MAP: new request RotatedTileBox [lat=45.1839714050293, lon=-93.22183227539062, rotate=0.0, density=1.75, zoom=17, mapDensity=1.75, zoomAnimation=0.0, zoomFloatPart=0.0, cx=600, cy=1658, pixWidth=1200, pixHeight=2336] {Loader map objects (synchronizer)}
06-23 10:49:17.896 I/bt_shim_scanner( 2325): handle_remote_properties: handle_remote_properties Update device_type=0x3 addr_type=0x1
06-23 10:49:17.922 I/net.osmand(17946): NavigationService >>>> requestLocationUpdates from NavigationService {main}
06-23 10:49:17.927 I/bt_shim_scanner( 2325): handle_remote_properties: handle_remote_properties Update device_type=0x3 addr_type=0x1
06-23 10:49:17.934 I/Choreographer(17946): Skipped 33 frames!  The application may be doing too much work on its main thread.
06-23 10:49:17.945 I/bt_shim_scanner( 2325): handle_remote_properties: handle_remote_properties Update device_type=0x2 addr_type=0x1
06-23 10:49:17.950 W/id.ext.services( 2449): Reducing the number of considered missed Gc histogram windows from 139 to 100
06-23 10:49:17.965 I/gralloc4(17946): @set_metadata: update dataspace from GM (0x00000000 -> 0x08010000)
06-23 10:49:17.971 D/mnld    ( 1242): nmea_reader_update_time: nmea_reader_update_time: timestamp = 1782229757228, second = 1782229757000, msec = 228
06-23 10:49:17.972 W/mnld    ( 1242): nmea_reader_parse: unknown sentence 'GNVTG
06-23 10:49:17.972 D/mnld    ( 1242): nmea_reader_parse: receive PMTKAGC command, agc: 4
06-23 10:49:17.972 W/mnld    ( 1242): nmea_reader_parse: unknown sentence 'PMTKTSX1
06-23 10:49:17.972 D/mnld    ( 1242): nmea_reader_parse: et_mnl_report_mnld = 133852876, tick_in_dsp = 4753273, et_mnl_receive_tick = 133852794, et_at_dsp =0
06-23 10:49:17.972 W/mnld    ( 1242): nmea_reader_parse: unknown sentence 'PMTKMPE1
06-23 10:49:17.972 W/mnld    ( 1242): nmea_reader_parse: unknown sentence 'PMTKMPE2
06-23 10:49:17.972 W/mnld    ( 1242): nmea_reader_parse: unknown sentence 'PMTKLCPOS1
06-23 10:49:17.972 W/mnld    ( 1242): nmea_reader_parse: unknown sentence 'PMTKLCPOS2
06-23 10:49:17.973 D/mtk_lbs_utility( 1242): start_timer_check_ret: start_timer_check_ret ret=0
06-23 10:49:17.973 D/MNLD    ( 1242): mnld_gps_controller_mnl_nmea_timeout: mnld_gps_controller_mnl_nmea_timeout start_timer return: 0
06-23 10:49:17.973 D/mtk_lbs_utility( 1242): stop_timer_check_ret: stop_timer_check_ret ret=0
06-23 10:49:17.989 I/bt_shim_scanner( 2325): handle_remote_properties: handle_remote_properties Update device_type=0x2 addr_type=0x1
06-23 10:49:17.997 I/bt_shim_scanner( 2325): handle_remote_properties: handle_remote_properties Update device_type=0x2 addr_type=0x1
06-23 10:49:17.998 I/gralloc4(17946): @set_metadata: update dataspace from GM (0x00000000 -> 0x08010000)
06-23 10:49:18.001 I/mtkpower_client( 1046): perf_lock_rel, hdl:226742, tid:1046
06-23 10:49:18.002 I/libPowerHal(  989): [perfLockRel] hdl:226742, idx:2
06-23 10:49:18.002 I/libPowerHal(  989): [PD] fpsgo update cmd:1408300 param:0
06-23 10:49:18.006 I/gralloc4(17946): @set_metadata: update dataspace from GM (0x00000000 -> 0x08010000)
06-23 10:49:18.036 I/gralloc4(17946): @set_metadata: update dataspace from GM (0x00000000 -> 0x08010000)
06-23 10:49:18.059 I/gralloc4(17946): @set_metadata: update dataspace from GM (0x00000000 -> 0x08010000)
06-23 10:49:18.069 I/gralloc4(17946): @set_metadata: update dataspace from GM (0x00000000 -> 0x08010000)
06-23 10:49:18.104 I/gralloc4( 2174): @set_metadata: update dataspace from GM (0x00000000 -> 0x08010000)
06-23 10:49:18.112 I/gralloc4(17946): @set_metadata: update dataspace from GM (0x00000000 -> 0x08010000)
06-23 10:49:18.130 W/NotificationHistory( 1780): Attempted to add notif for locked/gone/disabled user 0
06-23 10:49:18.138 I/gralloc4(17946): @set_metadata: update dataspace from GM (0x00000000 -> 0x08010000)
06-23 10:49:18.147 I/gralloc4(17946): @set_metadata: update dataspace from GM (0x00000000 -> 0x08010000)
06-23 10:49:18.168 I/gralloc4(17946): @set_metadata: update dataspace from GM (0x00000000 -> 0x08010000)
06-23 10:49:18.175 I/gralloc4(17946): @set_metadata: update dataspace from GM (0x00000000 -> 0x08010000)
06-23 10:49:18.181 I/gralloc4( 2174): @set_metadata: update dataspace from GM (0x00000000 -> 0x08010000)
06-23 10:49:18.199 I/gralloc4(17946): @set_metadata: update dataspace from GM (0x00000000 -> 0x08010000)
06-23 10:49:18.211 I/gralloc4(17946): @set_metadata: update dataspace from GM (0x00000000 -> 0x08010000)
06-23 10:49:18.221 I/VoiceDataManager(19785): Explicitly adding voicepack to downloads: en-us-x-multi-seanet
06-23 10:49:18.221 I/VoiceDataDownloader(19785): voicesToFetch en-us
06-23 10:49:18.228 I/VoiceDataDownloader(19785): fetchVoiceInternal en-us
06-23 10:49:18.228 I/VoiceDataManager(19785): start to download voice en-us
06-23 10:49:18.228 I/VoiceDataDownloader(19785): Download of en-us started.
06-23 10:49:18.228 I/VoiceDataDownloader(19785): Registered slicing strategy for en-us
06-23 10:49:18.228 I/VoiceDataDownloader(19785): Got pack name "en-us-x-multi-r83" for voicemetadata en-us, voice en-us-x-multi
06-23 10:49:18.229 I/VoiceDataDownloader(19785): Adding pack en-us-x-multi-r83 to superpack.
06-23 10:49:18.229 I/LocalSynthesizer(19785): Attempting to load synthesizer for voice: en-us-x-iog-lstm-embedded
06-23 10:49:18.229 I/VoiceDataDownloader(19785): Got pack name "en-us-x-multi-seanet-r83" for voicemetadata en-us, voice en-us-x-multi
06-23 10:49:18.229 I/VoiceDataDownloader(19785): Adding pack en-us-x-multi-seanet-r83 to superpack.
06-23 10:49:18.229 I/VoiceDataDownloader(19785): Got pack name "en-us-x-afh-r83" for voicemetadata en-us, voice en-us-x-afh
06-23 10:49:18.229 I/VoiceDataDownloader(19785): Adding pack en-us-x-afh-r83 to superpack.
06-23 10:49:18.229 I/VoiceDataDownloader(19785): Got pack name "en-us-x-fis-r83" for voicemetadata en-us, voice en-us-x-fis
06-23 10:49:18.229 I/VoiceDataDownloader(19785): Adding pack en-us-x-fis-r83 to superpack.
06-23 10:49:18.229 I/VoiceDataDownloader(19785): Got pack name "en-us-x-afh-seanet-r83" for voicemetadata en-us, voice en-us-x-afh
06-23 10:49:18.229 I/VoiceDataDownloader(19785): Adding pack en-us-x-afh-seanet-r83 to superpack.
06-23 10:49:18.229 I/VoiceDataDownloader(19785): Got pack name "en-us-x-fis-seanet-r83" for voicemetadata en-us, voice en-us-x-fis
06-23 10:49:18.229 I/VoiceDataDownloader(19785): Adding pack en-us-x-fis-seanet-r83 to superpack.
06-23 10:49:18.229 I/VoiceDataDownloader(19785): Got pack name "en-us-x-news-lemonbalm-r83" for voicemetadata en-us, voice en-us-x-news
06-23 10:49:18.229 I/VoiceDataDownloader(19785): Adding pack en-us-x-news-lemonbalm-r83 to superpack.
06-23 10:49:18.229 I/VoiceDataDownloader(19785): Got pack name "en-us-x-news-darwinnrio-lemonbalm-r83" for voicemetadata en-us, voice en-us-x-news
06-23 10:49:18.229 I/VoiceDataDownloader(19785): Adding pack en-us-x-news-darwinnrio-lemonbalm-r83 to superpack.
06-23 10:49:18.229 I/VoiceDataDownloader(19785): Got pack name "en-us-x-multi-locomel-r83" for voicemetadata en-us, voice en-us-x-multi
06-23 10:49:18.229 I/VoiceDataDownloader(19785): Adding pack en-us-x-multi-locomel-r83 to superpack.
06-23 10:49:18.229 I/VoiceDataDownloader(19785): Got pack name "en-us-x-blueginger-lemonbalm-r83" for voicemetadata en-us, voice en-us-x-blueginger
06-23 10:49:18.229 I/VoiceDataDownloader(19785): Adding pack en-us-x-blueginger-lemonbalm-r83 to superpack.
06-23 10:49:18.229 I/VoiceDataDownloader(19785): Got pack name "" for voicemetadata en-us, voice en-us-x-gia
06-23 10:49:18.229 I/VoiceDataDownloader(19785): Got pack name "" for voicemetadata en-us, voice en-us-x-star
06-23 10:49:18.229 I/VoiceDataDownloader(19785): Syncing superpack en-us
06-23 10:49:18.229 I/SP      (19785): Registering en-us.83, url: null, constraints: *:*:*:*, flags: *, requested: 83, current: 83
06-23 10:49:18.235 I/ExoPlayerImpl(19785): Init fa65f26 [AndroidXMedia3/1.10.1] [gnevan, moto g stylus (2023), motorola, 34]
06-23 10:49:18.237 I/ExoPlayerImpl(19785): Init 9fb56ac [AndroidXMedia3/1.10.1] [gnevan, moto g stylus (2023), motorola, 34]
06-23 10:49:18.237 I/SP      (19785): Syncing en-us (83) with slices: [{en-us-x-multi-r83, m:*:*:*}], metadata: false
06-23 10:49:18.238 I/LocalSynthesizer(19785): Voice en-us-x-iog-lstm-embedded is not supported by any existing synthesizers.
06-23 10:49:18.239 I/ComposerWrapperImpl(19785): Initializing new monolithic pipeline. New voice: en-us-x-iog-lstm-embedded
06-23 10:49:18.239 I/PipelineReaderImpl(19785): Initializing monolithic pipeline from disk: /data/user_de/0/com.google.android.tts/files/superpacks/en-us/en-us-x-multi-r83/pipeline.pb
06-23 10:49:18.240 I/native  (19785): I0000 00:00:1782229758.239951   19785 android_resource_loader.cc:38] Using Android specific resource loader
06-23 10:49:18.248 I/native  (19785): I0000 00:00:1782229758.247933   19785 android_resource_loader.cc:109] Loading resources for en_us_x_embedded_valerian_vocoded/13801838804202509800
06-23 10:49:18.248 I/native  (19785): I0000 00:00:1782229758.248286   19785 data_source.cc:95] Opening data source "/data/user_de/0/com.google.android.tts/files/superpacks/en-us/en-us-x-multi-r83/burdock_frame_config.pb" (as: FILE) ...
06-23 10:49:18.249 I/native  (19785): I0000 00:00:1782229758.248818   19785 data_source.cc:99] ... Opened data source "/data/user_de/0/com.google.android.tts/files/superpacks/en-us/en-us-x-multi-r83/burdock_frame_config.pb" of size 68
06-23 10:49:18.250 I/native  (19785): I0000 00:00:1782229758.249925   19785 android_resource_loader.cc:100] Built resource acoustic_frame_config
06-23 10:49:18.250 I/native  (19785): I0000 00:00:1782229758.250180   19785 android_resource_loader.cc:116] Loaded resource:acoustic_frame_config
06-23 10:49:18.250 I/native  (19785): I0000 00:00:1782229758.250385   19785 data_source.cc:95] Opening data source "/data/user_de/0/com.google.android.tts/files/superpacks/en-us/en-us-x-multi-r83/affixes_en_us_android.far" (as: FILE) ...
06-23 10:49:18.250 I/native  (19785): I0000 00:00:1782229758.250652   19785 data_source.cc:99] ... Opened data source "/data/user_de/0/com.google.android.tts/files/superpacks/en-us/en-us-x-multi-r83/affixes_en_us_android.far" of size 36782
06-23 10:49:18.253 I/native  (19785): I0000 00:00:1782229758.253764   19785 android_resource_loader.cc:100] Built resource affix_word_splitter_grm
06-23 10:49:18.253 I/native  (19785): I0000 00:00:1782229758.253869   19785 android_resource_loader.cc:116] Loaded resource:affix_word_splitter_grm
06-23 10:49:18.253 I/native  (19785): I0000 00:00:1782229758.253915   19785 data_source.cc:95] Opening data source "/data/user_de/0/com.google.android.tts/files/superpacks/en-us/en-us-x-multi-r83/affixes_params_en_us.pb" (as: FILE) ...
06-23 10:49:18.254 I/native  (19785): I0000 00:00:1782229758.253991   19785 data_source.cc:99] ... Opened data source "/data/user_de/0/com.google.android.tts/files/superpacks/en-us/en-us-x-multi-r83/affixes_params_en_us.pb" of size 420
06-23 10:49:18.254 I/native  (19785): I0000 00:00:1782229758.254546   19785 affix_word_splitter_data.cc:33] Ambiguous affix entries for spelling ['s] -- their grammars should disambiguate them.
06-23 10:49:18.254 I/native  (19785): I0000 00:00:1782229758.254612   19785 affix_word_splitter_data.cc:33] Ambiguous affix entries for spelling ['s] -- their grammars should disambiguate them.
06-23 10:49:18.254 I/native  (19785): I0000 00:00:1782229758.254631   19785 affix_word_splitter_data.cc:33] Ambiguous affix entries for spelling ['s] -- their grammars should disambiguate them.
06-23 10:49:18.254 I/native  (19785): I0000 00:00:1782229758.254651   19785 affix_word_splitter_data.cc:33] Ambiguous affix entries for spelling [s] -- their grammars should disambiguate them.
06-23 10:49:18.254 I/native  (19785): I0000 00:00:1782229758.254678   19785 affix_word_splitter_data.cc:33] Ambiguous affix entries for spelling [s] -- their grammars should disambiguate them.
06-23 10:49:18.254 I/native  (19785): I0000 00:00:1782229758.254695   19785 affix_word_splitter_data.cc:33] Ambiguous affix entries for spelling [s] -- their grammars should disambiguate them.
06-23 10:49:18.254 I/native  (19785): I0000 00:00:1782229758.254719   19785 affix_word_splitter_data.cc:33] Ambiguous affix entries for spelling [ed] -- their grammars should disambiguate them.
06-23 10:49:18.254 I/native  (19785): I0000 00:00:1782229758.254740   19785 affix_word_splitter_data.cc:33] Ambiguous affix entries for spelling [ed] -- their grammars should disambiguate them.
06-23 10:49:18.254 I/native  (19785): I0000 00:00:1782229758.254759   19785 affix_word_splitter_data.cc:33] Ambiguous affix entries for spelling [ed] -- their grammars should disambiguate them.
06-23 10:49:18.254 I/native  (19785): I0000 00:00:1782229758.254788   19785 affix_word_splitter_data.cc:89] Loaded affixes in [/data/user_de/0/com.google.android.tts/files/superpacks/en-us/en-us-x-multi-r83/affixes_params_en_us.pb].
06-23 10:49:18.254 I/native  (19785): I0000 00:00:1782229758.254835   19785 android_resource_loader.cc:100] Built resource affix_word_splitter
06-23 10:49:18.254 E/OpenGLRenderer( 2174): Device claims wide gamut support, cannot find matching config, error = EGL_SUCCESS
06-23 10:49:18.254 I/native  (19785): I0000 00:00:1782229758.254860   19785 android_resource_loader.cc:116] Loaded resource:affix_word_splitter
06-23 10:49:18.254 I/native  (19785): I0000 00:00:1782229758.254904   19785 android_resource_loader.cc:100] Built resource audio_manipulation_params
06-23 10:49:18.254 I/native  (19785): I0000 00:00:1782229758.254926   19785 android_resource_loader.cc:116] Loaded resource:audio_manipulation_params
06-23 10:49:18.254 I/native  (19785): I0000 00:00:1782229758.254956   19785 data_source.cc:95] Opening data source "/data/user_de/0/com.google.android.tts/files/superpacks/en-us/en-us-x-multi-r83/roman_numeral_android.far" (as: FILE) ...
06-23 10:49:18.255 I/native  (19785): I0000 00:00:1782229758.255013   19785 data_source.cc:99] ... Opened data source "/data/user_de/0/com.google.android.tts/files/superpacks/en-us/en-us-x-multi-r83/roman_numeral_android.far" of size 5112
06-23 10:49:18.255 W/OpenGLRenderer( 2174): Failed to initialize 101010-2 format, error = EGL_SUCCESS
06-23 10:49:18.256 I/native  (19785): I0000 00:00:1782229758.256146   19785 android_resource_loader.cc:100] Built resource classify_roman_numerals_grm_fst
06-23 10:49:18.256 I/native  (19785): I0000 00:00:1782229758.256259   19785 android_resource_loader.cc:116] Loaded resource:classify_roman_numerals_grm_fst
06-23 10:49:18.256 I/native  (19785): I0000 00:00:1782229758.256303   19785 data_source.cc:95] Opening data source "/data/user_de/0/com.google.android.tts/files/superpacks/en-us/en-us-x-multi-r83/en_us_pronounce.far" (as: FILE) ...
06-23 10:49:18.256 I/native  (19785): I0000 00:00:1782229758.256395   19785 data_source.cc:99] ... Opened data source "/data/user_de/0/com.google.android.tts/files/superpacks/en-us/en-us-x-multi-r83/en_us_pronounce.far" of size 5040
06-23 10:49:18.257 I/native  (19785): I0000 00:00:1782229758.257214   19785 android_resource_loader.cc:100] Built resource compound_pronounce_grm_fst
06-23 10:49:18.257 I/native  (19785): I0000 00:00:1782229758.257327   19785 android_resource_loader.cc:116] Loaded resource:compound_pronounce_grm_fst
06-23 10:49:18.257 I/native  (19785): I0000 00:00:1782229758.257379   19785 data_source.cc:95] Opening data source "/data/user_de/0/com.google.android.tts/files/superpacks/en-us/en-us-x-multi-r83/disambiguation_rules_en_us.pb" (as: FILE) ...
06-23 10:49:18.257 I/native  (19785): I0000 00:00:1782229758.257467   19785 data_source.cc:99] ... Opened data source "/data/user_de/0/com.google.android.tts/files/superpacks/en-us/en-us-x-multi-r83/disambiguation_rules_en_us.pb" of size 317147
06-23 10:49:18.265 D/ActivityManager( 1780): unfreezing ProcessRecord{2982f3f 18214:com.google.process.gservices/u0a242}, reason = oom_uncached, adj = 0, adjType = provider, adjSource = ProcessRecord{56ab96a 19785:com.google.android.tts/u0a272}
06-23 10:49:18.267 D/ActivityManager( 1780): sync unfroze 18214 com.google.process.gservices for 7
06-23 10:49:18.270 I/gralloc4(17946): @set_metadata: update dataspace from GM (0x00000000 -> 0x08010000)
06-23 10:49:18.310 I/libPerfCtl(  989): xgfGetFPS pid:2174 fps:50
06-23 10:49:18.310 I/libPerfCtl(  989): xgfGetFPS pid:17946 fps:25
06-23 10:49:18.312 I/native  (19785): I0000 00:00:1782229758.312344   19785 android_resource_loader.cc:100] Built resource disambiguation_rules
06-23 10:49:18.312 I/native  (19785): I0000 00:00:1782229758.312487   19785 android_resource_loader.cc:116] Loaded resource:disambiguation_rules
06-23 10:49:18.312 I/native  (19785): I0000 00:00:1782229758.312533   19785 data_source.cc:95] Opening data source "/data/user_de/0/com.google.android.tts/files/superpacks/en-us/en-us-x-multi-r83/engine_config_en_us_x_embedded_valerian_vocoded.pb" (as: FILE) ...
06-23 10:49:18.312 I/native  (19785): I0000 00:00:1782229758.312647   19785 data_source.cc:99] ... Opened data source "/data/user_de/0/com.google.android.tts/files/superpacks/en-us/en-us-x-multi-r83/engine_config_en_us_x_embedded_valerian_vocoded.pb" of size 54
06-23 10:49:18.313 I/native  (19785): I0000 00:00:1782229758.313392   19785 android_resource_loader.cc:100] Built resource engine_config
06-23 10:49:18.313 I/native  (19785): I0000 00:00:1782229758.313490   19785 android_resource_loader.cc:116] Loaded resource:engine_config
06-23 10:49:18.313 I/native  (19785): I0000 00:00:1782229758.313536   19785 android_resource_loader.cc:100] Built resource guided_synthesis
06-23 10:49:18.313 I/native  (19785): I0000 00:00:1782229758.313556   19785 android_resource_loader.cc:116] Loaded resource:guided_synthesis
06-23 10:49:18.313 I/native  (19785): I0000 00:00:1782229758.313587   19785 data_source.cc:95] Opening data source "/data/user_de/0/com.google.android.tts/files/superpacks/en-us/en-us-x-multi-r83/mapping_grammar_en.far" (as: FILE) ...
06-23 10:49:18.313 I/native  (19785): I0000 00:00:1782229758.313665   19785 data_source.cc:99] ... Opened data source "/data/user_de/0/com.google.android.tts/files/superpacks/en-us/en-us-x-multi-r83/mapping_grammar_en.far" of size 863
06-23 10:49:18.314 I/native  (19785): I0000 00:00:1782229758.314163   19785 android_resource_loader.cc:100] Built resource homograph_mapping_grammar
06-23 10:49:18.314 I/native  (19785): I0000 00:00:1782229758.314223   19785 android_resource_loader.cc:116] Loaded resource:homograph_mapping_grammar
06-23 10:49:18.314 I/native  (19785): I0000 00:00:1782229758.314260   19785 data_source.cc:95] Opening data source "/data/user_de/0/com.google.android.tts/files/superpacks/en-us/en-us-x-multi-r83/lettuce_model.fb" (as: MEMORY) ...
06-23 10:49:18.314 I/native  (19785): I0000 00:00:1782229758.314370   19785 data_source.cc:99] ... Opened data source "/data/user_de/0/com.google.android.tts/files/superpacks/en-us/en-us-x-multi-r83/lettuce_model.fb" of size 2100680
06-23 10:49:18.322 I/native  (19785): I0000 00:00:1782229758.321980   19785 android_resource_loader.cc:100] Built resource lettuce_model_resource
06-23 10:49:18.322 I/native  (19785): I0000 00:00:1782229758.322389   19785 android_resource_loader.cc:116] Loaded resource:lettuce_model_resource
06-23 10:49:18.322 I/native  (19785): I0000 00:00:1782229758.322675   19785 android_resource_loader.cc:100] Built resource lettuce_model_scorer
06-23 10:49:18.322 I/native  (19785): I0000 00:00:1782229758.322892   19785 android_resource_loader.cc:116] Loaded resource:lettuce_model_scorer
06-23 10:49:18.323 I/native  (19785): I0000 00:00:1782229758.323046   19785 data_source.cc:95] Opening data source "/data/user_de/0/com.google.android.tts/files/superpacks/en-us/en-us-x-multi-r83/lettuce_classify_embedded_us_generated_android.far" (as: FILE) ...
06-23 10:49:18.323 I/native  (19785): I0000 00:00:1782229758.323246   19785 data_source.cc:99] ... Opened data source "/data/user_de/0/com.google.android.tts/files/superpacks/en-us/en-us-x-multi-r83/lettuce_classify_embedded_us_generated_android.far" of size 4439801
06-23 10:49:18.336 I/gralloc4(17946): @set_metadata: update dataspace from GM (0x00000000 -> 0x08010000)
06-23 10:49:18.356 I/gralloc4(17946): @set_metadata: update dataspace from GM (0x00000000 -> 0x08010000)
06-23 10:49:18.375 W/PhBaseOp( 2744): Phenotype API error. Event: # jijq@963d2e43, EventCode: COMMIT_CONFIG [CONTEXT service_id=51 ]
06-23 10:49:18.375 W/PhBaseOp( 2744): fczj: 29547: Stale snapshot for com.google.android.libraries.consentverifier#com.google.android.tts(new configuration available)
06-23 10:49:18.375 W/PhBaseOp( 2744): 	at fdbm.d(:com.google.android.gms@262433029@26.24.33 (190400-933919041):443)
06-23 10:49:18.375 W/PhBaseOp( 2744): 	at fdbm.b(:com.google.android.gms@262433029@26.24.33 (190400-933919041):44)
06-23 10:49:18.375 W/PhBaseOp( 2744): 	at fdbl.i(:com.google.android.gms@262433029@26.24.33 (190400-933919041):3)
06-23 10:49:18.375 W/PhBaseOp( 2744): 	at fdbh.h(:com.google.android.gms@262433029@26.24.33 (190400-933919041):34)
06-23 10:49:18.375 W/PhBaseOp( 2744): 	at fdbh.f(:com.google.android.gms@262433029@26.24.33 (190400-933919041):16)
06-23 10:49:18.375 W/PhBaseOp( 2744): 	at cyjw.fD(:com.google.android.gms@262433029@26.24.33 (190400-933919041):1)
06-23 10:49:18.375 W/PhBaseOp( 2744): 	at cykh.run(:com.google.android.gms@262433029@26.24.33 (190400-933919041):121)
06-23 10:49:18.375 W/PhBaseOp( 2744): 	at hdth.run(:com.google.android.gms@262433029@26.24.33 (190400-933919041):23)
06-23 10:49:18.375 W/PhBaseOp( 2744): 	at bkhn.c(:com.google.android.gms@262433029@26.24.33 (190400-933919041):50)
06-23 10:49:18.375 W/PhBaseOp( 2744): 	at bkhn.run(:com.google.android.gms@262433029@26.24.33 (190400-933919041):66)
06-23 10:49:18.375 W/PhBaseOp( 2744): 	at java.util.concurrent.ThreadPoolExecutor.runWorker(ThreadPoolExecutor.java:1100)
06-23 10:49:18.375 W/PhBaseOp( 2744): 	at java.util.concurrent.ThreadPoolExecutor$Worker.run(ThreadPoolExecutor.java:624)
06-23 10:49:18.375 W/PhBaseOp( 2744): 	at bkne.run(:com.google.android.gms@262433029@26.24.33 (190400-933919041):8)
06-23 10:49:18.375 W/PhBaseOp( 2744): 	at java.lang.Thread.run(Thread.java:1572)
06-23 10:49:18.376 W/AsyncOperation( 2744): operation=CommitToConfigurationOperationCall, opStatusCode=29547 [CONTEXT service_id=51 ]
06-23 10:49:18.376 W/AsyncOperation( 2744): OperationException[Status{statusCode=Stale snapshot for com.google.android.libraries.consentverifier#com.google.android.tts(new configuration available), resolution=null}]
06-23 10:49:18.376 W/AsyncOperation( 2744): 	at fdbh.h(:com.google.android.gms@262433029@26.24.33 (190400-933919041):64)
06-23 10:49:18.376 W/AsyncOperation( 2744): 	at fdbh.f(:com.google.android.gms@262433029@26.24.33 (190400-933919041):16)
06-23 10:49:18.376 W/AsyncOperation( 2744): 	at cyjw.fD(:com.google.android.gms@262433029@26.24.33 (190400-933919041):1)
06-23 10:49:18.376 W/AsyncOperation( 2744): 	at cykh.run(:com.google.android.gms@262433029@26.24.33 (190400-933919041):121)
06-23 10:49:18.376 W/AsyncOperation( 2744): 	at hdth.run(:com.google.android.gms@262433029@26.24.33 (190400-933919041):23)
06-23 10:49:18.376 W/AsyncOperation( 2744): 	at bkhn.c(:com.google.android.gms@262433029@26.24.33 (190400-933919041):50)
06-23 10:49:18.376 W/AsyncOperation( 2744): 	at bkhn.run(:com.google.android.gms@262433029@26.24.33 (190400-933919041):66)
06-23 10:49:18.376 W/AsyncOperation( 2744): 	at java.util.concurrent.ThreadPoolExecutor.runWorker(ThreadPoolExecutor.java:1100)
06-23 10:49:18.376 W/AsyncOperation( 2744): 	at java.util.concurrent.ThreadPoolExecutor$Worker.run(ThreadPoolExecutor.java:624)
06-23 10:49:18.376 W/AsyncOperation( 2744): 	at bkne.run(:com.google.android.gms@262433029@26.24.33 (190400-933919041):8)
06-23 10:49:18.376 W/AsyncOperation( 2744): 	at java.lang.Thread.run(Thread.java:1572)
06-23 10:49:18.384 I/gralloc4(17946): @set_metadata: update dataspace from GM (0x00000000 -> 0x08010000)
06-23 10:49:18.390 I/gralloc4( 2174): @set_metadata: update dataspace from GM (0x00000000 -> 0x08010000)
06-23 10:49:18.395 I/gralloc4(17946): @set_metadata: update dataspace from GM (0x00000000 -> 0x08010000)
06-23 10:49:18.403 I/SP      (19785): Sync for en-us succeeded in 173 ms: no changes
06-23 10:49:18.404 I/SP      (19785): GC for 'en-us' (10) with ttl of 0 ms took 0 ms (0/0/0)
06-23 10:49:18.405 I/VoiceDataDownloader(19785): Superpack download completed.
06-23 10:49:18.405 I/VoiceDataDownloader(19785): Download en-us Success true
06-23 10:49:18.405 I/VoiceDataManager(19785): Downloaded voice en-us
06-23 10:49:18.405 I/VoiceDataManager(19785): checkData: Refreshing list of all available voices...
06-23 10:49:18.406 I/native  (19785): I0000 00:00:1782229758.406136   19785 android_resource_loader.cc:100] Built resource lettuce_node_generator_grm
06-23 10:49:18.406 I/native  (19785): I0000 00:00:1782229758.406306   19785 android_resource_loader.cc:116] Loaded resource:lettuce_node_generator_grm
06-23 10:49:18.406 I/native  (19785): I0000 00:00:1782229758.406452   19785 data_source.cc:95] Opening data source "/data/user_de/0/com.google.android.tts/files/superpacks/en-us/en-us-x-multi-r83/lucid_collection_android.far" (as: FILE) ...
06-23 10:49:18.406 I/native  (19785): I0000 00:00:1782229758.406602   19785 data_source.cc:99] ... Opened data source "/data/user_de/0/com.google.android.tts/files/superpacks/en-us/en-us-x-multi-r83/lucid_collection_android.far" of size 306120
06-23 10:49:18.408 D/mtk_lbs_utility( 1242): start_timer_check_ret: start_timer_check_ret ret=0
06-23 10:49:18.408 D/MNLD    ( 1242): mnld_main_thread: mnld_main_thread stop_timer return: 0
06-23 10:49:18.413 I/VoiceDataDownloader(19785): getAvailableVoicesInfo en-us
06-23 10:49:18.414 I/VoiceGenerator(19785): Cache cleared
06-23 10:49:18.414 I/VoiceDataManager(19785): Calling onVoicesDataChange: updated voices
06-23 10:49:18.416 I/gralloc4(17946): @set_metadata: update dataspace from GM (0x00000000 -> 0x08010000)
06-23 10:49:18.422 I/native  (19785): I0000 00:00:1782229758.422103   19785 android_resource_loader.cc:100] Built resource lucid_parser_grm_fst
06-23 10:49:18.422 I/native  (19785): I0000 00:00:1782229758.422462   19785 android_resource_loader.cc:116] Loaded resource:lucid_parser_grm_fst
06-23 10:49:18.424 I/native  (19785): I0000 00:00:1782229758.423974   19785 data_source.cc:95] Opening data source "/data/user_de/0/com.google.android.tts/files/superpacks/en-us/en-us-x-multi-r83/markup_triggers.pb" (as: FILE) ...
06-23 10:49:18.424 I/native  (19785): I0000 00:00:1782229758.424487   19785 data_source.cc:99] ... Opened data source "/data/user_de/0/com.google.android.tts/files/superpacks/en-us/en-us-x-multi-r83/markup_triggers.pb" of size 930
06-23 10:49:18.425 I/gralloc4( 2174): @set_metadata: update dataspace from GM (0x00000000 -> 0x08010000)
06-23 10:49:18.426 I/PowerHalWrapper( 1780): amsBoostStop AMS_BOOST_PACK_SWITCH:false, AMS_BOOST_ACT_SWITCH:false, AMS_BOOST_PROCESS_CREATE:false 
06-23 10:49:18.426 I/native  (19785): I0000 00:00:1782229758.426183   19785 android_resource_loader.cc:100] Built resource markup_triggers
06-23 10:49:18.426 I/native  (19785): I0000 00:00:1782229758.426263   19785 android_resource_loader.cc:116] Loaded resource:markup_triggers
06-23 10:49:18.426 I/native  (19785): I0000 00:00:1782229758.426324   19785 data_source.cc:95] Opening data source "/data/user_de/0/com.google.android.tts/files/superpacks/en-us/en-us-x-multi-r83/morphosyntactic_mapping.pb" (as: FILE) ...
06-23 10:49:18.426 I/native  (19785): I0000 00:00:1782229758.426431   19785 data_source.cc:99] ... Opened data source "/data/user_de/0/com.google.android.tts/files/superpacks/en-us/en-us-x-multi-r83/morphosyntactic_mapping.pb" of size 6
06-23 10:49:18.427 I/gralloc4(17946): @set_metadata: update dataspace from GM (0x00000000 -> 0x08010000)
06-23 10:49:18.427 I/native  (19785): I0000 00:00:1782229758.427445   19785 android_resource_loader.cc:100] Built resource morph_analyzer_attribute_map
06-23 10:49:18.427 I/native  (19785): I0000 00:00:1782229758.427533   19785 android_resource_loader.cc:116] Loaded resource:morph_analyzer_attribute_map
06-23 10:49:18.427 I/native  (19785): I0000 00:00:1782229758.427590   19785 android_resource_loader.cc:100] Built resource multilingual_capabilities
06-23 10:49:18.427 I/native  (19785): I0000 00:00:1782229758.427624   19785 android_resource_loader.cc:116] Loaded resource:multilingual_capabilities
06-23 10:49:18.427 I/native  (19785): I0000 00:00:1782229758.427716   19785 data_source.cc:95] Opening data source "/data/user_de/0/com.google.android.tts/files/superpacks/en-us/en-us-x-multi-r83/en_us_phonology.pb" (as: FILE) ...
06-23 10:49:18.428 I/native  (19785): I0000 00:00:1782229758.428077   19785 data_source.cc:99] ... Opened data source "/data/user_de/0/com.google.android.tts/files/superpacks/en-us/en-us-x-multi-r83/en_us_phonology.pb" of size 2196
06-23 10:49:18.430 W/native  (19785): W0000 00:00:1782229758.430811   19785 phonology.cc:80] Phonemes @, @` have non-distinctive features. See b/111971558.
06-23 10:49:18.430 W/native  (19785): W0000 00:00:1782229758.430928   19785 phonology.cc:80] Phonemes l, r\ have non-distinctive features. See b/111971558.
06-23 10:49:18.431 I/native  (19785): I0000 00:00:1782229758.431453   19785 android_resource_loader.cc:100] Built resource phonology
06-23 10:49:18.431 I/native  (19785): I0000 00:00:1782229758.431538   19785 android_resource_loader.cc:116] Loaded resource:phonology
06-23 10:49:18.431 I/native  (19785): I0000 00:00:1782229758.431592   19785 data_source.cc:95] Opening data source "/data/user_de/0/com.google.android.tts/files/superpacks/en-us/en-us-x-multi-r83/en_morphology" (as: FILE) ...
06-23 10:49:18.431 I/native  (19785): I0000 00:00:1782229758.431757   19785 data_source.cc:99] ... Opened data source "/data/user_de/0/com.google.android.tts/files/superpacks/en-us/en-us-x-multi-r83/en_morphology" of size 2753822
06-23 10:49:18.452 I/native  (19785): I0000 00:00:1782229758.452450   19785 model-api.cc:46] Registered model under key morphology
06-23 10:49:18.462 I/native  (19785): I0000 00:00:1782229758.462570   19785 android_resource_loader.cc:100] Built resource analyze_morphology_saft_portable_algo
06-23 10:49:18.462 I/native  (19785): I0000 00:00:1782229758.462902   19785 android_resource_loader.cc:116] Loaded resource:analyze_morphology_saft_portable_algo
06-23 10:49:18.463 I/native  (19785): I0000 00:00:1782229758.463030   19785 data_source.cc:95] Opening data source "/data/user_de/0/com.google.android.tts/files/superpacks/en-us/en-us-x-multi-r83/ipa_to_tts_to-en_us.far" (as: FILE) ...
06-23 10:49:18.463 I/native  (19785): I0000 00:00:1782229758.463177   19785 data_source.cc:99] ... Opened data source "/data/user_de/0/com.google.android.tts/files/superpacks/en-us/en-us-x-multi-r83/ipa_to_tts_to-en_us.far" of size 465858
06-23 10:49:18.464 D/mnld    ( 1242): nmea_reader_update_time: nmea_reader_update_time: timestamp = 1782229757728, second = 1782229757000, msec = 728
06-23 10:49:18.465 W/mnld    ( 1242): nmea_reader_parse: unknown sentence 'GNVTG
06-23 10:49:18.465 D/mnld    ( 1242): nmea_reader_parse: receive PMTKAGC command, agc: 4
06-23 10:49:18.465 W/mnld    ( 1242): nmea_reader_parse: unknown sentence 'PMTKTSX1
06-23 10:49:18.465 D/mnld    ( 1242): nmea_reader_parse: et_mnl_report_mnld = 133853370, tick_in_dsp = 4753773, et_mnl_receive_tick = 133853293, et_at_dsp =0
06-23 10:49:18.466 W/mnld    ( 1242): nmea_reader_parse: unknown sentence 'PMTKMPE1
06-23 10:49:18.466 W/mnld    ( 1242): nmea_reader_parse: unknown sentence 'PMTKMPE2
06-23 10:49:18.466 W/mnld    ( 1242): nmea_reader_parse: unknown sentence 'PMTKLCPOS1
06-23 10:49:18.466 W/mnld    ( 1242): nmea_reader_parse: unknown sentence 'PMTKLCPOS2
06-23 10:49:18.466 D/mtk_lbs_utility( 1242): start_timer_check_ret: start_timer_check_ret ret=0
06-23 10:49:18.466 D/MNLD    ( 1242): mnld_gps_controller_mnl_nmea_timeout: mnld_gps_controller_mnl_nmea_timeout start_timer return: 0
06-23 10:49:18.466 D/mtk_lbs_utility( 1242): stop_timer_check_ret: stop_timer_check_ret ret=0
06-23 10:49:18.472 I/gralloc4(17946): @set_metadata: update dataspace from GM (0x00000000 -> 0x08010000)
06-23 10:49:18.473 I/native  (19785): I0000 00:00:1782229758.473646   19785 android_resource_loader.cc:100] Built resource ipa_to_tts_phoneme_mapper
06-23 10:49:18.473 I/native  (19785): I0000 00:00:1782229758.473878   19785 android_resource_loader.cc:116] Loaded resource:ipa_to_tts_phoneme_mapper
06-23 10:49:18.474 I/native  (19785): I0000 00:00:1782229758.473979   19785 data_source.cc:95] Opening data source "/data/user_de/0/com.google.android.tts/files/superpacks/en-us/en-us-x-multi-r83/en_us.hlex.bin" (as: MEMORY) ...
06-23 10:49:18.474 I/native  (19785): I0000 00:00:1782229758.474293   19785 data_source.cc:99] ... Opened data source "/data/user_de/0/com.google.android.tts/files/superpacks/en-us/en-us-x-multi-r83/en_us.hlex.bin" of size 5117760
06-23 10:49:18.481 I/gralloc4(17946): @set_metadata: update dataspace from GM (0x00000000 -> 0x08010000)
06-23 10:49:18.504 I/native  (19785): I0000 00:00:1782229758.504398   19785 android_resource_loader.cc:100] Built resource lexicon
06-23 10:49:18.504 I/native  (19785): I0000 00:00:1782229758.504592   19785 android_resource_loader.cc:116] Loaded resource:lexicon
06-23 10:49:18.504 I/native  (19785): I0000 00:00:1782229758.504733   19785 data_source.cc:95] Opening data source "/data/user_de/0/com.google.android.tts/files/superpacks/en-us/en-us-x-multi-r83/homographs_model_en_us_embedded.bin" (as: MEMORY) ...
06-23 10:49:18.505 I/native  (19785): I0000 00:00:1782229758.505115   19785 data_source.cc:99] ... Opened data source "/data/user_de/0/com.google.android.tts/files/superpacks/en-us/en-us-x-multi-r83/homographs_model_en_us_embedded.bin" of size 399120
06-23 10:49:18.506 W/HidlServiceManagement( 1263): Waited for hwservicemanager.ready for a second, waiting another...
06-23 10:49:18.506 W/libc    ( 1263): Access denied finding property "hwservicemanager.ready"
06-23 10:49:18.507 W/libc    ( 1263): Access denied finding property "hwservicemanager.ready"
06-23 10:49:18.504 W/binder:1263_2( 1263): type=1400 audit(0.0:243594): avc:  denied  { read } for  name="u:object_r:hwservicemanager_prop:s0" dev="tmpfs" ino=219 scontext=u:r:lbs_dbg_ext:s0 tcontext=u:object_r:hwservicemanager_prop:s0 tclass=file permissive=0
06-23 10:49:18.504 W/binder:1263_2( 1263): type=1400 audit(0.0:243595): avc:  denied  { read } for  name="u:object_r:hwservicemanager_prop:s0" dev="tmpfs" ino=219 scontext=u:r:lbs_dbg_ext:s0 tcontext=u:object_r:hwservicemanager_prop:s0 tclass=file permissive=0
06-23 10:49:18.510 I/gralloc4(17946): @set_metadata: update dataspace from GM (0x00000000 -> 0x08010000)
06-23 10:49:18.517 I/wurks.flockfree(17946): Explicit concurrent mark compact GC freed 10032KB AllocSpace bytes, 22(1812KB) LOS objects, 24% free, 74MB/98MB, paused 1.235ms,4.829ms total 627.077ms
06-23 10:49:18.518 I/gralloc4(17946): @set_metadata: update dataspace from GM (0x00000000 -> 0x08010000)
06-23 10:49:18.535 I/gralloc4( 2174): @set_metadata: update dataspace from GM (0x00000000 -> 0x08010000)
06-23 10:49:18.544 I/native  (19785): I0000 00:00:1782229758.544470   19785 android_resource_loader.cc:100] Built resource homograph_classifier_model_resource
